******************************************************************************
                  TI ARM Linker Unix v20.2.7                   
******************************************************************************
>> Linked Fri Jun  6 02:32:47 2025

OUTPUT FILE NAME:   <aws_save.out>
ENTRY POINT SYMBOL: "_c_int00_noargs"  address: 200100dd


MEMORY CONFIGURATION

         name            origin    length      used     unused   attr    fill
----------------------  --------  ---------  --------  --------  ----  --------
  SRAM_CODE             20004000   00013000  0000d4fe  00005b02  RW X
  SRAM_DATA             20017000   00019000  00009906  0000f6fa  RW X


SEGMENT ALLOCATION MAP

run origin  load origin   length   init length attrs members
----------  ----------- ---------- ----------- ----- -------
20004000    20004000    0000d500   0000d500    r-x
  20004000    20004000    00000400   00000400    r-- .intvecs
  20004400    20004400    0000c50a   0000c50a    r-x .text
  2001090c    2001090c    00000adc   00000adc    r-- .const
  200113e8    200113e8    00000118   00000118    r-- .cinit
20017000    20017000    00008908   00000000    rw-
  20017000    20017000    00008000   00000000    rw- .sysmem
  2001f000    2001f000    00000506   00000000    rw- .bss
  2001f508    2001f508    00000400   00000000    rw- .data
2002f000    2002f000    00001000   00000000    rw-
  2002f000    2002f000    00001000   00000000    rw- .stack


SECTION ALLOCATION MAP

 output                                  attributes/
section   page    origin      length       input sections
--------  ----  ----------  ----------   ----------------
.intvecs   0    20004000    00000400     
                  20004000    00000400     startup_ccs.obj (.intvecs)

.init_array 
*          0    20004000    00000000     UNINITIALIZED

.text      0    20004400    0000c50a     
                  20004400    00001848     main.obj (.text)
                  20005c48    00000ecc     network_utils.obj (.text)
                  20006b14    00000a80     Adafruit_GFX.obj (.text)
                  20007594    00000a4e     rtsv7M4_T_le_eabi.lib : _printfi.c.obj (.text:__TI_printfi)
                  20007fe2    00000002     driverlib.a : interrupt.obj (.text:IntDefaultHandler)
                  20007fe4    00000590     simplelink.a : driver.obj (.text:_SlDrvMsgRead)
                  20008574    000004a6     Adafruit_OLED.obj (.text)
                  20008a1a    00000002     rtsv7M4_T_le_eabi.lib : _lock.c.obj (.text:_nop)
                  20008a1c    00000398     gpio_if.obj (.text)
                  20008db4    000002a0     i2c_if.obj (.text)
                  20009054    00000280     simplelink.a : wlan.obj (.text:sl_WlanConnect)
                  200092d4    0000027c     uart_if.obj (.text)
                  20009550    00000268     rtsv7M4_T_le_eabi.lib : _printfi.c.obj (.text:_pconv_a)
                  200097b8    00000248     simplelink.a : driver.obj (.text:_SlDrvRxHdrRead)
                  20009a00    000001e4                  : driver.obj (.text:_SlDrvDataReadOp)
                  20009be4    000001d0                  : driver.obj (.text:_SlDrvReleasePoolObj)
                  20009db4    000001cc     rtsv7M4_T_le_eabi.lib : _printfi.c.obj (.text:_pconv_g)
                  20009f80    000001b6                           : fd_add_t2.asm.obj (.text)
                  2000a136    00000002                           : div0.asm.obj (.text)
                  2000a138    000001b4     simplelink.a : driver.obj (.text:_SlDrvDriverCBInit)
                  2000a2ec    0000019c                  : driver.obj (.text:_SlDrvMsgWrite)
                  2000a488    00000198     timer_if.obj (.text)
                  2000a620    00000190     simplelink.a : driver.obj (.text:_SlDrvWaitForPoolObj)
                  2000a7b0    0000018c                  : socket.obj (.text:sl_Connect)
                  2000a93c    00000178     driverlib.a : prcm.obj (.text:PRCMCC3200MCUInit)
                  2000aab4    00000170     simplelink.a : driver.obj (.text:_SlFindAndSetActiveObj)
                  2000ac24    00000150                  : driver.obj (.text:_SlDrvDataWriteOp)
                  2000ad74    00000148                  : cc_pal.obj (.text:spi_Open)
                  2000aebc    00000144                  : driver.obj (.text:_SlDrvMsgReadCmdCtx)
                  2000b000    00000144                  : netapp.obj (.text:sl_NetAppDnsGetHostByName)
                  2000b144    00000140     pin_mux_config.obj (.text)
                  2000b284    0000013c     rtsv7M4_T_le_eabi.lib : _printfi.c.obj (.text:_pconv_e)
                  2000b3c0    00000136                           : fd_div_t2.asm.obj (.text)
                  2000b4f6    00000002     --HOLE-- [fill = 0]
                  2000b4f8    00000134     simplelink.a : socket.obj (.text:sl_Send)
                  2000b62c    00000130                  : driver.obj (.text:_SlDrvDriverCBDeinit)
                  2000b75c    00000120     rtsv7M4_T_le_eabi.lib : _printfi.c.obj (.text:fcvt)
                  2000b87c    00000114                           : fputs.c.obj (.text:fputs)
                  2000b990    00000104     simplelink.a : netapp.obj (.text:_SlDrvNetAppEventHandler)
                  2000ba94    00000100     rtsv7M4_T_le_eabi.lib : memory.c.obj (.text:aligned_alloc)
                  2000bb94    000000fc                           : fd_mul_t2.asm.obj (.text)
                  2000bc90    000000f0     simplelink.a : device.obj (.text:sl_Stop)
                  2000bd80    000000f0                  : cc_pal.obj (.text:spi_Read)
                  2000be70    000000f0     driverlib.a : udma.obj (.text:uDMAChannelTransferSet)
                  2000bf60    000000ec     simplelink.a : device.obj (.text:sl_Start)
                  2000c04c    000000e8                  : driver.obj (.text:_SlAsyncEventGenericHandler)
                  2000c134    000000e8                  : driver.obj (.text:_SlDrvMsgReadSpawnCtx)
                  2000c21c    000000e4     rtsv7M4_T_le_eabi.lib : memory.c.obj (.text:free)
                  2000c300    000000e4                           : memory.c.obj (.text:realloc)
                  2000c3e4    000000e4     simplelink.a : netapp.obj (.text:sl_NetAppMDNSRegisterUnregisterService)
                  2000c4c8    000000dc                  : driver.obj (.text:_SlDrvClassifyRxMsg)
                  2000c5a4    000000dc     rtsv7M4_T_le_eabi.lib : setvbuf.c.obj (.text:setvbuf)
                  2000c680    000000d0     driverlib.a : spi.obj (.text:SPITransfer32)
                  2000c750    000000d0     rtsv7M4_T_le_eabi.lib : s_scalbn.c.obj (.text:scalbn)
                  2000c820    000000ce     driverlib.a : spi.obj (.text:SPITransfer16)
                  2000c8ee    00000002     --HOLE-- [fill = 0]
                  2000c8f0    000000cc     simplelink.a : netapp.obj (.text:_sl_HandleAsync_DnsGetHostByService)
                  2000c9bc    000000cc                  : device.obj (.text:sl_DevGet)
                  2000ca88    000000c4                  : driver.obj (.text:_SlRemoveFromList)
                  2000cb4c    000000c0                  : driver.obj (.text:_SlDrvCmdOp)
                  2000cc0c    000000b8     driverlib.a : spi.obj (.text:SPITransfer8)
                  2000ccc4    000000b1     rtsv7M4_T_le_eabi.lib : _printfi.c.obj (.text:_ltostr)
                  2000cd75    00000003     --HOLE-- [fill = 0]
                  2000cd78    000000b0     simplelink.a : nonos.obj (.text:_SlNonOsSemGet)
                  2000ce28    000000a8     driverlib.a : interrupt.obj (.text:IntDisable)
                  2000ced0    000000a8                 : interrupt.obj (.text:IntEnable)
                  2000cf78    000000a4     simplelink.a : driver.obj (.text:_SlDriverHandleError)
                  2000d01c    000000a0     driverlib.a : spi.obj (.text:SPIConfigSetExpClk)
                  2000d0bc    000000a0     simplelink.a : socket.obj (.text:sl_Recv)
                  2000d15c    0000009c     rtsv7M4_T_le_eabi.lib : memcpy_t2.asm.obj (.text)
                  2000d1f8    0000009a     simplelink.a : device.obj (.text:_SlDrvDeviceEventHandler)
                  2000d292    00000002     --HOLE-- [fill = 0]
                  2000d294    00000098                  : device.obj (.text:sl_DevSet)
                  2000d32c    00000098                  : netcfg.obj (.text:sl_NetCfgSet)
                  2000d3c4    00000098                  : socket.obj (.text:sl_SetSockOpt)
                  2000d45c    00000098                  : wlan.obj (.text:sl_WlanSet)
                  2000d4f4    00000098                  : cc_pal.obj (.text:spi_Write)
                  2000d58c    00000096     rtsv7M4_T_le_eabi.lib : ull_div_t2.asm.obj (.text)
                  2000d622    00000002     --HOLE-- [fill = 0]
                  2000d624    00000094     driverlib.a : prcm.obj (.text:PRCMPeripheralClockGet)
                  2000d6b8    00000090     simplelink.a : netapp.obj (.text:_sl_HandleAsync_DnsGetHostByName)
                  2000d748    00000090                  : netapp.obj (.text:_sl_HandleAsync_PingResponse)
                  2000d7d8    00000090                  : wlan.obj (.text:sl_WlanPolicySet)
                  2000d868    0000008c                  : cc_pal.obj (.text:SetupDMAReceive)
                  2000d8f4    0000008c                  : cc_pal.obj (.text:SetupDMASend)
                  2000d980    0000008c                  : driver.obj (.text:_SlDrvIsTimeoutExpired)
                  2000da0c    0000008c                  : device.obj (.text:_sl_HandleAsync_InitComplete)
                  2000da98    0000008c     rtsv7M4_T_le_eabi.lib : fputc.c.obj (.text:fputc)
                  2000db24    0000008c     simplelink.a : socket.obj (.text:sl_Socket)
                  2000dbb0    00000088     driverlib.a : pin.obj (.text:PinConfigSet)
                  2000dc38    00000088                 : spi.obj (.text:SPITransfer)
                  2000dcc0    00000086     rtsv7M4_T_le_eabi.lib : fd_cmp_t2.asm.obj (.text:__aeabi_cdcmple)
                  2000dd46    00000086                           : fd_cmp_t2.asm.obj (.text:__aeabi_cdrcmple)
                  2000ddcc    00000084     driverlib.a : i2c.obj (.text:I2CMasterInitExpClk)
                  2000de50    00000084     simplelink.a : wlan.obj (.text:sl_WlanRxFilterSet)
                  2000ded4    00000082     driverlib.a : gpio.obj (.text:GPIOIntTypeSet)
                  2000df56    00000002     --HOLE-- [fill = 0]
                  2000df58    00000080     simplelink.a : socket.obj (.text:_sl_HandleAsync_Connect)
                  2000dfd8    00000080                  : cc_pal.obj (.text:spi_Read_CPU)
                  2000e058    00000080                  : cc_pal.obj (.text:spi_Write_CPU)
                  2000e0d8    0000007c     driverlib.a : spi.obj (.text:SPIIntStatus)
                  2000e154    0000007a     rtsv7M4_T_le_eabi.lib : memset_t2.asm.obj (.text)
                  2000e1ce    00000002     --HOLE-- [fill = 0]
                  2000e1d0    00000078     simplelink.a : cc_pal.obj (.text:spi_Close)
                  2000e248    00000076     driverlib.a : uart.obj (.text:UARTConfigSetExpClk)
                  2000e2be    00000002     --HOLE-- [fill = 0]
                  2000e2c0    00000074     simplelink.a : nonos.obj (.text:_SlNonOsMainLoopTask)
                  2000e334    00000074     rtsv7M4_T_le_eabi.lib : fclose.c.obj (.text:__TI_closefile)
                  2000e3a8    00000070     driverlib.a : timer.obj (.text:TimerIntRegister)
                  2000e418    00000070     rtsv7M4_T_le_eabi.lib : memory.c.obj (.text:split)
                  2000e488    0000006e                           : _printfi.c.obj (.text:_mcpy)
                  2000e4f6    00000002     --HOLE-- [fill = 0]
                  2000e4f8    0000006c                           : hostrename.c.obj (.text:HOSTrename)
                  2000e564    0000006c     simplelink.a : driver.obj (.text:_SlDrvCmdSend)
                  2000e5d0    0000006c                  : netapp.obj (.text:_sl_NetAppSendTokenValue)
                  2000e63c    00000068     rtsv7M4_T_le_eabi.lib : hostlseek.c.obj (.text:HOSTlseek)
                  2000e6a4    00000068     driverlib.a : timer.obj (.text:TimerIntUnregister)
                  2000e70c    00000068     rtsv7M4_T_le_eabi.lib : copy_decompress_lzss.c.obj (.text:decompress:lzss:__TI_decompress_lzss)
                  2000e774    00000068                           : printf.c.obj (.text:printf)
                  2000e7dc    00000064     simplelink.a : nonos.obj (.text:_SlNonOsSpawn)
                  2000e840    00000064                  : socket.obj (.text:_sl_HandleAsync_Accept)
                  2000e8a4    00000064     rtsv7M4_T_le_eabi.lib : fseek.c.obj (.text:fseek)
                  2000e908    00000064     simplelink.a : netapp.obj (.text:sl_NetAppMDNSUnRegisterService)
                  2000e96c    00000064     driverlib.a : udma.obj (.text:uDMAChannelAttributeDisable)
                  2000e9d0    00000064                 : udma.obj (.text:uDMAChannelAttributeEnable)
                  2000ea34    00000062     rtsv7M4_T_le_eabi.lib : _io_perm.c.obj (.text:__TI_wrt_ok)
                  2000ea96    00000002     --HOLE-- [fill = 0]
                  2000ea98    00000060                           : hostopen.c.obj (.text:HOSTopen)
                  2000eaf8    00000060     simplelink.a : socket.obj (.text:sl_Close)
                  2000eb58    00000060                  : wlan.obj (.text:sl_WlanProfileDel)
                  2000ebb8    00000060                  : wlan.obj (.text:sl_WlanSetMode)
                  2000ec18    0000005c     rtsv7M4_T_le_eabi.lib : close.c.obj (.text:close)
                  2000ec74    0000005c                           : s_frexp.c.obj (.text:frexp)
                  2000ecd0    00000058                           : hostread.c.obj (.text:HOSTread)
                  2000ed28    00000058                           : hostwrite.c.obj (.text:HOSTwrite)
                  2000ed80    00000058     driverlib.a : interrupt.obj (.text:IntPendClear)
                  2000edd8    00000058                 : prcm.obj (.text:PRCMPeripheralReset)
                  2000ee30    00000056     rtsv7M4_T_le_eabi.lib : _printfi.c.obj (.text:_pconv_f)
                  2000ee86    00000002     --HOLE-- [fill = 0]
                  2000ee88    00000054     driverlib.a : interrupt.obj (.text:IntPrioritySet)
                  2000eedc    00000054     simplelink.a : driver.obj (.text:_SlDrvRxIrqHandler)
                  2000ef30    00000054     rtsv7M4_T_le_eabi.lib : _ltoa.c.obj (.text:__TI_ltoa)
                  2000ef84    00000054     simplelink.a : socket.obj (.text:_sl_HandleAsync_Select)
                  2000efd8    00000052     rtsv7M4_T_le_eabi.lib : _printfi.c.obj (.text:_ecpy)
                  2000f02a    00000002     --HOLE-- [fill = 0]
                  2000f02c    00000050     simplelink.a : device.obj (.text:_sl_HandleAsync_Stop)
                  2000f07c    0000004c     driverlib.a : spi.obj (.text:SPIIntEnable)
                  2000f0c8    0000004c                 : spi.obj (.text:SPIIntNumberGet)
                  2000f114    0000004c     simplelink.a : driver.obj (.text:_SlDrvProtectAsyncRespSetting)
                  2000f160    0000004c     rtsv7M4_T_le_eabi.lib : fflush.c.obj (.text:__TI_doflush)
                  2000f1ac    0000004c     simplelink.a : socket.obj (.text:_sl_BuildAddress)
                  2000f1f8    0000004c     rtsv7M4_T_le_eabi.lib : atoi.c.obj (.text:atoi)
                  2000f244    0000004c                           : snprintf.c.obj (.text:snprintf)
                  2000f290    0000004c     driverlib.a : udma.obj (.text:uDMAChannelAssign)
                  2000f2dc    00000048                 : gpio.obj (.text:GPIOGetIntNumber)
                  2000f324    00000048                 : spi.obj (.text:SPIIntClear)
                  2000f36c    00000048     simplelink.a : driver.obj (.text:_SlDrvBasicCmd)
                  2000f3b4    00000048     rtsv7M4_T_le_eabi.lib : exit.c.obj (.text:exit)
                  2000f3fc    00000048                           : fd_toi_t2.asm.obj (.text)
                  2000f444    00000044                           : hostclose.c.obj (.text:HOSTclose)
                  2000f488    00000044                           : hostunlink.c.obj (.text:HOSTunlink)
                  2000f4cc    00000044     driverlib.a : spi.obj (.text:SPIDmaMaskGet)
                  2000f510    00000044                 : timer.obj (.text:TimerConfigure)
                  2000f554    00000044                 : uart.obj (.text:UARTIntNumberGet)
                  2000f598    00000044     simplelink.a : driver.obj (.text:_SlDrvHandleHttpServerEvents)
                  2000f5dc    00000044                  : driver.obj (.text:_SlDrvSyncObjWaitTimeout)
                  2000f620    00000044     rtsv7M4_T_le_eabi.lib : autoinit.c.obj (.text:__TI_auto_init_nobinit_nopinit:__TI_auto_init_nobinit_nopinit)
                  2000f664    00000044     simplelink.a : cc_pal.obj (.text:cc_SetupTransfer)
                  2000f6a8    00000044     rtsv7M4_T_le_eabi.lib : getdevice.c.obj (.text:getdevice)
                  2000f6ec    00000042     simplelink.a : socket.obj (.text:sl_Htonl)
                  2000f72e    00000002     --HOLE-- [fill = 0]
                  2000f730    00000040     driverlib.a : pin.obj (.text:PinModeSet)
                  2000f770    00000040     simplelink.a : driver.obj (.text:_SlDrvHandleNetAppEvents)
                  2000f7b0    00000040                  : driver.obj (.text:_SlDrvHandleWlanEvents)
                  2000f7f0    00000040                  : socket.obj (.text:_sl_TruncatePayloadByProtocol)
                  2000f830    00000040     rtsv7M4_T_le_eabi.lib : sprintf.c.obj (.text:sprintf)
                  2000f870    00000040                           : vsnprintf.c.obj (.text:vsnprintf)
                  2000f8b0    0000003e     simplelink.a : cc_pal.obj (.text:NwpRegisterInterruptHandler)
                  2000f8ee    0000003e     rtsv7M4_T_le_eabi.lib : _printfi.c.obj (.text:_fcpy)
                  2000f92c    0000003c     simplelink.a : netapp.obj (.text:CopyPingResultsToReport)
                  2000f968    0000003c     driverlib.a : prcm.obj (.text:PRCMPeripheralClkEnable)
                  2000f9a4    0000003c     simplelink.a : cc_pal.obj (.text:simplelink_timerA2_start)
                  2000f9e0    0000003c                  : socket.obj (.text:sl_Htons)
                  2000fa1c    0000003c     driverlib.a : udma.obj (.text:uDMAChannelControlSet)
                  2000fa58    00000038     simplelink.a : cc_pal.obj (.text:NwpPowerOff)
                  2000fa90    00000038     rtsv7M4_T_le_eabi.lib : trgmsg.c.obj (.text:__TI_writemsg)
                  2000fac8    00000038     simplelink.a : wlan.obj (.text:sl_WlanDisconnect)
                  2000fb00    00000036     driverlib.a : gpio.obj (.text:GPIODirModeSet)
                  2000fb36    00000036     rtsv7M4_T_le_eabi.lib : strncpy.c.obj (.text:strncpy)
                  2000fb6c    00000034     driverlib.a : prcm.obj (.text:PRCMPeripheralStatusGet)
                  2000fba0    00000034                 : spi.obj (.text:SPIFIFOLevelSet)
                  2000fbd4    00000034     rtsv7M4_T_le_eabi.lib : fopen.c.obj (.text:__TI_cleanup)
                  2000fc08    00000034                           : trgmsg.c.obj (.text:__TI_readmsg)
                  2000fc3c    00000030     driverlib.a : pin.obj (.text:PinTypeGPIO)
                  2000fc6c    00000030                 : uart.obj (.text:UARTDisable)
                  2000fc9c    00000030     rtsv7M4_T_le_eabi.lib : snprintf.c.obj (.text:_outs)
                  2000fccc    00000030                           : vsnprintf.c.obj (.text:_outs)
                  2000fcfc    00000030                           : getdevice.c.obj (.text:finddevice)
                  2000fd2c    0000002e                           : i_tofd_t2.asm.obj (.text)
                  2000fd5a    0000002c     driverlib.a : i2c.obj (.text:I2CMasterErr)
                  2000fd86    00000002     --HOLE-- [fill = 0]
                  2000fd88    0000002c     simplelink.a : cc_pal.obj (.text:NwpPowerOn)
                  2000fdb4    0000002c     driverlib.a : prcm.obj (.text:PRCMSysResetCauseGet)
                  2000fde0    0000002c     simplelink.a : driver.obj (.text:_SlDrvObjGlobalLockWaitForever)
                  2000fe0c    0000002c                  : driver.obj (.text:_SlDrvProtectionObjLockWaitForever)
                  2000fe38    0000002c     rtsv7M4_T_le_eabi.lib : unlink.c.obj (.text:unlink)
                  2000fe64    0000002a     driverlib.a : spi.obj (.text:SPIDataGetNonBlocking)
                  2000fe8e    0000002a                 : timer.obj (.text:TimerLoadSet)
                  2000feb8    0000002a                 : timer.obj (.text:TimerPrescaleSet)
                  2000fee2    00000002     --HOLE-- [fill = 0]
                  2000fee4    00000028                 : prcm.obj (.text:PRCMPeripheralClkDisable)
                  2000ff0c    00000028     simplelink.a : driver.obj (.text:_SlDrvGlobalObjUnLock)
                  2000ff34    00000028                  : driver.obj (.text:_SlDrvProtectionObjUnLock)
                  2000ff5c    00000028                  : driver.obj (.text:_SlDrvSyncObjWaitForever)
                  2000ff84    00000028     rtsv7M4_T_le_eabi.lib : memory.c.obj (.text:free_list_insert)
                  2000ffac    00000028                           : lseek.c.obj (.text:lseek)
                  2000ffd4    00000028                           : memmov.c.obj (.text:memmove)
                  2000fffc    00000028                           : write.c.obj (.text:write)
                  20010024    00000026     simplelink.a : driver.obj (.text:_SlDrvObjLockWaitForever)
                  2001004a    00000026     network_common.obj (.text)
                  20010070    00000024     simplelink.a : cc_pal.obj (.text:DmaSpiSwIntHandler)
                  20010094    00000024     driverlib.a : interrupt.obj (.text:IntUnregister)
                  200100b8    00000024                 : uart.obj (.text:UARTEnable)
                  200100dc    00000024     rtsv7M4_T_le_eabi.lib : boot_cortex_m.c.obj (.text:_c_int00_noargs:_c_int00_noargs)
                  20010100    00000022     driverlib.a : i2c.obj (.text:I2CMasterSlaveAddrSet)
                  20010122    00000022                 : spi.obj (.text:SPIReset)
                  20010144    00000022                 : spi.obj (.text:SPIWordCountSet)
                  20010166    00000020                 : gpio.obj (.text:GPIOPinWrite)
                  20010186    00000002     --HOLE-- [fill = 0]
                  20010188    00000020                 : interrupt.obj (.text:IntRegister)
                  200101a8    00000020     simplelink.a : cc_pal.obj (.text:NwpPrePowerOffTimout0)
                  200101c8    00000020     driverlib.a : spi.obj (.text:SPIDataGet)
                  200101e8    00000020     simplelink.a : cc_pal.obj (.text:TimerGetCurrentTimestamp)
                  20010208    00000020                  : driver.obj (.text:_SlDrvObjUnLock)
                  20010228    00000020                  : driver.obj (.text:_SlDrvSyncObjSignal)
                  20010248    00000020     rtsv7M4_T_le_eabi.lib : memchr.c.obj (.text:memchr)
                  20010268    0000001e     driverlib.a : gpio.obj (.text:GPIOIntRegister)
                  20010286    0000001e                 : i2c.obj (.text:I2CMasterIntStatusEx)
                  200102a4    0000001e                 : spi.obj (.text:SPIDataPut)
                  200102c2    0000001e                 : spi.obj (.text:SPIIntRegister)
                  200102e0    0000001e                 : timer.obj (.text:TimerDisable)
                  200102fe    0000001e                 : timer.obj (.text:TimerEnable)
                  2001031c    0000001e                 : timer.obj (.text:TimerIntStatus)
                  2001033a    0000001e                 : uart.obj (.text:UARTCharPut)
                  20010358    0000001e                 : uart.obj (.text:UARTIntRegister)
                  20010376    0000001e                 : uart.obj (.text:UARTIntStatus)
                  20010394    0000001e     simplelink.a : cc_pal.obj (.text:cc_UDMAChannelSelect)
                  200103b2    0000001e     rtsv7M4_T_le_eabi.lib : strcat.c.obj (.text:strcat)
                  200103d0    0000001c     driverlib.a : pin.obj (.text:PinTypeI2C)
                  200103ec    0000001c                 : timer.obj (.text:TimerValueGet)
                  20010408    0000001c                 : uart.obj (.text:UARTCharGetNonBlocking)
                  20010424    0000001c     simplelink.a : driver.obj (.text:_SlDrvStartMeasureTimeout)
                  20010440    0000001c     rtsv7M4_T_le_eabi.lib : memory.c.obj (.text:free_list_remove)
                  2001045c    0000001c                           : memccpy.c.obj (.text:memccpy)
                  20010478    0000001c     driverlib.a : udma.obj (.text:uDMAChannelEnable)
                  20010494    0000001a                 : gpio.obj (.text:GPIOIntEnable)
                  200104ae    0000001a                 : pin.obj (.text:PinTypeSPI)
                  200104c8    0000001a                 : pin.obj (.text:PinTypeUART)
                  200104e2    0000001a                 : spi.obj (.text:SPIDmaDisable)
                  200104fc    0000001a                 : spi.obj (.text:SPIDmaEnable)
                  20010516    0000001a                 : spi.obj (.text:SPIFIFODisable)
                  20010530    0000001a                 : spi.obj (.text:SPIFIFOEnable)
                  2001054a    0000001a                 : spi.obj (.text:SPIIntUnregister)
                  20010564    00000018                 : gpio.obj (.text:GPIOPinRead)
                  2001057c    00000018                 : i2c.obj (.text:I2CMasterIntEnableEx)
                  20010594    00000018                 : spi.obj (.text:SPICSDisable)
                  200105ac    00000018                 : spi.obj (.text:SPICSEnable)
                  200105c4    00000018                 : spi.obj (.text:SPIDisable)
                  200105dc    00000018                 : spi.obj (.text:SPIEnable)
                  200105f4    00000018                 : timer.obj (.text:TimerIntDisable)
                  2001060c    00000018                 : timer.obj (.text:TimerIntEnable)
                  20010624    00000018                 : uart.obj (.text:UARTCharsAvail)
                  2001063c    00000018                 : uart.obj (.text:UARTFIFOLevelSet)
                  20010654    00000018                 : uart.obj (.text:UARTIntEnable)
                  2001066c    00000018     simplelink.a : nonos.obj (.text:_SlNonOsSemSet)
                  20010684    00000018     rtsv7M4_T_le_eabi.lib : snprintf.c.obj (.text:_outc)
                  2001069c    00000018                           : vsnprintf.c.obj (.text:_outc)
                  200106b4    00000018                           : sprintf.c.obj (.text:_outs)
                  200106cc    00000018     simplelink.a : device.obj (.text:_sl_GetStartResponseConvert)
                  200106e4    00000018     rtsv7M4_T_le_eabi.lib : strcmp.c.obj (.text:strcmp)
                  200106fc    00000016     driverlib.a : i2c.obj (.text:I2CMasterDataPut)
                  20010712    00000016                 : i2c.obj (.text:I2CMasterEnable)
                  20010728    00000016                 : i2c.obj (.text:I2CMasterIntClear)
                  2001073e    00000016                 : prcm.obj (.text:PRCMHIBRegRead)
                  20010754    00000016                 : prcm.obj (.text:PRCMHIBRegWrite)
                  2001076a    00000016     simplelink.a : driver.obj (.text:_SlDrvMemZero)
                  20010780    00000016     rtsv7M4_T_le_eabi.lib : strchr.c.obj (.text:strchr)
                  20010796    00000014     driverlib.a : cpu.obj (.text:CPUcpsie)
                  200107aa    00000014                 : gpio.obj (.text:GPIOIntClear)
                  200107be    00000002     --HOLE-- [fill = 0]
                  200107c0    00000014                 : interrupt.obj (.text:IntVTableBaseSet)
                  200107d4    00000014     rtsv7M4_T_le_eabi.lib : strcpy.c.obj (.text:strcpy)
                  200107e8    00000014                           : strlen.c.obj (.text:strlen)
                  200107fc    00000012     driverlib.a : i2c.obj (.text:I2CMasterControl)
                  2001080e    00000012                 : i2c.obj (.text:I2CMasterTimeoutSet)
                  20010820    00000012                 : timer.obj (.text:TimerIntClear)
                  20010832    00000012                 : uart.obj (.text:UARTIntClear)
                  20010844    00000012     rtsv7M4_T_le_eabi.lib : wcslen.c.obj (.text:wcslen)
                  20010856    00000010     simplelink.a : driver.obj (.text:_SlDrvDispatchHttpServerEvents)
                  20010866    0000000e     driverlib.a : i2c.obj (.text:I2CMasterDataGet)
                  20010874    0000000e     simplelink.a : driver.obj (.text:_SlDrvResetCmdExt)
                  20010882    0000000e     rtsv7M4_T_le_eabi.lib : copy_decompress_none.c.obj (.text:decompress:none:__TI_decompress_none)
                  20010890    0000000e     startup_ccs.obj (.text)
                  2001089e    00000002     --HOLE-- [fill = 0]
                  200108a0    0000000c     simplelink.a : cc_pal.obj (.text:NwpMaskInterrupt)
                  200108ac    0000000c                  : cc_pal.obj (.text:NwpUnMaskInterrupt)
                  200108b8    0000000c     rtsv7M4_T_le_eabi.lib : s_copysign.c.obj (.text:copysign)
                  200108c4    0000000c                           : copy_zero_init.c.obj (.text:decompress:ZI:__TI_zero_init)
                  200108d0    0000000a     driverlib.a : interrupt.obj (.text:IntMasterEnable)
                  200108da    0000000a     rtsv7M4_T_le_eabi.lib : sprintf.c.obj (.text:_outc)
                  200108e4    00000008                           : errno.c.obj (.text:__aeabi_errno_addr)
                  200108ec    00000008                           : memory.c.obj (.text:malloc)
                  200108f4    00000006     driverlib.a : utils.obj (.text:UtilsDelay)
                  200108fa    00000004     rtsv7M4_T_le_eabi.lib : printf.c.obj (.text:_outc)
                  200108fe    00000004                           : printf.c.obj (.text:_outs)
                  20010902    00000004                           : pre_init.c.obj (.text:_system_pre_init)
                  20010906    00000004                           : exit.c.obj (.text:abort:abort)

.const     0    2001090c    00000adc     
                  2001090c    000004fb     Adafruit_GFX.obj (.const:.string:font)
                  20010e07    00000101     rtsv7M4_T_le_eabi.lib : ctype.c.obj (.const:.string:_ctypes_)
                  20010f08    00000100     driverlib.a : pin.obj (.const:g_ulPinToPadMap)
                  20011008    000000d4                 : interrupt.obj (.const:g_pulRegs)
                  200110dc    000000a8                 : prcm.obj (.const:PRCM_PeriphRegsList)
                  20011184    0000003c     simplelink.a : driver.obj (.const:OpcodeTranslateTable)
                  200111c0    00000038                  : driver.obj (.const:_SlActionLookupTable)
                  200111f8    0000002c     network_utils.obj (.const:$P$T1$2)
                  20011224    00000024     driverlib.a : spi.obj (.const:g_ppulSPIIntMap)
                  20011248    00000022     network_utils.obj (.const:.string:$P$T0$1)
                  2001126a    00000002     --HOLE-- [fill = 0]
                  2001126c    00000020     simplelink.a : driver.obj (.const:RxMsgClassLUT)
                  2001128c    00000018     driverlib.a : interrupt.obj (.const:g_pulDisRegs)
                  200112a4    00000018                 : interrupt.obj (.const:g_pulEnRegs)
                  200112bc    00000018                 : interrupt.obj (.const:g_pulUnpendRegs)
                  200112d4    00000018                 : spi.obj (.const:g_ulSPIDmaMaskMap)
                  200112ec    00000014     simplelink.a : driver.obj (.const:$P$T0$1)
                  20011300    00000014                  : nonos.obj (.const:$P$T0$1)
                  20011314    00000014     network_utils.obj (.const:$P$T2$3)
                  20011328    00000010     simplelink.a : socket.obj (.const:.string:_SlPayloadByProtocolLUT)
                  20011338    00000010     driverlib.a : uart.obj (.const:g_ppulUARTIntMap)
                  20011348    0000000c     network_utils.obj (.const:$P$T4$5)
                  20011354    0000000c     network_utils.obj (.const:.string:$P$T3$4)
                  20011360    0000000a     main.obj (.const:.string)
                  2001136a    00000009     main.obj (.const:.string:$P$T0$1)
                  20011373    00000008     simplelink.a : device.obj (.const:StartResponseLUT)
                  2001137b    00000001     --HOLE-- [fill = 0]
                  2001137c    00000008                  : driver.obj (.const:g_H2NCnysPattern)
                  20011384    00000008                  : driver.obj (.const:g_H2NSyncPattern)
                  2001138c    00000005     main.obj (.const:.string:$P$T1$2)
                  20011391    00000001     --HOLE-- [fill = 0]
                  20011392    00000004     simplelink.a : wlan.obj (.const:$P$T0$1)
                  20011396    00000004                  : socket.obj (.const:$P$T2$3)
                  2001139a    00000004                  : device.obj (.const:_SlDeviceGetCmdCtrl)
                  2001139e    00000004                  : device.obj (.const:_SlDeviceSetCmdCtrl)
                  200113a2    00000004                  : netapp.obj (.const:_SlGetHostByNameCtrl)
                  200113a6    00000004                  : netapp.obj (.const:_SlNetAppSendTokenValueCmdCtrl)
                  200113aa    00000004                  : netcfg.obj (.const:_SlNetCfgSetCmdCtrl)
                  200113ae    00000004                  : wlan.obj (.const:_SlPolicySetCmdCtrl)
                  200113b2    00000004                  : wlan.obj (.const:_SlProfileDelCmdCtrl)
                  200113b6    00000004                  : socket.obj (.const:_SlRecvCmdCtrl)
                  200113ba    00000004                  : netapp.obj (.const:_SlRegisterServiceCtrl)
                  200113be    00000004                  : wlan.obj (.const:_SlRxFilterSetCmdCtrl)
                  200113c2    00000004                  : socket.obj (.const:_SlSendCmdCtrl)
                  200113c6    00000004                  : socket.obj (.const:_SlSetSockOptCmdCtrl)
                  200113ca    00000004                  : socket.obj (.const:_SlSockCloseCmdCtrl)
                  200113ce    00000004                  : socket.obj (.const:_SlSockSocketCmdCtrl)
                  200113d2    00000004                  : device.obj (.const:_SlStopCmdCtrl)
                  200113d6    00000004                  : wlan.obj (.const:_SlWlanCfgSetCmdCtrl)
                  200113da    00000004                  : wlan.obj (.const:_SlWlanSetModeCmdCtrl)
                  200113de    00000002     --HOLE-- [fill = 0]
                  200113e0    00000004                  : driver.obj (.const:httpServer_callbacks)
                  200113e4    00000004                  : driver.obj (.const:netApp_callbacks)

.cinit     0    200113e8    00000118     
                  200113e8    000000f4     (.cinit..data.load) [load image, compression = lzss]
                  200114dc    0000000c     (__TI_handler_table)
                  200114e8    00000008     (.cinit..bss.load) [load image, compression = zero_init]
                  200114f0    00000010     (__TI_cinit_table)

.sysmem    0    20017000    00008000     UNINITIALIZED
                  20017000    00000010     rtsv7M4_T_le_eabi.lib : memory.c.obj (.sysmem)
                  20017010    00007ff0     --HOLE--

.bss       0    2001f000    00000506     UNINITIALIZED
                  2001f000    00000168     simplelink.a : driver.obj (.bss:g_StatMem)
                  2001f168    00000120     rtsv7M4_T_le_eabi.lib : trgmsg.c.obj (.bss:_CIOBUF_)
                  2001f288    000000a0     (.common:__TI_tmpnams)
                  2001f328    00000064     main.obj (.bss:g_ucRxBuff)
                  2001f38c    00000064     main.obj (.bss:g_ucTxBuff)
                  2001f3f0    00000050     (.common:g_ucDinDout)
                  2001f440    00000040     (.common:receiverBuffer)
                  2001f480    0000002c     (.common:g_time)
                  2001f4ac    00000024     (.common:g_ucConnectionSSID)
                  2001f4d0    0000000c     main.obj (.bss)
                  2001f4dc    00000008     (.common:g_app_config)
                  2001f4e4    00000008     (.common:g_ucConnectionBSSID)
                  2001f4ec    00000008     (.common:parmbuf)
                  2001f4f4    00000004     uart_if.obj (.bss)
                  2001f4f8    00000004     (.common:g_Host)
                  2001f4fc    00000004     (.common:g_port)
                  2001f500    00000001     (.common:RxIrqCnt)
                  2001f501    00000001     (.common:g_bDeviceRestartIsRequired)
                  2001f502    00000001     (.common:g_cDummy)
                  2001f503    00000001     (.common:g_ucLED1Pin)
                  2001f504    00000001     (.common:g_ucLED2Pin)
                  2001f505    00000001     (.common:g_ucLED3Pin)

.data      0    2001f508    00000400     UNINITIALIZED
                  2001f508    000000f0     rtsv7M4_T_le_eabi.lib : defs.c.obj (.data:_ftable)
                  2001f5f8    000000b4     main.obj (.data)
                  2001f6ac    00000080     main.obj (.data:creatures)
                  2001f72c    00000078     rtsv7M4_T_le_eabi.lib : host_device.c.obj (.data:_device)
                  2001f7a4    00000050                           : host_device.c.obj (.data:_stream)
                  2001f7f4    00000041     main.obj (.data:global_buf_copy)
                  2001f835    00000003     --HOLE--
                  2001f838    0000003c     simplelink.a : nonos.obj (.data:g__SlNonOsCB)
                  2001f874    00000015     Adafruit_GFX.obj (.data)
                  2001f889    00000003     --HOLE--
                  2001f88c    00000014     gpio_if.obj (.data:ulReg)
                  2001f8a0    00000010     rtsv7M4_T_le_eabi.lib : defs.c.obj (.data)
                  2001f8b0    0000000d     simplelink.a : driver.obj (.data)
                  2001f8bd    00000003     --HOLE--
                  2001f8c0    0000000c     rtsv7M4_T_le_eabi.lib : exit.c.obj (.data:$O1$$)
                  2001f8cc    0000000c     gpio_if.obj (.data)
                  2001f8d8    0000000c     network_utils.obj (.data)
                  2001f8e4    00000009     simplelink.a : cc_pal.obj (.data)
                  2001f8ed    00000003     --HOLE--
                  2001f8f0    00000008     rtsv7M4_T_le_eabi.lib : _lock.c.obj (.data:$O1$$)
                  2001f8f8    00000008                           : memory.c.obj (.data:$O1$$)
                  2001f900    00000004                           : errno.c.obj (.data)
                  2001f904    00000004     simplelink.a : driver.obj (.data:wlan_callbacks)

.stack     0    2002f000    00001000     UNINITIALIZED
                  2002f000    00000004     rtsv7M4_T_le_eabi.lib : boot_cortex_m.c.obj (.stack)
                  2002f004    00000ffc     --HOLE--

__llvm_prf_cnts 
*          0    20017000    00000000     UNINITIALIZED

MODULE SUMMARY

       Module                       code    ro data   rw data
       ------                       ----    -------   -------
    ./
       main.obj                     6216    24        649    
       Adafruit_GFX.obj             2688    1275      21     
       Adafruit_OLED.obj            1190    0         0      
       startup_ccs.obj              14      1024      0      
       gpio_if.obj                  920     0         35     
       i2c_if.obj                   672     0         0      
       uart_if.obj                  636     0         4      
       timer_if.obj                 408     0         0      
       pin_mux_config.obj           320     0         0      
       network_common.obj           38      0         0      
    +--+----------------------------+-------+---------+---------+
       Total:                       13102   2323      709    
                                                             
    ./utils/
       network_utils.obj            3788    122       116    
    +--+----------------------------+-------+---------+---------+
       Total:                       3788    122       116    
                                                             
    /Applications/TI/ccs/tools/compiler/ti-cgt-arm_20.2.7.LTS/lib/rtsv7M4_T_le_eabi.lib
       _printfi.c.obj               4835    0         0      
       memory.c.obj                 900     0         8      
       fd_add_t2.asm.obj            438     0         0      
       defs.c.obj                   0       0         416    
       trgmsg.c.obj                 108     0         288    
       fd_div_t2.asm.obj            310     0         0      
       fputs.c.obj                  276     0         0      
       fd_cmp_t2.asm.obj            268     0         0      
       ctype.c.obj                  0       257       0      
       fd_mul_t2.asm.obj            252     0         0      
       setvbuf.c.obj                220     0         0      
       s_scalbn.c.obj               208     0         0      
       host_device.c.obj            0       0         200    
       memcpy_t2.asm.obj            156     0         0      
       ull_div_t2.asm.obj           150     0         0      
       snprintf.c.obj               148     0         0      
       fputc.c.obj                  140     0         0      
       vsnprintf.c.obj              136     0         0      
       memset_t2.asm.obj            122     0         0      
       fclose.c.obj                 116     0         0      
       getdevice.c.obj              116     0         0      
       printf.c.obj                 112     0         0      
       hostrename.c.obj             108     0         0      
       copy_decompress_lzss.c.obj   104     0         0      
       hostlseek.c.obj              104     0         0      
       hostopen.c.obj               96      0         8      
       fseek.c.obj                  100     0         0      
       _io_perm.c.obj               98      0         0      
       sprintf.c.obj                98      0         0      
       close.c.obj                  92      0         0      
       s_frexp.c.obj                92      0         0      
       exit.c.obj                   76      0         12     
       hostread.c.obj               88      0         0      
       hostwrite.c.obj              88      0         0      
       _ltoa.c.obj                  84      0         0      
       atoi.c.obj                   76      0         0      
       fflush.c.obj                 76      0         0      
       fd_toi_t2.asm.obj            72      0         0      
       autoinit.c.obj               68      0         0      
       hostclose.c.obj              68      0         0      
       hostunlink.c.obj             68      0         0      
       strncpy.c.obj                54      0         0      
       fopen.c.obj                  52      0         0      
       i_tofd_t2.asm.obj            46      0         0      
       unlink.c.obj                 44      0         0      
       lseek.c.obj                  40      0         0      
       memmov.c.obj                 40      0         0      
       write.c.obj                  40      0         0      
       boot_cortex_m.c.obj          36      0         0      
       memchr.c.obj                 32      0         0      
       strcat.c.obj                 30      0         0      
       memccpy.c.obj                28      0         0      
       strcmp.c.obj                 24      0         0      
       strchr.c.obj                 22      0         0      
       strcpy.c.obj                 20      0         0      
       strlen.c.obj                 20      0         0      
       wcslen.c.obj                 18      0         0      
       copy_decompress_none.c.obj   14      0         0      
       copy_zero_init.c.obj         12      0         0      
       errno.c.obj                  8       0         4      
       s_copysign.c.obj             12      0         0      
       _lock.c.obj                  2       0         8      
       pre_init.c.obj               4       0         0      
       div0.asm.obj                 2       0         0      
    +--+----------------------------+-------+---------+---------+
       Total:                       11267   257       944    
                                                             
    /Users/bud/Documents/EEC172/Lab/cc3200-support/cc3200sdk_1.5.0/cc3200-sdk/driverlib/ccs/Release/driverlib.a
       spi.obj                      1790    60        0      
       prcm.obj                     852     168       0      
       interrupt.obj                608     284       0      
       udma.obj                     604     0         0      
       pin.obj                      328     256       0      
       timer.obj                    552     0         0      
       uart.obj                     478     16        0      
       gpio.obj                     388     0         0      
       i2c.obj                      380     0         0      
       cpu.obj                      20      0         0      
       utils.obj                    6       0         0      
    +--+----------------------------+-------+---------+---------+
       Total:                       6006    784       0      
                                                             
    /Users/bud/Documents/EEC172/Lab/cc3200-support/cc3200sdk_1.5.0/cc3200-sdk/simplelink/ccs/NON_OS/simplelink.a
       driver.obj                   7906    192       379    
       cc_pal.obj                   1820    0         90     
       socket.obj                   1830    40        0      
       netapp.obj                   1572    12        0      
       wlan.obj                     1316    24        0      
       device.obj                   1230    20        0      
       nonos.obj                    416     20        60     
       netcfg.obj                   152     4         0      
    +--+----------------------------+-------+---------+---------+
       Total:                       16242   312       529    
                                                             
       Heap:                        0       0         32768  
       Stack:                       0       0         4096   
       Linker Generated:            0       280       0      
    +--+----------------------------+-------+---------+---------+
       Grand Total:                 50405   4078      39162  


LINKER GENERATED COPY TABLES

__TI_cinit_table @ 200114f0 records: 2, size/record: 8, table size: 16
	.data: load addr=200113e8, load size=000000f4 bytes, run addr=2001f508, run size=00000400 bytes, compression=lzss
	.bss: load addr=200114e8, load size=00000008 bytes, run addr=2001f000, run size=00000506 bytes, compression=zero_init


LINKER GENERATED HANDLER TABLE

__TI_handler_table @ 200114dc records: 3, size/record: 4, table size: 12
	index: 0, handler: __TI_decompress_lzss
	index: 1, handler: __TI_decompress_none
	index: 2, handler: __TI_zero_init


GLOBAL SYMBOLS: SORTED ALPHABETICALLY BY Name 

address   name                                  
-------   ----                                  
20008601  Adafruit_Init                         
20010907  C$$EXIT                               
2000fabf  C$$IO$$                               
20010797  CPUcpsie                              
20009315  ClearTerm                             
2000877b  Color565                              
20010071  DmaSpiSwIntHandler                    
2000931f  Error                                 
2000fb01  GPIODirModeSet                        
200107ab  GPIOIntClear                          
20010495  GPIOIntEnable                         
20010269  GPIOIntRegister                       
2000ded5  GPIOIntTypeSet                        
20010565  GPIOPinRead                           
20010167  GPIOPinWrite                          
20008cdd  GPIO_IF_ConfigureNIntEnable           
20008d69  GPIO_IF_Get                           
20008c97  GPIO_IF_GetPortNPin                   
20008a59  GPIO_IF_LedConfigure                  
20008b4b  GPIO_IF_LedOff                        
20008a97  GPIO_IF_LedOn                         
20008bff  GPIO_IF_LedStatus                     
20008c69  GPIO_IF_LedToggle                     
20008d25  GPIO_IF_Set                           
20009357  GetCmd                                
2000f445  HOSTclose                             
2000e63d  HOSTlseek                             
2000ea99  HOSTopen                              
2000ecd1  HOSTread                              
2000e4f9  HOSTrename                            
2000f489  HOSTunlink                            
2000ed29  HOSTwrite                             
200107fd  I2CMasterControl                      
20010867  I2CMasterDataGet                      
200106fd  I2CMasterDataPut                      
20010713  I2CMasterEnable                       
2000fd5b  I2CMasterErr                          
2000ddcd  I2CMasterInitExpClk                   
20010729  I2CMasterIntClear                     
2001057d  I2CMasterIntEnableEx                  
20010287  I2CMasterIntStatusEx                  
20010101  I2CMasterSlaveAddrSet                 
2001080f  I2CMasterTimeoutSet                   
2000903f  I2C_IF_Close                          
20008fe3  I2C_IF_Open                           
20008ee1  I2C_IF_Read                           
20008f9d  I2C_IF_ReadFrom                       
20008e31  I2C_IF_Write                          
200092d5  InitTerm                              
2000ce29  IntDisable                            
2000ced1  IntEnable                             
200108d1  IntMasterEnable                       
2000ed81  IntPendClear                          
2000ee89  IntPrioritySet                        
20010189  IntRegister                           
20010095  IntUnregister                         
200107c1  IntVTableBaseSet                      
20004471  MasterMain                            
200092f3  Message                               
200108a1  NwpMaskInterrupt                      
2000fa59  NwpPowerOff                           
2000fd89  NwpPowerOn                            
200101a9  NwpPrePowerOffTimout0                 
2000f8b1  NwpRegisterInterruptHandler           
200108ad  NwpUnMaskInterrupt                    
20011184  OpcodeTranslateTable                  
200074bf  Outstr                                
2000a93d  PRCMCC3200MCUInit                     
2001073f  PRCMHIBRegRead                        
20010755  PRCMHIBRegWrite                       
2000fee5  PRCMPeripheralClkDisable              
2000f969  PRCMPeripheralClkEnable               
2000d625  PRCMPeripheralClockGet                
2000edd9  PRCMPeripheralReset                   
2000fb6d  PRCMPeripheralStatusGet               
2000fdb5  PRCMSysResetCauseGet                  
2000dbb1  PinConfigSet                          
2000f731  PinModeSet                            
2000b145  PinMuxConfig                          
2000fc3d  PinTypeGPIO                           
200103d1  PinTypeI2C                            
200104af  PinTypeSPI                            
200104c9  PinTypeUART                           
20009495  Report                                
20010891  ResetISR                              
2001f500  RxIrqCnt                              
20010595  SPICSDisable                          
200105ad  SPICSEnable                           
2000d01d  SPIConfigSetExpClk                    
200101c9  SPIDataGet                            
2000fe65  SPIDataGetNonBlocking                 
200102a5  SPIDataPut                            
200105c5  SPIDisable                            
200104e3  SPIDmaDisable                         
200104fd  SPIDmaEnable                          
200105dd  SPIEnable                             
20010517  SPIFIFODisable                        
20010531  SPIFIFOEnable                         
2000fba1  SPIFIFOLevelSet                       
2000f325  SPIIntClear                           
2000f07d  SPIIntEnable                          
200102c3  SPIIntRegister                        
2000e0d9  SPIIntStatus                          
2001054b  SPIIntUnregister                      
20010123  SPIReset                              
2000dc39  SPITransfer                           
20010145  SPIWordCountSet                       
20005e1d  SimpleLinkGeneralEventHandler         
20005df9  SimpleLinkHttpServerCallback          
20005d57  SimpleLinkNetAppEventHandler          
20005e3d  SimpleLinkSockEventHandler            
20005c49  SimpleLinkWlanEventHandler            
200044c1  SlaveMain                             
200045fb  TimerBaseIntHandler                   
2000f511  TimerConfigure                        
200102e1  TimerDisable                          
200102ff  TimerEnable                           
200101e9  TimerGetCurrentTimestamp              
20010821  TimerIntClear                         
200105f5  TimerIntDisable                       
2001060d  TimerIntEnable                        
2000e3a9  TimerIntRegister                      
2001031d  TimerIntStatus                        
2000e6a5  TimerIntUnregister                    
2000fe8f  TimerLoadSet                          
2000feb9  TimerPrescaleSet                      
200103ed  TimerValueGet                         
2000a5d1  Timer_IF_DeInit                       
2000a605  Timer_IF_GetCount                     
2000a509  Timer_IF_Init                         
2000a53b  Timer_IF_IntSetup                     
2000a587  Timer_IF_InterruptClear               
2000a5eb  Timer_IF_ReLoad                       
2000a59f  Timer_IF_Start                        
2000a5c1  Timer_IF_Stop                         
200093fd  TrimSpace                             
20010409  UARTCharGetNonBlocking                
2001033b  UARTCharPut                           
20010625  UARTCharsAvail                        
2000e249  UARTConfigSetExpClk                   
2000fc6d  UARTDisable                           
200100b9  UARTEnable                            
2001063d  UARTFIFOLevelSet                      
20010833  UARTIntClear                          
20010655  UARTIntEnable                         
20010359  UARTIntRegister                       
20010377  UARTIntStatus                         
200108f5  UtilsDelay                            
200111c0  _SlActionLookupTable                  
2000cf79  _SlDriverHandleError                  
2000f36d  _SlDrvBasicCmd                        
2000cb4d  _SlDrvCmdOp                           
2000e565  _SlDrvCmdSend                         
20009a01  _SlDrvDataReadOp                      
2000ac25  _SlDrvDataWriteOp                     
2000d1f9  _SlDrvDeviceEventHandler              
20010857  _SlDrvDispatchHttpServerEvents        
2000b62d  _SlDrvDriverCBDeinit                  
2000a139  _SlDrvDriverCBInit                    
2000ff0d  _SlDrvGlobalObjUnLock                 
2000f599  _SlDrvHandleHttpServerEvents          
2000f771  _SlDrvHandleNetAppEvents              
2000f7b1  _SlDrvHandleWlanEvents                
2000d981  _SlDrvIsTimeoutExpired                
2001076b  _SlDrvMemZero                         
2000c135  _SlDrvMsgReadSpawnCtx                 
2000b991  _SlDrvNetAppEventHandler              
20010025  _SlDrvObjLockWaitForever              
20010209  _SlDrvObjUnLock                       
2000f115  _SlDrvProtectAsyncRespSetting         
2000fe0d  _SlDrvProtectionObjLockWaitForever    
2000ff35  _SlDrvProtectionObjUnLock             
20009be5  _SlDrvReleasePoolObj                  
20010875  _SlDrvResetCmdExt                     
2000eedd  _SlDrvRxIrqHandler                    
20010425  _SlDrvStartMeasureTimeout             
20010229  _SlDrvSyncObjSignal                   
2000ff5d  _SlDrvSyncObjWaitForever              
2000f5dd  _SlDrvSyncObjWaitTimeout              
2000a621  _SlDrvWaitForPoolObj                  
200113a6  _SlNetAppSendTokenValueCmdCtrl        
2000e2c1  _SlNonOsMainLoopTask                  
2000cd79  _SlNonOsSemGet                        
2001066d  _SlNonOsSemSet                        
2000e7dd  _SlNonOsSpawn                         
2001f168  __CIOBUF_                             
20030000  __STACK_END                           
00001000  __STACK_SIZE                          
00008000  __SYSMEM_SIZE                         
200114f0  __TI_CINIT_Base                       
20011500  __TI_CINIT_Limit                      
200114dc  __TI_Handler_Table_Base               
200114e8  __TI_Handler_Table_Limit              
2000f621  __TI_auto_init_nobinit_nopinit        
2000fbd5  __TI_cleanup                          
2001f8c0  __TI_cleanup_ptr                      
2000e335  __TI_closefile                        
2000e70d  __TI_decompress_lzss                  
20010883  __TI_decompress_none                  
2000f161  __TI_doflush                          
2001f8c4  __TI_dtors_ptr                        
2001f8c8  __TI_enable_exit_profile_output       
2001f8a0  __TI_ft_end                           
2000ef31  __TI_ltoa                             
ffffffff  __TI_pprof_out_hndl                   
20007595  __TI_printfi                          
ffffffff  __TI_prof_data_size                   
ffffffff  __TI_prof_data_start                  
2000fc09  __TI_readmsg                          
200113e8  __TI_static_base__                    
2001f288  __TI_tmpnams                          
2000fa91  __TI_writemsg                         
2000ea35  __TI_wrt_ok                           
200108c5  __TI_zero_init                        
2000dcc1  __aeabi_cdcmpeq                       
2000dcc1  __aeabi_cdcmple                       
2000dd47  __aeabi_cdrcmple                      
2000f3fd  __aeabi_d2iz                          
20009f8b  __aeabi_dadd                          
2000b3c1  __aeabi_ddiv                          
2000bb95  __aeabi_dmul                          
20009f81  __aeabi_dsub                          
200108e5  __aeabi_errno_addr                    
2000fd2d  __aeabi_i2d                           
2000a137  __aeabi_idiv0                         
2000a137  __aeabi_ldiv0                         
2000e155  __aeabi_memclr                        
2000e155  __aeabi_memclr4                       
2000e155  __aeabi_memclr8                       
2000d15d  __aeabi_memcpy                        
2000d15d  __aeabi_memcpy4                       
2000d15d  __aeabi_memcpy8                       
2000e157  __aeabi_memset                        
2000e157  __aeabi_memset4                       
2000e157  __aeabi_memset8                       
2001f8ac  __aeabi_stderr                        
2001f8a4  __aeabi_stdin                         
2001f8a8  __aeabi_stdout                        
2000d58d  __aeabi_uldivmod                      
ffffffff  __binit__                             
ffffffff  __c_args__                            
UNDEFED   __mpu_init                            
2002f000  __stack                               
20017000  __start___llvm_prf_cnts               
20017000  __stop___llvm_prf_cnts                
200100dd  _c_int00_noargs                       
20010e07  _ctypes_                              
2001f72c  _device                               
2001f508  _ftable                               
2001f8f0  _lock                                 
20008a1b  _nop                                  
2000e841  _sl_HandleAsync_Accept                
2000df59  _sl_HandleAsync_Connect               
2000d6b9  _sl_HandleAsync_DnsGetHostByName      
2000c8f1  _sl_HandleAsync_DnsGetHostByService   
2000da0d  _sl_HandleAsync_InitComplete          
2000d749  _sl_HandleAsync_PingResponse          
2000ef85  _sl_HandleAsync_Select                
2000f02d  _sl_HandleAsync_Stop                  
2000e5d1  _sl_NetAppSendTokenValue              
2001f7a4  _stream                               
20017000  _sys_memory                           
UNDEFED   _system_post_cinit                    
20010903  _system_pre_init                      
2001f8f4  _unlock                               
20010907  abort                                 
2000500b  addCreature                           
2000ba95  aligned_alloc                         
2000f1f9  atoi                                  
ffffffff  binit                                 
2001f614  bufStr                                
2001f610  buf_char                              
2000ec19  close                                 
200067ed  connectToAccessPoint                  
200108b9  copysign                              
200108b9  copysignl                             
20004f0d  createCharacter                       
20004dc9  creatureCatch                         
2001f874  cursor_x                              
2001f878  cursor_y                              
2001f624  delayTime                             
2001f620  delay_check                           
20007373  drawChar                              
20006b15  drawCircle                            
20006c49  drawCircleHelper                      
20008925  drawFastHLine                         
20008889  drawFastVLine                         
20006e8f  drawLine                              
200089c1  drawPixel                             
20006f7b  drawRect                              
20006fc9  drawRoundRect                         
20007131  drawTriangle                          
20004513  eightVLines                           
2001f900  errno                                 
2000f3b5  exit                                  
20006d67  fillCircle                            
20006da1  fillCircleHelper                      
200087d3  fillRect                              
200070b7  fillRoundRect                         
200087bd  fillScreen                            
20007173  fillTriangle                          
2000fcfd  finddevice                            
2001f608  finish                                
2000da99  fputc                                 
2000b87d  fputs                                 
2000c21d  free                                  
2000ec75  frexp                                 
2000ec75  frexpl                                
2000e8a5  fseek                                 
2001f4f8  g_Host                                
2001f8b0  g_SlDeviceStatus                      
2001f8e4  g_SpiFd                               
2001f838  g__SlNonOsCB                          
2001f4dc  g_app_config                          
2001f501  g_bDeviceRestartIsRequired            
2001f502  g_cDummy                              
2001f8b4  g_pCB                                 
2001f8e8  g_pHostIntHdl                         
20004000  g_pfnVectors                          
2001f4fc  g_port                                
2001f480  g_time                                
2001f4e4  g_ucConnectionBSSID                   
2001f4ac  g_ucConnectionSSID                    
2001f8ec  g_ucDMAEnabled                        
2001f3f0  g_ucDinDout                           
2001f503  g_ucLED1Pin                           
2001f504  g_ucLED2Pin                           
2001f505  g_ucLED3Pin                           
2001f8cc  g_uiLED1Port                          
2001f8d0  g_uiLED2Port                          
2001f8d4  g_uiLED3Port                          
2001f8e0  g_ulGatewayIP                         
2001f8dc  g_ulPingPacketsRecv                   
2001f8d8  g_ulStatus                            
2000f6a9  getdevice                             
20008737  goTo                                  
20007573  height                                
200089ff  invert                                
2000c751  ldexp                                 
2000c751  ldexpl                                
2000ffad  lseek                                 
200050bd  main                                  
200108ed  malloc                                
2000ba95  memalign                              
2001045d  memccpy                               
20010249  memchr                                
2000d15d  memcpy                                
2000ffd5  memmove                               
2000e15d  memset                                
2001f8b8  pPingCallBackFunc                     
2001f4ec  parmbuf                               
2001f630  prev_buf                              
2000458b  printCharArray64                      
2001f6a8  printFlag                             
20004d2d  printString                           
2000e775  printf                                
2000da99  putc                                  
2001f61c  pxFlag                                
2000c301  realloc                               
2001f6a4  recIndex                              
2001f440  receiverBuffer                        
2000fe39  remove                                
20005049  removeClosingBracket                  
2001f618  sameFlag                              
2000c751  scalbn                                
2000c751  scalbnl                               
2000750b  setCursor                             
20007543  setTextColor                          
20007523  setTextSize                           
2000755b  setTextWrap                           
2000c5a5  setvbuf                               
2000f9a5  simplelink_timerA2_start              
2000eaf9  sl_Close                              
2000a7b1  sl_Connect                            
2000c9bd  sl_DevGet                             
2000d295  sl_DevSet                             
2000f6ed  sl_Htonl                              
2000f9e1  sl_Htons                              
2000b001  sl_NetAppDnsGetHostByName             
2000c3e5  sl_NetAppMDNSRegisterUnregisterService
2000e909  sl_NetAppMDNSUnRegisterService        
2000d32d  sl_NetCfgSet                          
2001004b  sl_Provisioning_HttpServerEventHdl    
20010059  sl_Provisioning_NetAppEventHdl        
20010065  sl_Provisioning_WlanEventHdl          
2000d0bd  sl_Recv                               
2000b4f9  sl_Send                               
2000d3c5  sl_SetSockOpt                         
2000db25  sl_Socket                             
2000bf61  sl_Start                              
2000bc91  sl_Stop                               
20009055  sl_WlanConnect                        
2000fac9  sl_WlanDisconnect                     
2000d7d9  sl_WlanPolicySet                      
2000eb59  sl_WlanProfileDel                     
2000de51  sl_WlanRxFilterSet                    
2000d45d  sl_WlanSet                            
2000ebb9  sl_WlanSetMode                        
2000f245  snprintf                              
2000e1d1  spi_Close                             
2000ad75  spi_Open                              
2000bd81  spi_Read                              
2000d4f5  spi_Write                             
2000f831  sprintf                               
200103b3  strcat                                
20010781  strchr                                
200106e5  strcmp                                
200107d5  strcpy                                
200107e9  strlen                                
2000fb37  strncpy                               
2001f884  textbgcolor                           
2001f880  textcolor                             
2001f87c  textsize                              
2000660d  tls_connect                           
2000f291  uDMAChannelAssign                     
2000e96d  uDMAChannelAttributeDisable           
2000e9d1  uDMAChannelAttributeEnable            
2000fa1d  uDMAChannelControlSet                 
20010479  uDMAChannelEnable                     
2000be71  uDMAChannelTransferSet                
2000fe39  unlink                                
2000f871  vsnprintf                             
20010845  wcslen                                
2000756f  width                                 
2001f888  wrap                                  
2000fffd  write                                 
20008575  writeCommand                          
200085bb  writeData                             


GLOBAL SYMBOLS: SORTED BY Symbol Address 

address   name                                  
-------   ----                                  
00001000  __STACK_SIZE                          
00008000  __SYSMEM_SIZE                         
20004000  g_pfnVectors                          
20004471  MasterMain                            
200044c1  SlaveMain                             
20004513  eightVLines                           
2000458b  printCharArray64                      
200045fb  TimerBaseIntHandler                   
20004d2d  printString                           
20004dc9  creatureCatch                         
20004f0d  createCharacter                       
2000500b  addCreature                           
20005049  removeClosingBracket                  
200050bd  main                                  
20005c49  SimpleLinkWlanEventHandler            
20005d57  SimpleLinkNetAppEventHandler          
20005df9  SimpleLinkHttpServerCallback          
20005e1d  SimpleLinkGeneralEventHandler         
20005e3d  SimpleLinkSockEventHandler            
2000660d  tls_connect                           
200067ed  connectToAccessPoint                  
20006b15  drawCircle                            
20006c49  drawCircleHelper                      
20006d67  fillCircle                            
20006da1  fillCircleHelper                      
20006e8f  drawLine                              
20006f7b  drawRect                              
20006fc9  drawRoundRect                         
200070b7  fillRoundRect                         
20007131  drawTriangle                          
20007173  fillTriangle                          
20007373  drawChar                              
200074bf  Outstr                                
2000750b  setCursor                             
20007523  setTextSize                           
20007543  setTextColor                          
2000755b  setTextWrap                           
2000756f  width                                 
20007573  height                                
20007595  __TI_printfi                          
20008575  writeCommand                          
200085bb  writeData                             
20008601  Adafruit_Init                         
20008737  goTo                                  
2000877b  Color565                              
200087bd  fillScreen                            
200087d3  fillRect                              
20008889  drawFastVLine                         
20008925  drawFastHLine                         
200089c1  drawPixel                             
200089ff  invert                                
20008a1b  _nop                                  
20008a59  GPIO_IF_LedConfigure                  
20008a97  GPIO_IF_LedOn                         
20008b4b  GPIO_IF_LedOff                        
20008bff  GPIO_IF_LedStatus                     
20008c69  GPIO_IF_LedToggle                     
20008c97  GPIO_IF_GetPortNPin                   
20008cdd  GPIO_IF_ConfigureNIntEnable           
20008d25  GPIO_IF_Set                           
20008d69  GPIO_IF_Get                           
20008e31  I2C_IF_Write                          
20008ee1  I2C_IF_Read                           
20008f9d  I2C_IF_ReadFrom                       
20008fe3  I2C_IF_Open                           
2000903f  I2C_IF_Close                          
20009055  sl_WlanConnect                        
200092d5  InitTerm                              
200092f3  Message                               
20009315  ClearTerm                             
2000931f  Error                                 
20009357  GetCmd                                
200093fd  TrimSpace                             
20009495  Report                                
20009a01  _SlDrvDataReadOp                      
20009be5  _SlDrvReleasePoolObj                  
20009f81  __aeabi_dsub                          
20009f8b  __aeabi_dadd                          
2000a137  __aeabi_idiv0                         
2000a137  __aeabi_ldiv0                         
2000a139  _SlDrvDriverCBInit                    
2000a509  Timer_IF_Init                         
2000a53b  Timer_IF_IntSetup                     
2000a587  Timer_IF_InterruptClear               
2000a59f  Timer_IF_Start                        
2000a5c1  Timer_IF_Stop                         
2000a5d1  Timer_IF_DeInit                       
2000a5eb  Timer_IF_ReLoad                       
2000a605  Timer_IF_GetCount                     
2000a621  _SlDrvWaitForPoolObj                  
2000a7b1  sl_Connect                            
2000a93d  PRCMCC3200MCUInit                     
2000ac25  _SlDrvDataWriteOp                     
2000ad75  spi_Open                              
2000b001  sl_NetAppDnsGetHostByName             
2000b145  PinMuxConfig                          
2000b3c1  __aeabi_ddiv                          
2000b4f9  sl_Send                               
2000b62d  _SlDrvDriverCBDeinit                  
2000b87d  fputs                                 
2000b991  _SlDrvNetAppEventHandler              
2000ba95  aligned_alloc                         
2000ba95  memalign                              
2000bb95  __aeabi_dmul                          
2000bc91  sl_Stop                               
2000bd81  spi_Read                              
2000be71  uDMAChannelTransferSet                
2000bf61  sl_Start                              
2000c135  _SlDrvMsgReadSpawnCtx                 
2000c21d  free                                  
2000c301  realloc                               
2000c3e5  sl_NetAppMDNSRegisterUnregisterService
2000c5a5  setvbuf                               
2000c751  ldexp                                 
2000c751  ldexpl                                
2000c751  scalbn                                
2000c751  scalbnl                               
2000c8f1  _sl_HandleAsync_DnsGetHostByService   
2000c9bd  sl_DevGet                             
2000cb4d  _SlDrvCmdOp                           
2000cd79  _SlNonOsSemGet                        
2000ce29  IntDisable                            
2000ced1  IntEnable                             
2000cf79  _SlDriverHandleError                  
2000d01d  SPIConfigSetExpClk                    
2000d0bd  sl_Recv                               
2000d15d  __aeabi_memcpy                        
2000d15d  __aeabi_memcpy4                       
2000d15d  __aeabi_memcpy8                       
2000d15d  memcpy                                
2000d1f9  _SlDrvDeviceEventHandler              
2000d295  sl_DevSet                             
2000d32d  sl_NetCfgSet                          
2000d3c5  sl_SetSockOpt                         
2000d45d  sl_WlanSet                            
2000d4f5  spi_Write                             
2000d58d  __aeabi_uldivmod                      
2000d625  PRCMPeripheralClockGet                
2000d6b9  _sl_HandleAsync_DnsGetHostByName      
2000d749  _sl_HandleAsync_PingResponse          
2000d7d9  sl_WlanPolicySet                      
2000d981  _SlDrvIsTimeoutExpired                
2000da0d  _sl_HandleAsync_InitComplete          
2000da99  fputc                                 
2000da99  putc                                  
2000db25  sl_Socket                             
2000dbb1  PinConfigSet                          
2000dc39  SPITransfer                           
2000dcc1  __aeabi_cdcmpeq                       
2000dcc1  __aeabi_cdcmple                       
2000dd47  __aeabi_cdrcmple                      
2000ddcd  I2CMasterInitExpClk                   
2000de51  sl_WlanRxFilterSet                    
2000ded5  GPIOIntTypeSet                        
2000df59  _sl_HandleAsync_Connect               
2000e0d9  SPIIntStatus                          
2000e155  __aeabi_memclr                        
2000e155  __aeabi_memclr4                       
2000e155  __aeabi_memclr8                       
2000e157  __aeabi_memset                        
2000e157  __aeabi_memset4                       
2000e157  __aeabi_memset8                       
2000e15d  memset                                
2000e1d1  spi_Close                             
2000e249  UARTConfigSetExpClk                   
2000e2c1  _SlNonOsMainLoopTask                  
2000e335  __TI_closefile                        
2000e3a9  TimerIntRegister                      
2000e4f9  HOSTrename                            
2000e565  _SlDrvCmdSend                         
2000e5d1  _sl_NetAppSendTokenValue              
2000e63d  HOSTlseek                             
2000e6a5  TimerIntUnregister                    
2000e70d  __TI_decompress_lzss                  
2000e775  printf                                
2000e7dd  _SlNonOsSpawn                         
2000e841  _sl_HandleAsync_Accept                
2000e8a5  fseek                                 
2000e909  sl_NetAppMDNSUnRegisterService        
2000e96d  uDMAChannelAttributeDisable           
2000e9d1  uDMAChannelAttributeEnable            
2000ea35  __TI_wrt_ok                           
2000ea99  HOSTopen                              
2000eaf9  sl_Close                              
2000eb59  sl_WlanProfileDel                     
2000ebb9  sl_WlanSetMode                        
2000ec19  close                                 
2000ec75  frexp                                 
2000ec75  frexpl                                
2000ecd1  HOSTread                              
2000ed29  HOSTwrite                             
2000ed81  IntPendClear                          
2000edd9  PRCMPeripheralReset                   
2000ee89  IntPrioritySet                        
2000eedd  _SlDrvRxIrqHandler                    
2000ef31  __TI_ltoa                             
2000ef85  _sl_HandleAsync_Select                
2000f02d  _sl_HandleAsync_Stop                  
2000f07d  SPIIntEnable                          
2000f115  _SlDrvProtectAsyncRespSetting         
2000f161  __TI_doflush                          
2000f1f9  atoi                                  
2000f245  snprintf                              
2000f291  uDMAChannelAssign                     
2000f325  SPIIntClear                           
2000f36d  _SlDrvBasicCmd                        
2000f3b5  exit                                  
2000f3fd  __aeabi_d2iz                          
2000f445  HOSTclose                             
2000f489  HOSTunlink                            
2000f511  TimerConfigure                        
2000f599  _SlDrvHandleHttpServerEvents          
2000f5dd  _SlDrvSyncObjWaitTimeout              
2000f621  __TI_auto_init_nobinit_nopinit        
2000f6a9  getdevice                             
2000f6ed  sl_Htonl                              
2000f731  PinModeSet                            
2000f771  _SlDrvHandleNetAppEvents              
2000f7b1  _SlDrvHandleWlanEvents                
2000f831  sprintf                               
2000f871  vsnprintf                             
2000f8b1  NwpRegisterInterruptHandler           
2000f969  PRCMPeripheralClkEnable               
2000f9a5  simplelink_timerA2_start              
2000f9e1  sl_Htons                              
2000fa1d  uDMAChannelControlSet                 
2000fa59  NwpPowerOff                           
2000fa91  __TI_writemsg                         
2000fabf  C$$IO$$                               
2000fac9  sl_WlanDisconnect                     
2000fb01  GPIODirModeSet                        
2000fb37  strncpy                               
2000fb6d  PRCMPeripheralStatusGet               
2000fba1  SPIFIFOLevelSet                       
2000fbd5  __TI_cleanup                          
2000fc09  __TI_readmsg                          
2000fc3d  PinTypeGPIO                           
2000fc6d  UARTDisable                           
2000fcfd  finddevice                            
2000fd2d  __aeabi_i2d                           
2000fd5b  I2CMasterErr                          
2000fd89  NwpPowerOn                            
2000fdb5  PRCMSysResetCauseGet                  
2000fe0d  _SlDrvProtectionObjLockWaitForever    
2000fe39  remove                                
2000fe39  unlink                                
2000fe65  SPIDataGetNonBlocking                 
2000fe8f  TimerLoadSet                          
2000feb9  TimerPrescaleSet                      
2000fee5  PRCMPeripheralClkDisable              
2000ff0d  _SlDrvGlobalObjUnLock                 
2000ff35  _SlDrvProtectionObjUnLock             
2000ff5d  _SlDrvSyncObjWaitForever              
2000ffad  lseek                                 
2000ffd5  memmove                               
2000fffd  write                                 
20010025  _SlDrvObjLockWaitForever              
2001004b  sl_Provisioning_HttpServerEventHdl    
20010059  sl_Provisioning_NetAppEventHdl        
20010065  sl_Provisioning_WlanEventHdl          
20010071  DmaSpiSwIntHandler                    
20010095  IntUnregister                         
200100b9  UARTEnable                            
200100dd  _c_int00_noargs                       
20010101  I2CMasterSlaveAddrSet                 
20010123  SPIReset                              
20010145  SPIWordCountSet                       
20010167  GPIOPinWrite                          
20010189  IntRegister                           
200101a9  NwpPrePowerOffTimout0                 
200101c9  SPIDataGet                            
200101e9  TimerGetCurrentTimestamp              
20010209  _SlDrvObjUnLock                       
20010229  _SlDrvSyncObjSignal                   
20010249  memchr                                
20010269  GPIOIntRegister                       
20010287  I2CMasterIntStatusEx                  
200102a5  SPIDataPut                            
200102c3  SPIIntRegister                        
200102e1  TimerDisable                          
200102ff  TimerEnable                           
2001031d  TimerIntStatus                        
2001033b  UARTCharPut                           
20010359  UARTIntRegister                       
20010377  UARTIntStatus                         
200103b3  strcat                                
200103d1  PinTypeI2C                            
200103ed  TimerValueGet                         
20010409  UARTCharGetNonBlocking                
20010425  _SlDrvStartMeasureTimeout             
2001045d  memccpy                               
20010479  uDMAChannelEnable                     
20010495  GPIOIntEnable                         
200104af  PinTypeSPI                            
200104c9  PinTypeUART                           
200104e3  SPIDmaDisable                         
200104fd  SPIDmaEnable                          
20010517  SPIFIFODisable                        
20010531  SPIFIFOEnable                         
2001054b  SPIIntUnregister                      
20010565  GPIOPinRead                           
2001057d  I2CMasterIntEnableEx                  
20010595  SPICSDisable                          
200105ad  SPICSEnable                           
200105c5  SPIDisable                            
200105dd  SPIEnable                             
200105f5  TimerIntDisable                       
2001060d  TimerIntEnable                        
20010625  UARTCharsAvail                        
2001063d  UARTFIFOLevelSet                      
20010655  UARTIntEnable                         
2001066d  _SlNonOsSemSet                        
200106e5  strcmp                                
200106fd  I2CMasterDataPut                      
20010713  I2CMasterEnable                       
20010729  I2CMasterIntClear                     
2001073f  PRCMHIBRegRead                        
20010755  PRCMHIBRegWrite                       
2001076b  _SlDrvMemZero                         
20010781  strchr                                
20010797  CPUcpsie                              
200107ab  GPIOIntClear                          
200107c1  IntVTableBaseSet                      
200107d5  strcpy                                
200107e9  strlen                                
200107fd  I2CMasterControl                      
2001080f  I2CMasterTimeoutSet                   
20010821  TimerIntClear                         
20010833  UARTIntClear                          
20010845  wcslen                                
20010857  _SlDrvDispatchHttpServerEvents        
20010867  I2CMasterDataGet                      
20010875  _SlDrvResetCmdExt                     
20010883  __TI_decompress_none                  
20010891  ResetISR                              
200108a1  NwpMaskInterrupt                      
200108ad  NwpUnMaskInterrupt                    
200108b9  copysign                              
200108b9  copysignl                             
200108c5  __TI_zero_init                        
200108d1  IntMasterEnable                       
200108e5  __aeabi_errno_addr                    
200108ed  malloc                                
200108f5  UtilsDelay                            
20010903  _system_pre_init                      
20010907  C$$EXIT                               
20010907  abort                                 
20010e07  _ctypes_                              
20011184  OpcodeTranslateTable                  
200111c0  _SlActionLookupTable                  
200113a6  _SlNetAppSendTokenValueCmdCtrl        
200113e8  __TI_static_base__                    
200114dc  __TI_Handler_Table_Base               
200114e8  __TI_Handler_Table_Limit              
200114f0  __TI_CINIT_Base                       
20011500  __TI_CINIT_Limit                      
20017000  __start___llvm_prf_cnts               
20017000  __stop___llvm_prf_cnts                
20017000  _sys_memory                           
2001f168  __CIOBUF_                             
2001f288  __TI_tmpnams                          
2001f3f0  g_ucDinDout                           
2001f440  receiverBuffer                        
2001f480  g_time                                
2001f4ac  g_ucConnectionSSID                    
2001f4dc  g_app_config                          
2001f4e4  g_ucConnectionBSSID                   
2001f4ec  parmbuf                               
2001f4f8  g_Host                                
2001f4fc  g_port                                
2001f500  RxIrqCnt                              
2001f501  g_bDeviceRestartIsRequired            
2001f502  g_cDummy                              
2001f503  g_ucLED1Pin                           
2001f504  g_ucLED2Pin                           
2001f505  g_ucLED3Pin                           
2001f508  _ftable                               
2001f608  finish                                
2001f610  buf_char                              
2001f614  bufStr                                
2001f618  sameFlag                              
2001f61c  pxFlag                                
2001f620  delay_check                           
2001f624  delayTime                             
2001f630  prev_buf                              
2001f6a4  recIndex                              
2001f6a8  printFlag                             
2001f72c  _device                               
2001f7a4  _stream                               
2001f838  g__SlNonOsCB                          
2001f874  cursor_x                              
2001f878  cursor_y                              
2001f87c  textsize                              
2001f880  textcolor                             
2001f884  textbgcolor                           
2001f888  wrap                                  
2001f8a0  __TI_ft_end                           
2001f8a4  __aeabi_stdin                         
2001f8a8  __aeabi_stdout                        
2001f8ac  __aeabi_stderr                        
2001f8b0  g_SlDeviceStatus                      
2001f8b4  g_pCB                                 
2001f8b8  pPingCallBackFunc                     
2001f8c0  __TI_cleanup_ptr                      
2001f8c4  __TI_dtors_ptr                        
2001f8c8  __TI_enable_exit_profile_output       
2001f8cc  g_uiLED1Port                          
2001f8d0  g_uiLED2Port                          
2001f8d4  g_uiLED3Port                          
2001f8d8  g_ulStatus                            
2001f8dc  g_ulPingPacketsRecv                   
2001f8e0  g_ulGatewayIP                         
2001f8e4  g_SpiFd                               
2001f8e8  g_pHostIntHdl                         
2001f8ec  g_ucDMAEnabled                        
2001f8f0  _lock                                 
2001f8f4  _unlock                               
2001f900  errno                                 
2002f000  __stack                               
20030000  __STACK_END                           
ffffffff  __TI_pprof_out_hndl                   
ffffffff  __TI_prof_data_size                   
ffffffff  __TI_prof_data_start                  
ffffffff  __binit__                             
ffffffff  __c_args__                            
ffffffff  binit                                 
UNDEFED   __mpu_init                            
UNDEFED   _system_post_cinit                    

[428 symbols]
