<?xml version="1.0" encoding="ISO-8859-1" ?>
<link_info>
   <banner>TI ARM Linker Unix v20.2.7.LTS</banner>
   <copyright>Copyright (c) 1996-2018 Texas Instruments Incorporated</copyright>
   <link_time>0x6837e99d</link_time>
   <link_errors>0x0</link_errors>
   <output_file>lab4_works.out</output_file>
   <entry_point>
      <name>_c_int00_noargs</name>
      <address>0x2000f995</address>
   </entry_point>
   <input_file_list>
      <input_file id="fl-1">
         <path>./</path>
         <kind>object</kind>
         <file>Adafruit_GFX.obj</file>
         <name>Adafruit_GFX.obj</name>
      </input_file>
      <input_file id="fl-2">
         <path>./</path>
         <kind>object</kind>
         <file>Adafruit_OLED.obj</file>
         <name>Adafruit_OLED.obj</name>
      </input_file>
      <input_file id="fl-3">
         <path>./</path>
         <kind>object</kind>
         <file>gpio_if.obj</file>
         <name>gpio_if.obj</name>
      </input_file>
      <input_file id="fl-4">
         <path>./</path>
         <kind>object</kind>
         <file>main.obj</file>
         <name>main.obj</name>
      </input_file>
      <input_file id="fl-5">
         <path>./</path>
         <kind>object</kind>
         <file>network_common.obj</file>
         <name>network_common.obj</name>
      </input_file>
      <input_file id="fl-6">
         <path>./</path>
         <kind>object</kind>
         <file>oled_test.obj</file>
         <name>oled_test.obj</name>
      </input_file>
      <input_file id="fl-7">
         <path>./</path>
         <kind>object</kind>
         <file>pin_mux_config.obj</file>
         <name>pin_mux_config.obj</name>
      </input_file>
      <input_file id="fl-8">
         <path>./</path>
         <kind>object</kind>
         <file>startup_ccs.obj</file>
         <name>startup_ccs.obj</name>
      </input_file>
      <input_file id="fl-9">
         <path>./</path>
         <kind>object</kind>
         <file>timer_if.obj</file>
         <name>timer_if.obj</name>
      </input_file>
      <input_file id="fl-a">
         <path>./</path>
         <kind>object</kind>
         <file>uart_if.obj</file>
         <name>uart_if.obj</name>
      </input_file>
      <input_file id="fl-b">
         <path>./utils/</path>
         <kind>object</kind>
         <file>network_utils.obj</file>
         <name>network_utils.obj</name>
      </input_file>
      <input_file id="fl-11">
         <kind>object</kind>
         <file>&lt;internal&gt;</file>
         <name>&lt;internal&gt;</name>
      </input_file>
      <input_file id="fl-c7">
         <path>/Applications/TI/ccs/tools/compiler/ti-cgt-arm_20.2.7.LTS/lib/</path>
         <kind>archive</kind>
         <file>rtsv7M4_T_le_eabi.lib</file>
         <name>printf.c.obj</name>
      </input_file>
      <input_file id="fl-c8">
         <path>/Applications/TI/ccs/tools/compiler/ti-cgt-arm_20.2.7.LTS/lib/</path>
         <kind>archive</kind>
         <file>rtsv7M4_T_le_eabi.lib</file>
         <name>_printfi.c.obj</name>
      </input_file>
      <input_file id="fl-c9">
         <path>/Applications/TI/ccs/tools/compiler/ti-cgt-arm_20.2.7.LTS/lib/</path>
         <kind>archive</kind>
         <file>rtsv7M4_T_le_eabi.lib</file>
         <name>snprintf.c.obj</name>
      </input_file>
      <input_file id="fl-ca">
         <path>/Applications/TI/ccs/tools/compiler/ti-cgt-arm_20.2.7.LTS/lib/</path>
         <kind>archive</kind>
         <file>rtsv7M4_T_le_eabi.lib</file>
         <name>sprintf.c.obj</name>
      </input_file>
      <input_file id="fl-cb">
         <path>/Applications/TI/ccs/tools/compiler/ti-cgt-arm_20.2.7.LTS/lib/</path>
         <kind>archive</kind>
         <file>rtsv7M4_T_le_eabi.lib</file>
         <name>vsnprintf.c.obj</name>
      </input_file>
      <input_file id="fl-cc">
         <path>/Applications/TI/ccs/tools/compiler/ti-cgt-arm_20.2.7.LTS/lib/</path>
         <kind>archive</kind>
         <file>rtsv7M4_T_le_eabi.lib</file>
         <name>fputc.c.obj</name>
      </input_file>
      <input_file id="fl-cd">
         <path>/Applications/TI/ccs/tools/compiler/ti-cgt-arm_20.2.7.LTS/lib/</path>
         <kind>archive</kind>
         <file>rtsv7M4_T_le_eabi.lib</file>
         <name>fputs.c.obj</name>
      </input_file>
      <input_file id="fl-ce">
         <path>/Applications/TI/ccs/tools/compiler/ti-cgt-arm_20.2.7.LTS/lib/</path>
         <kind>archive</kind>
         <file>rtsv7M4_T_le_eabi.lib</file>
         <name>_io_perm.c.obj</name>
      </input_file>
      <input_file id="fl-cf">
         <path>/Applications/TI/ccs/tools/compiler/ti-cgt-arm_20.2.7.LTS/lib/</path>
         <kind>archive</kind>
         <file>rtsv7M4_T_le_eabi.lib</file>
         <name>setvbuf.c.obj</name>
      </input_file>
      <input_file id="fl-d0">
         <path>/Applications/TI/ccs/tools/compiler/ti-cgt-arm_20.2.7.LTS/lib/</path>
         <kind>archive</kind>
         <file>rtsv7M4_T_le_eabi.lib</file>
         <name>fd_add_t2.asm.obj</name>
      </input_file>
      <input_file id="fl-d1">
         <path>/Applications/TI/ccs/tools/compiler/ti-cgt-arm_20.2.7.LTS/lib/</path>
         <kind>archive</kind>
         <file>rtsv7M4_T_le_eabi.lib</file>
         <name>fd_cmp_t2.asm.obj</name>
      </input_file>
      <input_file id="fl-d2">
         <path>/Applications/TI/ccs/tools/compiler/ti-cgt-arm_20.2.7.LTS/lib/</path>
         <kind>archive</kind>
         <file>rtsv7M4_T_le_eabi.lib</file>
         <name>fd_div_t2.asm.obj</name>
      </input_file>
      <input_file id="fl-d3">
         <path>/Applications/TI/ccs/tools/compiler/ti-cgt-arm_20.2.7.LTS/lib/</path>
         <kind>archive</kind>
         <file>rtsv7M4_T_le_eabi.lib</file>
         <name>fd_mul_t2.asm.obj</name>
      </input_file>
      <input_file id="fl-d4">
         <path>/Applications/TI/ccs/tools/compiler/ti-cgt-arm_20.2.7.LTS/lib/</path>
         <kind>archive</kind>
         <file>rtsv7M4_T_le_eabi.lib</file>
         <name>fd_toi_t2.asm.obj</name>
      </input_file>
      <input_file id="fl-d5">
         <path>/Applications/TI/ccs/tools/compiler/ti-cgt-arm_20.2.7.LTS/lib/</path>
         <kind>archive</kind>
         <file>rtsv7M4_T_le_eabi.lib</file>
         <name>i_tofd_t2.asm.obj</name>
      </input_file>
      <input_file id="fl-d6">
         <path>/Applications/TI/ccs/tools/compiler/ti-cgt-arm_20.2.7.LTS/lib/</path>
         <kind>archive</kind>
         <file>rtsv7M4_T_le_eabi.lib</file>
         <name>memcpy_t2.asm.obj</name>
      </input_file>
      <input_file id="fl-d7">
         <path>/Applications/TI/ccs/tools/compiler/ti-cgt-arm_20.2.7.LTS/lib/</path>
         <kind>archive</kind>
         <file>rtsv7M4_T_le_eabi.lib</file>
         <name>memset_t2.asm.obj</name>
      </input_file>
      <input_file id="fl-d8">
         <path>/Applications/TI/ccs/tools/compiler/ti-cgt-arm_20.2.7.LTS/lib/</path>
         <kind>archive</kind>
         <file>rtsv7M4_T_le_eabi.lib</file>
         <name>ull_div_t2.asm.obj</name>
      </input_file>
      <input_file id="fl-d9">
         <path>/Applications/TI/ccs/tools/compiler/ti-cgt-arm_20.2.7.LTS/lib/</path>
         <kind>archive</kind>
         <file>rtsv7M4_T_le_eabi.lib</file>
         <name>copy_zero_init.c.obj</name>
      </input_file>
      <input_file id="fl-da">
         <path>/Applications/TI/ccs/tools/compiler/ti-cgt-arm_20.2.7.LTS/lib/</path>
         <kind>archive</kind>
         <file>rtsv7M4_T_le_eabi.lib</file>
         <name>copy_decompress_none.c.obj</name>
      </input_file>
      <input_file id="fl-db">
         <path>/Applications/TI/ccs/tools/compiler/ti-cgt-arm_20.2.7.LTS/lib/</path>
         <kind>archive</kind>
         <file>rtsv7M4_T_le_eabi.lib</file>
         <name>copy_decompress_lzss.c.obj</name>
      </input_file>
      <input_file id="fl-dc">
         <path>/Applications/TI/ccs/tools/compiler/ti-cgt-arm_20.2.7.LTS/lib/</path>
         <kind>archive</kind>
         <file>rtsv7M4_T_le_eabi.lib</file>
         <name>exit.c.obj</name>
      </input_file>
      <input_file id="fl-dd">
         <path>/Applications/TI/ccs/tools/compiler/ti-cgt-arm_20.2.7.LTS/lib/</path>
         <kind>archive</kind>
         <file>rtsv7M4_T_le_eabi.lib</file>
         <name>_lock.c.obj</name>
      </input_file>
      <input_file id="fl-de">
         <path>/Applications/TI/ccs/tools/compiler/ti-cgt-arm_20.2.7.LTS/lib/</path>
         <kind>archive</kind>
         <file>rtsv7M4_T_le_eabi.lib</file>
         <name>_ltoa.c.obj</name>
      </input_file>
      <input_file id="fl-df">
         <path>/Applications/TI/ccs/tools/compiler/ti-cgt-arm_20.2.7.LTS/lib/</path>
         <kind>archive</kind>
         <file>rtsv7M4_T_le_eabi.lib</file>
         <name>atoi.c.obj</name>
      </input_file>
      <input_file id="fl-e0">
         <path>/Applications/TI/ccs/tools/compiler/ti-cgt-arm_20.2.7.LTS/lib/</path>
         <kind>archive</kind>
         <file>rtsv7M4_T_le_eabi.lib</file>
         <name>ctype.c.obj</name>
      </input_file>
      <input_file id="fl-e1">
         <path>/Applications/TI/ccs/tools/compiler/ti-cgt-arm_20.2.7.LTS/lib/</path>
         <kind>archive</kind>
         <file>rtsv7M4_T_le_eabi.lib</file>
         <name>defs.c.obj</name>
      </input_file>
      <input_file id="fl-e2">
         <path>/Applications/TI/ccs/tools/compiler/ti-cgt-arm_20.2.7.LTS/lib/</path>
         <kind>archive</kind>
         <file>rtsv7M4_T_le_eabi.lib</file>
         <name>memccpy.c.obj</name>
      </input_file>
      <input_file id="fl-e3">
         <path>/Applications/TI/ccs/tools/compiler/ti-cgt-arm_20.2.7.LTS/lib/</path>
         <kind>archive</kind>
         <file>rtsv7M4_T_le_eabi.lib</file>
         <name>memchr.c.obj</name>
      </input_file>
      <input_file id="fl-e4">
         <path>/Applications/TI/ccs/tools/compiler/ti-cgt-arm_20.2.7.LTS/lib/</path>
         <kind>archive</kind>
         <file>rtsv7M4_T_le_eabi.lib</file>
         <name>memmov.c.obj</name>
      </input_file>
      <input_file id="fl-e5">
         <path>/Applications/TI/ccs/tools/compiler/ti-cgt-arm_20.2.7.LTS/lib/</path>
         <kind>archive</kind>
         <file>rtsv7M4_T_le_eabi.lib</file>
         <name>memory.c.obj</name>
      </input_file>
      <input_file id="fl-e6">
         <path>/Applications/TI/ccs/tools/compiler/ti-cgt-arm_20.2.7.LTS/lib/</path>
         <kind>archive</kind>
         <file>rtsv7M4_T_le_eabi.lib</file>
         <name>strchr.c.obj</name>
      </input_file>
      <input_file id="fl-e7">
         <path>/Applications/TI/ccs/tools/compiler/ti-cgt-arm_20.2.7.LTS/lib/</path>
         <kind>archive</kind>
         <file>rtsv7M4_T_le_eabi.lib</file>
         <name>strcpy.c.obj</name>
      </input_file>
      <input_file id="fl-e8">
         <path>/Applications/TI/ccs/tools/compiler/ti-cgt-arm_20.2.7.LTS/lib/</path>
         <kind>archive</kind>
         <file>rtsv7M4_T_le_eabi.lib</file>
         <name>strlen.c.obj</name>
      </input_file>
      <input_file id="fl-e9">
         <path>/Applications/TI/ccs/tools/compiler/ti-cgt-arm_20.2.7.LTS/lib/</path>
         <kind>archive</kind>
         <file>rtsv7M4_T_le_eabi.lib</file>
         <name>strncpy.c.obj</name>
      </input_file>
      <input_file id="fl-ea">
         <path>/Applications/TI/ccs/tools/compiler/ti-cgt-arm_20.2.7.LTS/lib/</path>
         <kind>archive</kind>
         <file>rtsv7M4_T_le_eabi.lib</file>
         <name>boot_cortex_m.c.obj</name>
      </input_file>
      <input_file id="fl-eb">
         <path>/Applications/TI/ccs/tools/compiler/ti-cgt-arm_20.2.7.LTS/lib/</path>
         <kind>archive</kind>
         <file>rtsv7M4_T_le_eabi.lib</file>
         <name>write.c.obj</name>
      </input_file>
      <input_file id="fl-ec">
         <path>/Applications/TI/ccs/tools/compiler/ti-cgt-arm_20.2.7.LTS/lib/</path>
         <kind>archive</kind>
         <file>rtsv7M4_T_le_eabi.lib</file>
         <name>host_device.c.obj</name>
      </input_file>
      <input_file id="fl-ed">
         <path>/Applications/TI/ccs/tools/compiler/ti-cgt-arm_20.2.7.LTS/lib/</path>
         <kind>archive</kind>
         <file>rtsv7M4_T_le_eabi.lib</file>
         <name>errno.c.obj</name>
      </input_file>
      <input_file id="fl-ee">
         <path>/Applications/TI/ccs/tools/compiler/ti-cgt-arm_20.2.7.LTS/lib/</path>
         <kind>archive</kind>
         <file>rtsv7M4_T_le_eabi.lib</file>
         <name>wcslen.c.obj</name>
      </input_file>
      <input_file id="fl-ef">
         <path>/Applications/TI/ccs/tools/compiler/ti-cgt-arm_20.2.7.LTS/lib/</path>
         <kind>archive</kind>
         <file>rtsv7M4_T_le_eabi.lib</file>
         <name>s_frexp.c.obj</name>
      </input_file>
      <input_file id="fl-f0">
         <path>/Applications/TI/ccs/tools/compiler/ti-cgt-arm_20.2.7.LTS/lib/</path>
         <kind>archive</kind>
         <file>rtsv7M4_T_le_eabi.lib</file>
         <name>s_scalbn.c.obj</name>
      </input_file>
      <input_file id="fl-f1">
         <path>/Applications/TI/ccs/tools/compiler/ti-cgt-arm_20.2.7.LTS/lib/</path>
         <kind>archive</kind>
         <file>rtsv7M4_T_le_eabi.lib</file>
         <name>fflush.c.obj</name>
      </input_file>
      <input_file id="fl-f2">
         <path>/Applications/TI/ccs/tools/compiler/ti-cgt-arm_20.2.7.LTS/lib/</path>
         <kind>archive</kind>
         <file>rtsv7M4_T_le_eabi.lib</file>
         <name>fopen.c.obj</name>
      </input_file>
      <input_file id="fl-f3">
         <path>/Applications/TI/ccs/tools/compiler/ti-cgt-arm_20.2.7.LTS/lib/</path>
         <kind>archive</kind>
         <file>rtsv7M4_T_le_eabi.lib</file>
         <name>fseek.c.obj</name>
      </input_file>
      <input_file id="fl-f4">
         <path>/Applications/TI/ccs/tools/compiler/ti-cgt-arm_20.2.7.LTS/lib/</path>
         <kind>archive</kind>
         <file>rtsv7M4_T_le_eabi.lib</file>
         <name>div0.asm.obj</name>
      </input_file>
      <input_file id="fl-f5">
         <path>/Applications/TI/ccs/tools/compiler/ti-cgt-arm_20.2.7.LTS/lib/</path>
         <kind>archive</kind>
         <file>rtsv7M4_T_le_eabi.lib</file>
         <name>autoinit.c.obj</name>
      </input_file>
      <input_file id="fl-f6">
         <path>/Applications/TI/ccs/tools/compiler/ti-cgt-arm_20.2.7.LTS/lib/</path>
         <kind>archive</kind>
         <file>rtsv7M4_T_le_eabi.lib</file>
         <name>pre_init.c.obj</name>
      </input_file>
      <input_file id="fl-f7">
         <path>/Applications/TI/ccs/tools/compiler/ti-cgt-arm_20.2.7.LTS/lib/</path>
         <kind>archive</kind>
         <file>rtsv7M4_T_le_eabi.lib</file>
         <name>cpy_tbl.c.obj</name>
      </input_file>
      <input_file id="fl-f8">
         <path>/Applications/TI/ccs/tools/compiler/ti-cgt-arm_20.2.7.LTS/lib/</path>
         <kind>archive</kind>
         <file>rtsv7M4_T_le_eabi.lib</file>
         <name>args_main.c.obj</name>
      </input_file>
      <input_file id="fl-f9">
         <path>/Applications/TI/ccs/tools/compiler/ti-cgt-arm_20.2.7.LTS/lib/</path>
         <kind>archive</kind>
         <file>rtsv7M4_T_le_eabi.lib</file>
         <name>hostclose.c.obj</name>
      </input_file>
      <input_file id="fl-fa">
         <path>/Applications/TI/ccs/tools/compiler/ti-cgt-arm_20.2.7.LTS/lib/</path>
         <kind>archive</kind>
         <file>rtsv7M4_T_le_eabi.lib</file>
         <name>hostlseek.c.obj</name>
      </input_file>
      <input_file id="fl-fb">
         <path>/Applications/TI/ccs/tools/compiler/ti-cgt-arm_20.2.7.LTS/lib/</path>
         <kind>archive</kind>
         <file>rtsv7M4_T_le_eabi.lib</file>
         <name>hostopen.c.obj</name>
      </input_file>
      <input_file id="fl-fc">
         <path>/Applications/TI/ccs/tools/compiler/ti-cgt-arm_20.2.7.LTS/lib/</path>
         <kind>archive</kind>
         <file>rtsv7M4_T_le_eabi.lib</file>
         <name>hostread.c.obj</name>
      </input_file>
      <input_file id="fl-fd">
         <path>/Applications/TI/ccs/tools/compiler/ti-cgt-arm_20.2.7.LTS/lib/</path>
         <kind>archive</kind>
         <file>rtsv7M4_T_le_eabi.lib</file>
         <name>hostrename.c.obj</name>
      </input_file>
      <input_file id="fl-fe">
         <path>/Applications/TI/ccs/tools/compiler/ti-cgt-arm_20.2.7.LTS/lib/</path>
         <kind>archive</kind>
         <file>rtsv7M4_T_le_eabi.lib</file>
         <name>hostunlink.c.obj</name>
      </input_file>
      <input_file id="fl-ff">
         <path>/Applications/TI/ccs/tools/compiler/ti-cgt-arm_20.2.7.LTS/lib/</path>
         <kind>archive</kind>
         <file>rtsv7M4_T_le_eabi.lib</file>
         <name>hostwrite.c.obj</name>
      </input_file>
      <input_file id="fl-100">
         <path>/Applications/TI/ccs/tools/compiler/ti-cgt-arm_20.2.7.LTS/lib/</path>
         <kind>archive</kind>
         <file>rtsv7M4_T_le_eabi.lib</file>
         <name>trgmsg.c.obj</name>
      </input_file>
      <input_file id="fl-101">
         <path>/Applications/TI/ccs/tools/compiler/ti-cgt-arm_20.2.7.LTS/lib/</path>
         <kind>archive</kind>
         <file>rtsv7M4_T_le_eabi.lib</file>
         <name>open.c.obj</name>
      </input_file>
      <input_file id="fl-102">
         <path>/Applications/TI/ccs/tools/compiler/ti-cgt-arm_20.2.7.LTS/lib/</path>
         <kind>archive</kind>
         <file>rtsv7M4_T_le_eabi.lib</file>
         <name>lseek.c.obj</name>
      </input_file>
      <input_file id="fl-103">
         <path>/Applications/TI/ccs/tools/compiler/ti-cgt-arm_20.2.7.LTS/lib/</path>
         <kind>archive</kind>
         <file>rtsv7M4_T_le_eabi.lib</file>
         <name>s_copysign.c.obj</name>
      </input_file>
      <input_file id="fl-104">
         <path>/Applications/TI/ccs/tools/compiler/ti-cgt-arm_20.2.7.LTS/lib/</path>
         <kind>archive</kind>
         <file>rtsv7M4_T_le_eabi.lib</file>
         <name>fclose.c.obj</name>
      </input_file>
      <input_file id="fl-105">
         <path>/Applications/TI/ccs/tools/compiler/ti-cgt-arm_20.2.7.LTS/lib/</path>
         <kind>archive</kind>
         <file>rtsv7M4_T_le_eabi.lib</file>
         <name>getdevice.c.obj</name>
      </input_file>
      <input_file id="fl-106">
         <path>/Applications/TI/ccs/tools/compiler/ti-cgt-arm_20.2.7.LTS/lib/</path>
         <kind>archive</kind>
         <file>rtsv7M4_T_le_eabi.lib</file>
         <name>strcmp.c.obj</name>
      </input_file>
      <input_file id="fl-107">
         <path>/Applications/TI/ccs/tools/compiler/ti-cgt-arm_20.2.7.LTS/lib/</path>
         <kind>archive</kind>
         <file>rtsv7M4_T_le_eabi.lib</file>
         <name>remove.c.obj</name>
      </input_file>
      <input_file id="fl-108">
         <path>/Applications/TI/ccs/tools/compiler/ti-cgt-arm_20.2.7.LTS/lib/</path>
         <kind>archive</kind>
         <file>rtsv7M4_T_le_eabi.lib</file>
         <name>close.c.obj</name>
      </input_file>
      <input_file id="fl-109">
         <path>/Applications/TI/ccs/tools/compiler/ti-cgt-arm_20.2.7.LTS/lib/</path>
         <kind>archive</kind>
         <file>rtsv7M4_T_le_eabi.lib</file>
         <name>unlink.c.obj</name>
      </input_file>
      <input_file id="fl-10a">
         <path>/Users/bud/Documents/EEC172/Lab/cc3200-support/cc3200sdk_1.5.0/cc3200-sdk/driverlib/ccs/Release/</path>
         <kind>archive</kind>
         <file>driverlib.a</file>
         <name>gpio.obj</name>
      </input_file>
      <input_file id="fl-10b">
         <path>/Users/bud/Documents/EEC172/Lab/cc3200-support/cc3200sdk_1.5.0/cc3200-sdk/driverlib/ccs/Release/</path>
         <kind>archive</kind>
         <file>driverlib.a</file>
         <name>interrupt.obj</name>
      </input_file>
      <input_file id="fl-10c">
         <path>/Users/bud/Documents/EEC172/Lab/cc3200-support/cc3200sdk_1.5.0/cc3200-sdk/driverlib/ccs/Release/</path>
         <kind>archive</kind>
         <file>driverlib.a</file>
         <name>pin.obj</name>
      </input_file>
      <input_file id="fl-10d">
         <path>/Users/bud/Documents/EEC172/Lab/cc3200-support/cc3200sdk_1.5.0/cc3200-sdk/driverlib/ccs/Release/</path>
         <kind>archive</kind>
         <file>driverlib.a</file>
         <name>prcm.obj</name>
      </input_file>
      <input_file id="fl-10e">
         <path>/Users/bud/Documents/EEC172/Lab/cc3200-support/cc3200sdk_1.5.0/cc3200-sdk/driverlib/ccs/Release/</path>
         <kind>archive</kind>
         <file>driverlib.a</file>
         <name>spi.obj</name>
      </input_file>
      <input_file id="fl-10f">
         <path>/Users/bud/Documents/EEC172/Lab/cc3200-support/cc3200sdk_1.5.0/cc3200-sdk/driverlib/ccs/Release/</path>
         <kind>archive</kind>
         <file>driverlib.a</file>
         <name>timer.obj</name>
      </input_file>
      <input_file id="fl-110">
         <path>/Users/bud/Documents/EEC172/Lab/cc3200-support/cc3200sdk_1.5.0/cc3200-sdk/driverlib/ccs/Release/</path>
         <kind>archive</kind>
         <file>driverlib.a</file>
         <name>uart.obj</name>
      </input_file>
      <input_file id="fl-111">
         <path>/Users/bud/Documents/EEC172/Lab/cc3200-support/cc3200sdk_1.5.0/cc3200-sdk/driverlib/ccs/Release/</path>
         <kind>archive</kind>
         <file>driverlib.a</file>
         <name>utils.obj</name>
      </input_file>
      <input_file id="fl-112">
         <path>/Users/bud/Documents/EEC172/Lab/cc3200-support/cc3200sdk_1.5.0/cc3200-sdk/driverlib/ccs/Release/</path>
         <kind>archive</kind>
         <file>driverlib.a</file>
         <name>cpu.obj</name>
      </input_file>
      <input_file id="fl-113">
         <path>/Users/bud/Documents/EEC172/Lab/cc3200-support/cc3200sdk_1.5.0/cc3200-sdk/driverlib/ccs/Release/</path>
         <kind>archive</kind>
         <file>driverlib.a</file>
         <name>flash.obj</name>
      </input_file>
      <input_file id="fl-114">
         <path>/Users/bud/Documents/EEC172/Lab/cc3200-support/cc3200sdk_1.5.0/cc3200-sdk/simplelink/ccs/NON_OS/</path>
         <kind>archive</kind>
         <file>simplelink.a</file>
         <name>device.obj</name>
      </input_file>
      <input_file id="fl-115">
         <path>/Users/bud/Documents/EEC172/Lab/cc3200-support/cc3200sdk_1.5.0/cc3200-sdk/simplelink/ccs/NON_OS/</path>
         <kind>archive</kind>
         <file>simplelink.a</file>
         <name>driver.obj</name>
      </input_file>
      <input_file id="fl-116">
         <path>/Users/bud/Documents/EEC172/Lab/cc3200-support/cc3200sdk_1.5.0/cc3200-sdk/simplelink/ccs/NON_OS/</path>
         <kind>archive</kind>
         <file>simplelink.a</file>
         <name>netapp.obj</name>
      </input_file>
      <input_file id="fl-117">
         <path>/Users/bud/Documents/EEC172/Lab/cc3200-support/cc3200sdk_1.5.0/cc3200-sdk/simplelink/ccs/NON_OS/</path>
         <kind>archive</kind>
         <file>simplelink.a</file>
         <name>netcfg.obj</name>
      </input_file>
      <input_file id="fl-118">
         <path>/Users/bud/Documents/EEC172/Lab/cc3200-support/cc3200sdk_1.5.0/cc3200-sdk/simplelink/ccs/NON_OS/</path>
         <kind>archive</kind>
         <file>simplelink.a</file>
         <name>nonos.obj</name>
      </input_file>
      <input_file id="fl-119">
         <path>/Users/bud/Documents/EEC172/Lab/cc3200-support/cc3200sdk_1.5.0/cc3200-sdk/simplelink/ccs/NON_OS/</path>
         <kind>archive</kind>
         <file>simplelink.a</file>
         <name>socket.obj</name>
      </input_file>
      <input_file id="fl-11a">
         <path>/Users/bud/Documents/EEC172/Lab/cc3200-support/cc3200sdk_1.5.0/cc3200-sdk/simplelink/ccs/NON_OS/</path>
         <kind>archive</kind>
         <file>simplelink.a</file>
         <name>wlan.obj</name>
      </input_file>
      <input_file id="fl-11b">
         <path>/Users/bud/Documents/EEC172/Lab/cc3200-support/cc3200sdk_1.5.0/cc3200-sdk/simplelink/ccs/NON_OS/</path>
         <kind>archive</kind>
         <file>simplelink.a</file>
         <name>cc_pal.obj</name>
      </input_file>
      <input_file id="fl-11c">
         <path>/Users/bud/Documents/EEC172/Lab/cc3200-support/cc3200sdk_1.5.0/cc3200-sdk/driverlib/ccs/Release/</path>
         <kind>archive</kind>
         <file>driverlib.a</file>
         <name>udma.obj</name>
      </input_file>
   </input_file_list>
   <object_component_list>
      <object_component id="oc-12">
         <name>.intvecs</name>
         <load_address>0x20004000</load_address>
         <run_address>0x20004000</run_address>
         <size>0x400</size>
         <input_file_ref idref="fl-8"/>
      </object_component>
      <object_component id="oc-97">
         <name>.text</name>
         <load_address>0x20004400</load_address>
         <run_address>0x20004400</run_address>
         <size>0x1450</size>
         <input_file_ref idref="fl-4"/>
      </object_component>
      <object_component id="oc-1a7">
         <name>.text</name>
         <load_address>0x20005850</load_address>
         <run_address>0x20005850</run_address>
         <size>0xecc</size>
         <input_file_ref idref="fl-b"/>
      </object_component>
      <object_component id="oc-113">
         <name>.text</name>
         <load_address>0x2000671c</load_address>
         <run_address>0x2000671c</run_address>
         <size>0xa80</size>
         <input_file_ref idref="fl-1"/>
      </object_component>
      <object_component id="oc-46d">
         <name>.text:__TI_printfi</name>
         <load_address>0x2000719c</load_address>
         <run_address>0x2000719c</run_address>
         <size>0xa4e</size>
         <input_file_ref idref="fl-c8"/>
      </object_component>
      <object_component id="oc-77f">
         <name>.text:IntDefaultHandler</name>
         <load_address>0x20007bea</load_address>
         <run_address>0x20007bea</run_address>
         <size>0x2</size>
         <input_file_ref idref="fl-10b"/>
      </object_component>
      <object_component id="oc-79b">
         <name>.text:_SlDrvMsgRead</name>
         <load_address>0x20007bec</load_address>
         <run_address>0x20007bec</run_address>
         <size>0x590</size>
         <input_file_ref idref="fl-115"/>
      </object_component>
      <object_component id="oc-10d">
         <name>.text</name>
         <load_address>0x2000817c</load_address>
         <run_address>0x2000817c</run_address>
         <size>0x4a6</size>
         <input_file_ref idref="fl-2"/>
      </object_component>
      <object_component id="oc-6fa">
         <name>.text:_nop</name>
         <load_address>0x20008622</load_address>
         <run_address>0x20008622</run_address>
         <size>0x2</size>
         <input_file_ref idref="fl-dd"/>
      </object_component>
      <object_component id="oc-1a1">
         <name>.text</name>
         <load_address>0x20008624</load_address>
         <run_address>0x20008624</run_address>
         <size>0x398</size>
         <input_file_ref idref="fl-3"/>
      </object_component>
      <object_component id="oc-43d">
         <name>.text:sl_WlanConnect</name>
         <load_address>0x200089bc</load_address>
         <run_address>0x200089bc</run_address>
         <size>0x280</size>
         <input_file_ref idref="fl-11a"/>
      </object_component>
      <object_component id="oc-dd">
         <name>.text</name>
         <load_address>0x20008c3c</load_address>
         <run_address>0x20008c3c</run_address>
         <size>0x27c</size>
         <input_file_ref idref="fl-a"/>
      </object_component>
      <object_component id="oc-6d6">
         <name>.text:_pconv_a</name>
         <load_address>0x20008eb8</load_address>
         <run_address>0x20008eb8</run_address>
         <size>0x268</size>
         <input_file_ref idref="fl-c8"/>
      </object_component>
      <object_component id="oc-938">
         <name>.text:_SlDrvRxHdrRead</name>
         <load_address>0x20009120</load_address>
         <run_address>0x20009120</run_address>
         <size>0x248</size>
         <input_file_ref idref="fl-115"/>
      </object_component>
      <object_component id="oc-4d7">
         <name>.text:_SlDrvDataReadOp</name>
         <load_address>0x20009368</load_address>
         <run_address>0x20009368</run_address>
         <size>0x1e4</size>
         <input_file_ref idref="fl-115"/>
      </object_component>
      <object_component id="oc-60f">
         <name>.text:_SlDrvReleasePoolObj</name>
         <load_address>0x2000954c</load_address>
         <run_address>0x2000954c</run_address>
         <size>0x1d0</size>
         <input_file_ref idref="fl-115"/>
      </object_component>
      <object_component id="oc-6c4">
         <name>.text:_pconv_g</name>
         <load_address>0x2000971c</load_address>
         <run_address>0x2000971c</run_address>
         <size>0x1cc</size>
         <input_file_ref idref="fl-c8"/>
      </object_component>
      <object_component id="oc-88f">
         <name>.text</name>
         <load_address>0x200098e8</load_address>
         <run_address>0x200098e8</run_address>
         <size>0x1b6</size>
         <input_file_ref idref="fl-d0"/>
      </object_component>
      <object_component id="oc-98c">
         <name>.text</name>
         <load_address>0x20009a9e</load_address>
         <run_address>0x20009a9e</run_address>
         <size>0x2</size>
         <input_file_ref idref="fl-f4"/>
      </object_component>
      <object_component id="oc-5e5">
         <name>.text:_SlDrvDriverCBInit</name>
         <load_address>0x20009aa0</load_address>
         <run_address>0x20009aa0</run_address>
         <size>0x1b4</size>
         <input_file_ref idref="fl-115"/>
      </object_component>
      <object_component id="oc-59c">
         <name>.text:_SlDrvMsgWrite</name>
         <load_address>0x20009c54</load_address>
         <run_address>0x20009c54</run_address>
         <size>0x19c</size>
         <input_file_ref idref="fl-115"/>
      </object_component>
      <object_component id="oc-119">
         <name>.text</name>
         <load_address>0x20009df0</load_address>
         <run_address>0x20009df0</run_address>
         <size>0x198</size>
         <input_file_ref idref="fl-9"/>
      </object_component>
      <object_component id="oc-67e">
         <name>.text:_SlDrvWaitForPoolObj</name>
         <load_address>0x20009f88</load_address>
         <run_address>0x20009f88</run_address>
         <size>0x190</size>
         <input_file_ref idref="fl-115"/>
      </object_component>
      <object_component id="oc-466">
         <name>.text:sl_Connect</name>
         <load_address>0x2000a118</load_address>
         <run_address>0x2000a118</run_address>
         <size>0x18c</size>
         <input_file_ref idref="fl-119"/>
      </object_component>
      <object_component id="oc-161">
         <name>.text:PRCMCC3200MCUInit</name>
         <load_address>0x2000a2a4</load_address>
         <run_address>0x2000a2a4</run_address>
         <size>0x178</size>
         <input_file_ref idref="fl-10d"/>
      </object_component>
      <object_component id="oc-94a">
         <name>.text:_SlFindAndSetActiveObj</name>
         <load_address>0x2000a41c</load_address>
         <run_address>0x2000a41c</run_address>
         <size>0x170</size>
         <input_file_ref idref="fl-115"/>
      </object_component>
      <object_component id="oc-4c3">
         <name>.text:_SlDrvDataWriteOp</name>
         <load_address>0x2000a58c</load_address>
         <run_address>0x2000a58c</run_address>
         <size>0x150</size>
         <input_file_ref idref="fl-115"/>
      </object_component>
      <object_component id="oc-5eb">
         <name>.text:spi_Open</name>
         <load_address>0x2000a6dc</load_address>
         <run_address>0x2000a6dc</run_address>
         <size>0x148</size>
         <input_file_ref idref="fl-11b"/>
      </object_component>
      <object_component id="oc-5a2">
         <name>.text:_SlDrvMsgReadCmdCtx</name>
         <load_address>0x2000a824</load_address>
         <run_address>0x2000a824</run_address>
         <size>0x144</size>
         <input_file_ref idref="fl-115"/>
      </object_component>
      <object_component id="oc-448">
         <name>.text:sl_NetAppDnsGetHostByName</name>
         <load_address>0x2000a968</load_address>
         <run_address>0x2000a968</run_address>
         <size>0x144</size>
         <input_file_ref idref="fl-116"/>
      </object_component>
      <object_component id="oc-195">
         <name>.text</name>
         <load_address>0x2000aaac</load_address>
         <run_address>0x2000aaac</run_address>
         <size>0x140</size>
         <input_file_ref idref="fl-7"/>
      </object_component>
      <object_component id="oc-6d0">
         <name>.text:_pconv_e</name>
         <load_address>0x2000abec</load_address>
         <run_address>0x2000abec</run_address>
         <size>0x13c</size>
         <input_file_ref idref="fl-c8"/>
      </object_component>
      <object_component id="oc-875">
         <name>.text</name>
         <load_address>0x2000ad28</load_address>
         <run_address>0x2000ad28</run_address>
         <size>0x136</size>
         <input_file_ref idref="fl-d2"/>
      </object_component>
      <object_component id="oc-1df">
         <name>.text:sl_Send</name>
         <load_address>0x2000ae60</load_address>
         <run_address>0x2000ae60</run_address>
         <size>0x134</size>
         <input_file_ref idref="fl-119"/>
      </object_component>
      <object_component id="oc-63d">
         <name>.text:_SlDrvDriverCBDeinit</name>
         <load_address>0x2000af94</load_address>
         <run_address>0x2000af94</run_address>
         <size>0x130</size>
         <input_file_ref idref="fl-115"/>
      </object_component>
      <object_component id="oc-8a1">
         <name>.text:fcvt</name>
         <load_address>0x2000b0c4</load_address>
         <run_address>0x2000b0c4</run_address>
         <size>0x120</size>
         <input_file_ref idref="fl-c8"/>
      </object_component>
      <object_component id="oc-708">
         <name>.text:fputs</name>
         <load_address>0x2000b1e4</load_address>
         <run_address>0x2000b1e4</run_address>
         <size>0x114</size>
         <input_file_ref idref="fl-cd"/>
      </object_component>
      <object_component id="oc-9f9">
         <name>.text:_SlDrvNetAppEventHandler</name>
         <load_address>0x2000b2f8</load_address>
         <run_address>0x2000b2f8</run_address>
         <size>0x104</size>
         <input_file_ref idref="fl-116"/>
      </object_component>
      <object_component id="oc-519">
         <name>.text:aligned_alloc</name>
         <load_address>0x2000b3fc</load_address>
         <run_address>0x2000b3fc</run_address>
         <size>0x100</size>
         <input_file_ref idref="fl-e5"/>
      </object_component>
      <object_component id="oc-870">
         <name>.text</name>
         <load_address>0x2000b4fc</load_address>
         <run_address>0x2000b4fc</run_address>
         <size>0xfc</size>
         <input_file_ref idref="fl-d3"/>
      </object_component>
      <object_component id="oc-400">
         <name>.text:sl_Stop</name>
         <load_address>0x2000b5f8</load_address>
         <run_address>0x2000b5f8</run_address>
         <size>0xf0</size>
         <input_file_ref idref="fl-114"/>
      </object_component>
      <object_component id="oc-944">
         <name>.text:spi_Read</name>
         <load_address>0x2000b6e8</load_address>
         <run_address>0x2000b6e8</run_address>
         <size>0xf0</size>
         <input_file_ref idref="fl-11b"/>
      </object_component>
      <object_component id="oc-a6e">
         <name>.text:uDMAChannelTransferSet</name>
         <load_address>0x2000b7d8</load_address>
         <run_address>0x2000b7d8</run_address>
         <size>0xf0</size>
         <input_file_ref idref="fl-11c"/>
      </object_component>
      <object_component id="oc-3ee">
         <name>.text:sl_Start</name>
         <load_address>0x2000b8c8</load_address>
         <run_address>0x2000b8c8</run_address>
         <size>0xec</size>
         <input_file_ref idref="fl-114"/>
      </object_component>
      <object_component id="oc-7a1">
         <name>.text:_SlAsyncEventGenericHandler</name>
         <load_address>0x2000b9b4</load_address>
         <run_address>0x2000b9b4</run_address>
         <size>0xe8</size>
         <input_file_ref idref="fl-115"/>
      </object_component>
      <object_component id="oc-7b4">
         <name>.text:_SlDrvMsgReadSpawnCtx</name>
         <load_address>0x2000ba9c</load_address>
         <run_address>0x2000ba9c</run_address>
         <size>0xe8</size>
         <input_file_ref idref="fl-115"/>
      </object_component>
      <object_component id="oc-258">
         <name>.text:free</name>
         <load_address>0x2000bb84</load_address>
         <run_address>0x2000bb84</run_address>
         <size>0xe4</size>
         <input_file_ref idref="fl-e5"/>
      </object_component>
      <object_component id="oc-252">
         <name>.text:realloc</name>
         <load_address>0x2000bc68</load_address>
         <run_address>0x2000bc68</run_address>
         <size>0xe4</size>
         <input_file_ref idref="fl-e5"/>
      </object_component>
      <object_component id="oc-668">
         <name>.text:sl_NetAppMDNSRegisterUnregisterService</name>
         <load_address>0x2000bd4c</load_address>
         <run_address>0x2000bd4c</run_address>
         <size>0xe4</size>
         <input_file_ref idref="fl-116"/>
      </object_component>
      <object_component id="oc-93e">
         <name>.text:_SlDrvClassifyRxMsg</name>
         <load_address>0x2000be30</load_address>
         <run_address>0x2000be30</run_address>
         <size>0xdc</size>
         <input_file_ref idref="fl-115"/>
      </object_component>
      <object_component id="oc-9c7">
         <name>.text:setvbuf</name>
         <load_address>0x2000bf0c</load_address>
         <run_address>0x2000bf0c</run_address>
         <size>0xdc</size>
         <input_file_ref idref="fl-cf"/>
      </object_component>
      <object_component id="oc-27d">
         <name>.text:SPITransfer32</name>
         <load_address>0x2000bfe8</load_address>
         <run_address>0x2000bfe8</run_address>
         <size>0xd0</size>
         <input_file_ref idref="fl-10e"/>
      </object_component>
      <object_component id="oc-8b5">
         <name>.text:scalbn</name>
         <load_address>0x2000c0b8</load_address>
         <run_address>0x2000c0b8</run_address>
         <size>0xd0</size>
         <input_file_ref idref="fl-f0"/>
      </object_component>
      <object_component id="oc-277">
         <name>.text:SPITransfer16</name>
         <load_address>0x2000c188</load_address>
         <run_address>0x2000c188</run_address>
         <size>0xce</size>
         <input_file_ref idref="fl-10e"/>
      </object_component>
      <object_component id="oc-a99">
         <name>.text:_sl_HandleAsync_DnsGetHostByService</name>
         <load_address>0x2000c258</load_address>
         <run_address>0x2000c258</run_address>
         <size>0xcc</size>
         <input_file_ref idref="fl-116"/>
      </object_component>
      <object_component id="oc-406">
         <name>.text:sl_DevGet</name>
         <load_address>0x2000c324</load_address>
         <run_address>0x2000c324</run_address>
         <size>0xcc</size>
         <input_file_ref idref="fl-114"/>
      </object_component>
      <object_component id="oc-80f">
         <name>.text:_SlRemoveFromList</name>
         <load_address>0x2000c3f0</load_address>
         <run_address>0x2000c3f0</run_address>
         <size>0xc4</size>
         <input_file_ref idref="fl-115"/>
      </object_component>
      <object_component id="oc-35a">
         <name>.text:_SlDrvCmdOp</name>
         <load_address>0x2000c4b4</load_address>
         <run_address>0x2000c4b4</run_address>
         <size>0xc0</size>
         <input_file_ref idref="fl-115"/>
      </object_component>
      <object_component id="oc-271">
         <name>.text:SPITransfer8</name>
         <load_address>0x2000c574</load_address>
         <run_address>0x2000c574</run_address>
         <size>0xb8</size>
         <input_file_ref idref="fl-10e"/>
      </object_component>
      <object_component id="oc-6b9">
         <name>.text:_ltostr</name>
         <load_address>0x2000c62c</load_address>
         <run_address>0x2000c62c</run_address>
         <size>0xb1</size>
         <input_file_ref idref="fl-c8"/>
      </object_component>
      <object_component id="oc-735">
         <name>.text:_SlNonOsSemGet</name>
         <load_address>0x2000c6e0</load_address>
         <run_address>0x2000c6e0</run_address>
         <size>0xb0</size>
         <input_file_ref idref="fl-118"/>
      </object_component>
      <object_component id="oc-562">
         <name>.text:IntDisable</name>
         <load_address>0x2000c790</load_address>
         <run_address>0x2000c790</run_address>
         <size>0xa8</size>
         <input_file_ref idref="fl-10b"/>
      </object_component>
      <object_component id="oc-15b">
         <name>.text:IntEnable</name>
         <load_address>0x2000c838</load_address>
         <run_address>0x2000c838</run_address>
         <size>0xa8</size>
         <input_file_ref idref="fl-10b"/>
      </object_component>
      <object_component id="oc-7a7">
         <name>.text:_SlDriverHandleError</name>
         <load_address>0x2000c8e0</load_address>
         <run_address>0x2000c8e0</run_address>
         <size>0xa4</size>
         <input_file_ref idref="fl-115"/>
      </object_component>
      <object_component id="oc-ef">
         <name>.text:SPIConfigSetExpClk</name>
         <load_address>0x2000c984</load_address>
         <run_address>0x2000c984</run_address>
         <size>0xa0</size>
         <input_file_ref idref="fl-10e"/>
      </object_component>
      <object_component id="oc-1eb">
         <name>.text:sl_Recv</name>
         <load_address>0x2000ca24</load_address>
         <run_address>0x2000ca24</run_address>
         <size>0xa0</size>
         <input_file_ref idref="fl-119"/>
      </object_component>
      <object_component id="oc-3d">
         <name>.text</name>
         <load_address>0x2000cac4</load_address>
         <run_address>0x2000cac4</run_address>
         <size>0x9c</size>
         <input_file_ref idref="fl-d6"/>
      </object_component>
      <object_component id="oc-a7f">
         <name>.text:_SlDrvDeviceEventHandler</name>
         <load_address>0x2000cb60</load_address>
         <run_address>0x2000cb60</run_address>
         <size>0x9a</size>
         <input_file_ref idref="fl-114"/>
      </object_component>
      <object_component id="oc-18b">
         <name>.text:sl_DevSet</name>
         <load_address>0x2000cbfc</load_address>
         <run_address>0x2000cbfc</run_address>
         <size>0x98</size>
         <input_file_ref idref="fl-114"/>
      </object_component>
      <object_component id="oc-41e">
         <name>.text:sl_NetCfgSet</name>
         <load_address>0x2000cc94</load_address>
         <run_address>0x2000cc94</run_address>
         <size>0x98</size>
         <input_file_ref idref="fl-117"/>
      </object_component>
      <object_component id="oc-460">
         <name>.text:sl_SetSockOpt</name>
         <load_address>0x2000cd2c</load_address>
         <run_address>0x2000cd2c</run_address>
         <size>0x98</size>
         <input_file_ref idref="fl-119"/>
      </object_component>
      <object_component id="oc-424">
         <name>.text:sl_WlanSet</name>
         <load_address>0x2000cdc4</load_address>
         <run_address>0x2000cdc4</run_address>
         <size>0x98</size>
         <input_file_ref idref="fl-11a"/>
      </object_component>
      <object_component id="oc-791">
         <name>.text:spi_Write</name>
         <load_address>0x2000ce5c</load_address>
         <run_address>0x2000ce5c</run_address>
         <size>0x98</size>
         <input_file_ref idref="fl-11b"/>
      </object_component>
      <object_component id="oc-869">
         <name>.text</name>
         <load_address>0x2000cef4</load_address>
         <run_address>0x2000cef4</run_address>
         <size>0x96</size>
         <input_file_ref idref="fl-d8"/>
      </object_component>
      <object_component id="oc-e9">
         <name>.text:PRCMPeripheralClockGet</name>
         <load_address>0x2000cf8c</load_address>
         <run_address>0x2000cf8c</run_address>
         <size>0x94</size>
         <input_file_ref idref="fl-10d"/>
      </object_component>
      <object_component id="oc-a93">
         <name>.text:_sl_HandleAsync_DnsGetHostByName</name>
         <load_address>0x2000d020</load_address>
         <run_address>0x2000d020</run_address>
         <size>0x90</size>
         <input_file_ref idref="fl-116"/>
      </object_component>
      <object_component id="oc-9ff">
         <name>.text:_sl_HandleAsync_PingResponse</name>
         <load_address>0x2000d0b0</load_address>
         <run_address>0x2000d0b0</run_address>
         <size>0x90</size>
         <input_file_ref idref="fl-116"/>
      </object_component>
      <object_component id="oc-40c">
         <name>.text:sl_WlanPolicySet</name>
         <load_address>0x2000d140</load_address>
         <run_address>0x2000d140</run_address>
         <size>0x90</size>
         <input_file_ref idref="fl-11a"/>
      </object_component>
      <object_component id="oc-a06">
         <name>.text:SetupDMAReceive</name>
         <load_address>0x2000d1d0</load_address>
         <run_address>0x2000d1d0</run_address>
         <size>0x8c</size>
         <input_file_ref idref="fl-11b"/>
      </object_component>
      <object_component id="oc-923">
         <name>.text:SetupDMASend</name>
         <load_address>0x2000d25c</load_address>
         <run_address>0x2000d25c</run_address>
         <size>0x8c</size>
         <input_file_ref idref="fl-11b"/>
      </object_component>
      <object_component id="oc-906">
         <name>.text:_SlDrvIsTimeoutExpired</name>
         <load_address>0x2000d2e8</load_address>
         <run_address>0x2000d2e8</run_address>
         <size>0x8c</size>
         <input_file_ref idref="fl-115"/>
      </object_component>
      <object_component id="oc-b13">
         <name>.text:_sl_HandleAsync_InitComplete</name>
         <load_address>0x2000d374</load_address>
         <run_address>0x2000d374</run_address>
         <size>0x8c</size>
         <input_file_ref idref="fl-114"/>
      </object_component>
      <object_component id="oc-70f">
         <name>.text:fputc</name>
         <load_address>0x2000d400</load_address>
         <run_address>0x2000d400</run_address>
         <size>0x8c</size>
         <input_file_ref idref="fl-cc"/>
      </object_component>
      <object_component id="oc-45a">
         <name>.text:sl_Socket</name>
         <load_address>0x2000d48c</load_address>
         <run_address>0x2000d48c</run_address>
         <size>0x8c</size>
         <input_file_ref idref="fl-119"/>
      </object_component>
      <object_component id="oc-5c9">
         <name>.text:PinConfigSet</name>
         <load_address>0x2000d518</load_address>
         <run_address>0x2000d518</run_address>
         <size>0x88</size>
         <input_file_ref idref="fl-10c"/>
      </object_component>
      <object_component id="oc-fb">
         <name>.text:SPITransfer</name>
         <load_address>0x2000d5a0</load_address>
         <run_address>0x2000d5a0</run_address>
         <size>0x88</size>
         <input_file_ref idref="fl-10e"/>
      </object_component>
      <object_component id="oc-6bf">
         <name>.text:__aeabi_cdcmple</name>
         <load_address>0x2000d628</load_address>
         <run_address>0x2000d628</run_address>
         <size>0x86</size>
         <input_file_ref idref="fl-d1"/>
      </object_component>
      <object_component id="oc-87a">
         <name>.text:__aeabi_cdrcmple</name>
         <load_address>0x2000d6ae</load_address>
         <run_address>0x2000d6ae</run_address>
         <size>0x86</size>
         <input_file_ref idref="fl-d1"/>
      </object_component>
      <object_component id="oc-433">
         <name>.text:sl_WlanRxFilterSet</name>
         <load_address>0x2000d734</load_address>
         <run_address>0x2000d734</run_address>
         <size>0x84</size>
         <input_file_ref idref="fl-11a"/>
      </object_component>
      <object_component id="oc-3c9">
         <name>.text:GPIOIntTypeSet</name>
         <load_address>0x2000d7b8</load_address>
         <run_address>0x2000d7b8</run_address>
         <size>0x82</size>
         <input_file_ref idref="fl-10a"/>
      </object_component>
      <object_component id="oc-abb">
         <name>.text:_sl_HandleAsync_Connect</name>
         <load_address>0x2000d83c</load_address>
         <run_address>0x2000d83c</run_address>
         <size>0x80</size>
         <input_file_ref idref="fl-119"/>
      </object_component>
      <object_component id="oc-a0c">
         <name>.text:spi_Read_CPU</name>
         <load_address>0x2000d8bc</load_address>
         <run_address>0x2000d8bc</run_address>
         <size>0x80</size>
         <input_file_ref idref="fl-11b"/>
      </object_component>
      <object_component id="oc-92f">
         <name>.text:spi_Write_CPU</name>
         <load_address>0x2000d93c</load_address>
         <run_address>0x2000d93c</run_address>
         <size>0x80</size>
         <input_file_ref idref="fl-11b"/>
      </object_component>
      <object_component id="oc-c5">
         <name>.text:SPIIntStatus</name>
         <load_address>0x2000d9bc</load_address>
         <run_address>0x2000d9bc</run_address>
         <size>0x7c</size>
         <input_file_ref idref="fl-10e"/>
      </object_component>
      <object_component id="oc-8b">
         <name>.text</name>
         <load_address>0x2000da38</load_address>
         <run_address>0x2000da38</run_address>
         <size>0x7a</size>
         <input_file_ref idref="fl-d7"/>
      </object_component>
      <object_component id="oc-637">
         <name>.text:spi_Close</name>
         <load_address>0x2000dab4</load_address>
         <run_address>0x2000dab4</run_address>
         <size>0x78</size>
         <input_file_ref idref="fl-11b"/>
      </object_component>
      <object_component id="oc-16d">
         <name>.text:UARTConfigSetExpClk</name>
         <load_address>0x2000db2c</load_address>
         <run_address>0x2000db2c</run_address>
         <size>0x76</size>
         <input_file_ref idref="fl-110"/>
      </object_component>
      <object_component id="oc-3f4">
         <name>.text:_SlNonOsMainLoopTask</name>
         <load_address>0x2000dba4</load_address>
         <run_address>0x2000dba4</run_address>
         <size>0x74</size>
         <input_file_ref idref="fl-118"/>
      </object_component>
      <object_component id="oc-ad3">
         <name>.text:__TI_closefile</name>
         <load_address>0x2000dc18</load_address>
         <run_address>0x2000dc18</run_address>
         <size>0x74</size>
         <input_file_ref idref="fl-104"/>
      </object_component>
      <object_component id="oc-2c6">
         <name>.text:TimerIntRegister</name>
         <load_address>0x2000dc8c</load_address>
         <run_address>0x2000dc8c</run_address>
         <size>0x70</size>
         <input_file_ref idref="fl-10f"/>
      </object_component>
      <object_component id="oc-526">
         <name>.text:split</name>
         <load_address>0x2000dcfc</load_address>
         <run_address>0x2000dcfc</run_address>
         <size>0x70</size>
         <input_file_ref idref="fl-e5"/>
      </object_component>
      <object_component id="oc-89a">
         <name>.text:_mcpy</name>
         <load_address>0x2000dd6c</load_address>
         <run_address>0x2000dd6c</run_address>
         <size>0x6e</size>
         <input_file_ref idref="fl-c8"/>
      </object_component>
      <object_component id="oc-b03">
         <name>.text:HOSTrename</name>
         <load_address>0x2000dddc</load_address>
         <run_address>0x2000dddc</run_address>
         <size>0x6c</size>
         <input_file_ref idref="fl-fd"/>
      </object_component>
      <object_component id="oc-b2b">
         <name>.text:_SlDrvCmdSend</name>
         <load_address>0x2000de48</load_address>
         <run_address>0x2000de48</run_address>
         <size>0x6c</size>
         <input_file_ref idref="fl-115"/>
      </object_component>
      <object_component id="oc-aa5">
         <name>.text:_sl_NetAppSendTokenValue</name>
         <load_address>0x2000deb4</load_address>
         <run_address>0x2000deb4</run_address>
         <size>0x6c</size>
         <input_file_ref idref="fl-116"/>
      </object_component>
      <object_component id="oc-af7">
         <name>.text:HOSTlseek</name>
         <load_address>0x2000df20</load_address>
         <run_address>0x2000df20</run_address>
         <size>0x68</size>
         <input_file_ref idref="fl-fa"/>
      </object_component>
      <object_component id="oc-2f6">
         <name>.text:TimerIntUnregister</name>
         <load_address>0x2000df88</load_address>
         <run_address>0x2000df88</run_address>
         <size>0x68</size>
         <input_file_ref idref="fl-10f"/>
      </object_component>
      <object_component id="oc-15">
         <name>.text:decompress:lzss:__TI_decompress_lzss</name>
         <load_address>0x2000dff0</load_address>
         <run_address>0x2000dff0</run_address>
         <size>0x68</size>
         <input_file_ref idref="fl-db"/>
      </object_component>
      <object_component id="oc-1ad">
         <name>.text:printf</name>
         <load_address>0x2000e058</load_address>
         <run_address>0x2000e058</run_address>
         <size>0x68</size>
         <input_file_ref idref="fl-c7"/>
      </object_component>
      <object_component id="oc-7ad">
         <name>.text:_SlNonOsSpawn</name>
         <load_address>0x2000e0c0</load_address>
         <run_address>0x2000e0c0</run_address>
         <size>0x64</size>
         <input_file_ref idref="fl-118"/>
      </object_component>
      <object_component id="oc-ab5">
         <name>.text:_sl_HandleAsync_Accept</name>
         <load_address>0x2000e124</load_address>
         <run_address>0x2000e124</run_address>
         <size>0x64</size>
         <input_file_ref idref="fl-119"/>
      </object_component>
      <object_component id="oc-9c1">
         <name>.text:fseek</name>
         <load_address>0x2000e188</load_address>
         <run_address>0x2000e188</run_address>
         <size>0x64</size>
         <input_file_ref idref="fl-f3"/>
      </object_component>
      <object_component id="oc-42a">
         <name>.text:sl_NetAppMDNSUnRegisterService</name>
         <load_address>0x2000e1ec</load_address>
         <run_address>0x2000e1ec</run_address>
         <size>0x64</size>
         <input_file_ref idref="fl-116"/>
      </object_component>
      <object_component id="oc-964">
         <name>.text:uDMAChannelAttributeDisable</name>
         <load_address>0x2000e250</load_address>
         <run_address>0x2000e250</run_address>
         <size>0x64</size>
         <input_file_ref idref="fl-11c"/>
      </object_component>
      <object_component id="oc-a68">
         <name>.text:uDMAChannelAttributeEnable</name>
         <load_address>0x2000e2b4</load_address>
         <run_address>0x2000e2b4</run_address>
         <size>0x64</size>
         <input_file_ref idref="fl-11c"/>
      </object_component>
      <object_component id="oc-8e1">
         <name>.text:__TI_wrt_ok</name>
         <load_address>0x2000e318</load_address>
         <run_address>0x2000e318</run_address>
         <size>0x62</size>
         <input_file_ref idref="fl-ce"/>
      </object_component>
      <object_component id="oc-adf">
         <name>.text:HOSTopen</name>
         <load_address>0x2000e37c</load_address>
         <run_address>0x2000e37c</run_address>
         <size>0x60</size>
         <input_file_ref idref="fl-fb"/>
      </object_component>
      <object_component id="oc-1e5">
         <name>.text:sl_Close</name>
         <load_address>0x2000e3dc</load_address>
         <run_address>0x2000e3dc</run_address>
         <size>0x60</size>
         <input_file_ref idref="fl-119"/>
      </object_component>
      <object_component id="oc-412">
         <name>.text:sl_WlanProfileDel</name>
         <load_address>0x2000e43c</load_address>
         <run_address>0x2000e43c</run_address>
         <size>0x60</size>
         <input_file_ref idref="fl-11a"/>
      </object_component>
      <object_component id="oc-3fa">
         <name>.text:sl_WlanSetMode</name>
         <load_address>0x2000e49c</load_address>
         <run_address>0x2000e49c</run_address>
         <size>0x60</size>
         <input_file_ref idref="fl-11a"/>
      </object_component>
      <object_component id="oc-b3c">
         <name>.text:close</name>
         <load_address>0x2000e4fc</load_address>
         <run_address>0x2000e4fc</run_address>
         <size>0x5c</size>
         <input_file_ref idref="fl-108"/>
      </object_component>
      <object_component id="oc-8af">
         <name>.text:frexp</name>
         <load_address>0x2000e558</load_address>
         <run_address>0x2000e558</run_address>
         <size>0x5c</size>
         <input_file_ref idref="fl-ef"/>
      </object_component>
      <object_component id="oc-aeb">
         <name>.text:HOSTread</name>
         <load_address>0x2000e5b4</load_address>
         <run_address>0x2000e5b4</run_address>
         <size>0x58</size>
         <input_file_ref idref="fl-fc"/>
      </object_component>
      <object_component id="oc-af1">
         <name>.text:HOSTwrite</name>
         <load_address>0x2000e60c</load_address>
         <run_address>0x2000e60c</run_address>
         <size>0x58</size>
         <input_file_ref idref="fl-ff"/>
      </object_component>
      <object_component id="oc-800">
         <name>.text:IntPendClear</name>
         <load_address>0x2000e664</load_address>
         <run_address>0x2000e664</run_address>
         <size>0x58</size>
         <input_file_ref idref="fl-10b"/>
      </object_component>
      <object_component id="oc-167">
         <name>.text:PRCMPeripheralReset</name>
         <load_address>0x2000e6bc</load_address>
         <run_address>0x2000e6bc</run_address>
         <size>0x58</size>
         <input_file_ref idref="fl-10d"/>
      </object_component>
      <object_component id="oc-6ca">
         <name>.text:_pconv_f</name>
         <load_address>0x2000e714</load_address>
         <run_address>0x2000e714</run_address>
         <size>0x56</size>
         <input_file_ref idref="fl-c8"/>
      </object_component>
      <object_component id="oc-2c0">
         <name>.text:IntPrioritySet</name>
         <load_address>0x2000e76c</load_address>
         <run_address>0x2000e76c</run_address>
         <size>0x54</size>
         <input_file_ref idref="fl-10b"/>
      </object_component>
      <object_component id="oc-61b">
         <name>.text:_SlDrvRxIrqHandler</name>
         <load_address>0x2000e7c0</load_address>
         <run_address>0x2000e7c0</run_address>
         <size>0x54</size>
         <input_file_ref idref="fl-115"/>
      </object_component>
      <object_component id="oc-884">
         <name>.text:__TI_ltoa</name>
         <load_address>0x2000e814</load_address>
         <run_address>0x2000e814</run_address>
         <size>0x54</size>
         <input_file_ref idref="fl-de"/>
      </object_component>
      <object_component id="oc-ac1">
         <name>.text:_sl_HandleAsync_Select</name>
         <load_address>0x2000e868</load_address>
         <run_address>0x2000e868</run_address>
         <size>0x54</size>
         <input_file_ref idref="fl-119"/>
      </object_component>
      <object_component id="oc-894">
         <name>.text:_ecpy</name>
         <load_address>0x2000e8bc</load_address>
         <run_address>0x2000e8bc</run_address>
         <size>0x52</size>
         <input_file_ref idref="fl-c8"/>
      </object_component>
      <object_component id="oc-ac7">
         <name>.text:_sl_HandleAsync_Stop</name>
         <load_address>0x2000e910</load_address>
         <run_address>0x2000e910</run_address>
         <size>0x50</size>
         <input_file_ref idref="fl-114"/>
      </object_component>
      <object_component id="oc-107">
         <name>.text:SPIIntEnable</name>
         <load_address>0x2000e960</load_address>
         <run_address>0x2000e960</run_address>
         <size>0x4c</size>
         <input_file_ref idref="fl-10e"/>
      </object_component>
      <object_component id="oc-284">
         <name>.text:SPIIntNumberGet</name>
         <load_address>0x2000e9ac</load_address>
         <run_address>0x2000e9ac</run_address>
         <size>0x4c</size>
         <input_file_ref idref="fl-10e"/>
      </object_component>
      <object_component id="oc-5f1">
         <name>.text:_SlDrvProtectAsyncRespSetting</name>
         <load_address>0x2000e9f8</load_address>
         <run_address>0x2000e9f8</run_address>
         <size>0x4c</size>
         <input_file_ref idref="fl-115"/>
      </object_component>
      <object_component id="oc-8ed">
         <name>.text:__TI_doflush</name>
         <load_address>0x2000ea44</load_address>
         <run_address>0x2000ea44</run_address>
         <size>0x4c</size>
         <input_file_ref idref="fl-f1"/>
      </object_component>
      <object_component id="oc-6a9">
         <name>.text:_sl_BuildAddress</name>
         <load_address>0x2000ea90</load_address>
         <run_address>0x2000ea90</run_address>
         <size>0x4c</size>
         <input_file_ref idref="fl-119"/>
      </object_component>
      <object_component id="oc-6b3">
         <name>.text:atoi</name>
         <load_address>0x2000eadc</load_address>
         <run_address>0x2000eadc</run_address>
         <size>0x4c</size>
         <input_file_ref idref="fl-df"/>
      </object_component>
      <object_component id="oc-1c7">
         <name>.text:snprintf</name>
         <load_address>0x2000eb28</load_address>
         <run_address>0x2000eb28</run_address>
         <size>0x4c</size>
         <input_file_ref idref="fl-c9"/>
      </object_component>
      <object_component id="oc-95e">
         <name>.text:uDMAChannelAssign</name>
         <load_address>0x2000eb74</load_address>
         <run_address>0x2000eb74</run_address>
         <size>0x4c</size>
         <input_file_ref idref="fl-11c"/>
      </object_component>
      <object_component id="oc-5d4">
         <name>.text:GPIOGetIntNumber</name>
         <load_address>0x2000ebc0</load_address>
         <run_address>0x2000ebc0</run_address>
         <size>0x48</size>
         <input_file_ref idref="fl-10a"/>
      </object_component>
      <object_component id="oc-cb">
         <name>.text:SPIIntClear</name>
         <load_address>0x2000ec08</load_address>
         <run_address>0x2000ec08</run_address>
         <size>0x48</size>
         <input_file_ref idref="fl-10e"/>
      </object_component>
      <object_component id="oc-653">
         <name>.text:_SlDrvBasicCmd</name>
         <load_address>0x2000ec50</load_address>
         <run_address>0x2000ec50</run_address>
         <size>0x48</size>
         <input_file_ref idref="fl-115"/>
      </object_component>
      <object_component id="oc-1f8">
         <name>.text:exit</name>
         <load_address>0x2000ec98</load_address>
         <run_address>0x2000ec98</run_address>
         <size>0x48</size>
         <input_file_ref idref="fl-dc"/>
      </object_component>
      <object_component id="oc-87f">
         <name>.text</name>
         <load_address>0x2000ece0</load_address>
         <run_address>0x2000ece0</run_address>
         <size>0x48</size>
         <input_file_ref idref="fl-d4"/>
      </object_component>
      <object_component id="oc-ae5">
         <name>.text:HOSTclose</name>
         <load_address>0x2000ed28</load_address>
         <run_address>0x2000ed28</run_address>
         <size>0x44</size>
         <input_file_ref idref="fl-f9"/>
      </object_component>
      <object_component id="oc-afd">
         <name>.text:HOSTunlink</name>
         <load_address>0x2000ed6c</load_address>
         <run_address>0x2000ed6c</run_address>
         <size>0x44</size>
         <input_file_ref idref="fl-fe"/>
      </object_component>
      <object_component id="oc-230">
         <name>.text:SPIDmaMaskGet</name>
         <load_address>0x2000edb0</load_address>
         <run_address>0x2000edb0</run_address>
         <size>0x44</size>
         <input_file_ref idref="fl-10e"/>
      </object_component>
      <object_component id="oc-2b4">
         <name>.text:TimerConfigure</name>
         <load_address>0x2000edf4</load_address>
         <run_address>0x2000edf4</run_address>
         <size>0x44</size>
         <input_file_ref idref="fl-10f"/>
      </object_component>
      <object_component id="oc-349">
         <name>.text:UARTIntNumberGet</name>
         <load_address>0x2000ee38</load_address>
         <run_address>0x2000ee38</run_address>
         <size>0x44</size>
         <input_file_ref idref="fl-110"/>
      </object_component>
      <object_component id="oc-b24">
         <name>.text:_SlDrvHandleHttpServerEvents</name>
         <load_address>0x2000ee7c</load_address>
         <run_address>0x2000ee7c</run_address>
         <size>0x44</size>
         <input_file_ref idref="fl-115"/>
      </object_component>
      <object_component id="oc-609">
         <name>.text:_SlDrvSyncObjWaitTimeout</name>
         <load_address>0x2000eec0</load_address>
         <run_address>0x2000eec0</run_address>
         <size>0x44</size>
         <input_file_ref idref="fl-115"/>
      </object_component>
      <object_component id="oc-1fe">
         <name>.text:__TI_auto_init_nobinit_nopinit:__TI_auto_init_nobinit_nopinit</name>
         <load_address>0x2000ef04</load_address>
         <run_address>0x2000ef04</run_address>
         <size>0x44</size>
         <input_file_ref idref="fl-f5"/>
      </object_component>
      <object_component id="oc-9e6">
         <name>.text:cc_SetupTransfer</name>
         <load_address>0x2000ef48</load_address>
         <run_address>0x2000ef48</run_address>
         <size>0x44</size>
         <input_file_ref idref="fl-11b"/>
      </object_component>
      <object_component id="oc-b84">
         <name>.text:getdevice</name>
         <load_address>0x2000ef8c</load_address>
         <run_address>0x2000ef8c</run_address>
         <size>0x44</size>
         <input_file_ref idref="fl-105"/>
      </object_component>
      <object_component id="oc-454">
         <name>.text:sl_Htonl</name>
         <load_address>0x2000efd0</load_address>
         <run_address>0x2000efd0</run_address>
         <size>0x42</size>
         <input_file_ref idref="fl-119"/>
      </object_component>
      <object_component id="oc-3a9">
         <name>.text:PinModeSet</name>
         <load_address>0x2000f014</load_address>
         <run_address>0x2000f014</run_address>
         <size>0x40</size>
         <input_file_ref idref="fl-10c"/>
      </object_component>
      <object_component id="oc-a8b">
         <name>.text:_SlDrvHandleNetAppEvents</name>
         <load_address>0x2000f054</load_address>
         <run_address>0x2000f054</run_address>
         <size>0x40</size>
         <input_file_ref idref="fl-115"/>
      </object_component>
      <object_component id="oc-a85">
         <name>.text:_SlDrvHandleWlanEvents</name>
         <load_address>0x2000f094</load_address>
         <run_address>0x2000f094</run_address>
         <size>0x40</size>
         <input_file_ref idref="fl-115"/>
      </object_component>
      <object_component id="oc-4bd">
         <name>.text:_sl_TruncatePayloadByProtocol</name>
         <load_address>0x2000f0d4</load_address>
         <run_address>0x2000f0d4</run_address>
         <size>0x40</size>
         <input_file_ref idref="fl-119"/>
      </object_component>
      <object_component id="oc-1d9">
         <name>.text:sprintf</name>
         <load_address>0x2000f114</load_address>
         <run_address>0x2000f114</run_address>
         <size>0x40</size>
         <input_file_ref idref="fl-ca"/>
      </object_component>
      <object_component id="oc-240">
         <name>.text:vsnprintf</name>
         <load_address>0x2000f154</load_address>
         <run_address>0x2000f154</run_address>
         <size>0x40</size>
         <input_file_ref idref="fl-cb"/>
      </object_component>
      <object_component id="oc-5fd">
         <name>.text:NwpRegisterInterruptHandler</name>
         <load_address>0x2000f194</load_address>
         <run_address>0x2000f194</run_address>
         <size>0x3e</size>
         <input_file_ref idref="fl-11b"/>
      </object_component>
      <object_component id="oc-8a7">
         <name>.text:_fcpy</name>
         <load_address>0x2000f1d2</load_address>
         <run_address>0x2000f1d2</run_address>
         <size>0x3e</size>
         <input_file_ref idref="fl-c8"/>
      </object_component>
      <object_component id="oc-aac">
         <name>.text:CopyPingResultsToReport</name>
         <load_address>0x2000f210</load_address>
         <run_address>0x2000f210</run_address>
         <size>0x3c</size>
         <input_file_ref idref="fl-116"/>
      </object_component>
      <object_component id="oc-19b">
         <name>.text:PRCMPeripheralClkEnable</name>
         <load_address>0x2000f24c</load_address>
         <run_address>0x2000f24c</run_address>
         <size>0x3c</size>
         <input_file_ref idref="fl-10d"/>
      </object_component>
      <object_component id="oc-a5b">
         <name>.text:simplelink_timerA2_start</name>
         <load_address>0x2000f288</load_address>
         <run_address>0x2000f288</run_address>
         <size>0x3c</size>
         <input_file_ref idref="fl-11b"/>
      </object_component>
      <object_component id="oc-44e">
         <name>.text:sl_Htons</name>
         <load_address>0x2000f2c4</load_address>
         <run_address>0x2000f2c4</run_address>
         <size>0x3c</size>
         <input_file_ref idref="fl-119"/>
      </object_component>
      <object_component id="oc-a62">
         <name>.text:uDMAChannelControlSet</name>
         <load_address>0x2000f300</load_address>
         <run_address>0x2000f300</run_address>
         <size>0x3c</size>
         <input_file_ref idref="fl-11c"/>
      </object_component>
      <object_component id="oc-5f7">
         <name>.text:NwpPowerOff</name>
         <load_address>0x2000f33c</load_address>
         <run_address>0x2000f33c</run_address>
         <size>0x38</size>
         <input_file_ref idref="fl-11b"/>
      </object_component>
      <object_component id="oc-b4d">
         <name>.text:__TI_writemsg</name>
         <load_address>0x2000f374</load_address>
         <run_address>0x2000f374</run_address>
         <size>0x38</size>
         <input_file_ref idref="fl-100"/>
      </object_component>
      <object_component id="oc-418">
         <name>.text:sl_WlanDisconnect</name>
         <load_address>0x2000f3ac</load_address>
         <run_address>0x2000f3ac</run_address>
         <size>0x38</size>
         <input_file_ref idref="fl-11a"/>
      </object_component>
      <object_component id="oc-3b5">
         <name>.text:GPIODirModeSet</name>
         <load_address>0x2000f3e4</load_address>
         <run_address>0x2000f3e4</run_address>
         <size>0x36</size>
         <input_file_ref idref="fl-10a"/>
      </object_component>
      <object_component id="oc-1bd">
         <name>.text:strncpy</name>
         <load_address>0x2000f41a</load_address>
         <run_address>0x2000f41a</run_address>
         <size>0x36</size>
         <input_file_ref idref="fl-e9"/>
      </object_component>
      <object_component id="oc-7cc">
         <name>.text:PRCMPeripheralStatusGet</name>
         <load_address>0x2000f450</load_address>
         <run_address>0x2000f450</run_address>
         <size>0x34</size>
         <input_file_ref idref="fl-10d"/>
      </object_component>
      <object_component id="oc-7e4">
         <name>.text:SPIFIFOLevelSet</name>
         <load_address>0x2000f484</load_address>
         <run_address>0x2000f484</run_address>
         <size>0x34</size>
         <input_file_ref idref="fl-10e"/>
      </object_component>
      <object_component id="oc-a36">
         <name>.text:__TI_cleanup</name>
         <load_address>0x2000f4b8</load_address>
         <run_address>0x2000f4b8</run_address>
         <size>0x34</size>
         <input_file_ref idref="fl-f2"/>
      </object_component>
      <object_component id="oc-b53">
         <name>.text:__TI_readmsg</name>
         <load_address>0x2000f4ec</load_address>
         <run_address>0x2000f4ec</run_address>
         <size>0x34</size>
         <input_file_ref idref="fl-100"/>
      </object_component>
      <object_component id="oc-3af">
         <name>.text:PinTypeGPIO</name>
         <load_address>0x2000f520</load_address>
         <run_address>0x2000f520</run_address>
         <size>0x30</size>
         <input_file_ref idref="fl-10c"/>
      </object_component>
      <object_component id="oc-342">
         <name>.text:UARTDisable</name>
         <load_address>0x2000f550</load_address>
         <run_address>0x2000f550</run_address>
         <size>0x30</size>
         <input_file_ref idref="fl-110"/>
      </object_component>
      <object_component id="oc-493">
         <name>.text:_outs</name>
         <load_address>0x2000f580</load_address>
         <run_address>0x2000f580</run_address>
         <size>0x30</size>
         <input_file_ref idref="fl-c9"/>
      </object_component>
      <object_component id="oc-504">
         <name>.text:_outs</name>
         <load_address>0x2000f5b0</load_address>
         <run_address>0x2000f5b0</run_address>
         <size>0x30</size>
         <input_file_ref idref="fl-cb"/>
      </object_component>
      <object_component id="oc-ba7">
         <name>.text:finddevice</name>
         <load_address>0x2000f5e0</load_address>
         <run_address>0x2000f5e0</run_address>
         <size>0x30</size>
         <input_file_ref idref="fl-105"/>
      </object_component>
      <object_component id="oc-88a">
         <name>.text</name>
         <load_address>0x2000f610</load_address>
         <run_address>0x2000f610</run_address>
         <size>0x2e</size>
         <input_file_ref idref="fl-d5"/>
      </object_component>
      <object_component id="oc-603">
         <name>.text:NwpPowerOn</name>
         <load_address>0x2000f640</load_address>
         <run_address>0x2000f640</run_address>
         <size>0x2c</size>
         <input_file_ref idref="fl-11b"/>
      </object_component>
      <object_component id="oc-324">
         <name>.text:PRCMSysResetCauseGet</name>
         <load_address>0x2000f66c</load_address>
         <run_address>0x2000f66c</run_address>
         <size>0x2c</size>
         <input_file_ref idref="fl-10d"/>
      </object_component>
      <object_component id="oc-590">
         <name>.text:_SlDrvObjGlobalLockWaitForever</name>
         <load_address>0x2000f698</load_address>
         <run_address>0x2000f698</run_address>
         <size>0x2c</size>
         <input_file_ref idref="fl-115"/>
      </object_component>
      <object_component id="oc-684">
         <name>.text:_SlDrvProtectionObjLockWaitForever</name>
         <load_address>0x2000f6c4</load_address>
         <run_address>0x2000f6c4</run_address>
         <size>0x2c</size>
         <input_file_ref idref="fl-115"/>
      </object_component>
      <object_component id="oc-b42">
         <name>.text:unlink</name>
         <load_address>0x2000f6f0</load_address>
         <run_address>0x2000f6f0</run_address>
         <size>0x2c</size>
         <input_file_ref idref="fl-109"/>
      </object_component>
      <object_component id="oc-d7">
         <name>.text:SPIDataGetNonBlocking</name>
         <load_address>0x2000f71c</load_address>
         <run_address>0x2000f71c</run_address>
         <size>0x2a</size>
         <input_file_ref idref="fl-10e"/>
      </object_component>
      <object_component id="oc-2de">
         <name>.text:TimerLoadSet</name>
         <load_address>0x2000f746</load_address>
         <run_address>0x2000f746</run_address>
         <size>0x2a</size>
         <input_file_ref idref="fl-10f"/>
      </object_component>
      <object_component id="oc-2ba">
         <name>.text:TimerPrescaleSet</name>
         <load_address>0x2000f770</load_address>
         <run_address>0x2000f770</run_address>
         <size>0x2a</size>
         <input_file_ref idref="fl-10f"/>
      </object_component>
      <object_component id="oc-336">
         <name>.text:PRCMPeripheralClkDisable</name>
         <load_address>0x2000f79c</load_address>
         <run_address>0x2000f79c</run_address>
         <size>0x28</size>
         <input_file_ref idref="fl-10d"/>
      </object_component>
      <object_component id="oc-596">
         <name>.text:_SlDrvGlobalObjUnLock</name>
         <load_address>0x2000f7c4</load_address>
         <run_address>0x2000f7c4</run_address>
         <size>0x28</size>
         <input_file_ref idref="fl-115"/>
      </object_component>
      <object_component id="oc-68a">
         <name>.text:_SlDrvProtectionObjUnLock</name>
         <load_address>0x2000f7ec</load_address>
         <run_address>0x2000f7ec</run_address>
         <size>0x28</size>
         <input_file_ref idref="fl-115"/>
      </object_component>
      <object_component id="oc-690">
         <name>.text:_SlDrvSyncObjWaitForever</name>
         <load_address>0x2000f814</load_address>
         <run_address>0x2000f814</run_address>
         <size>0x28</size>
         <input_file_ref idref="fl-115"/>
      </object_component>
      <object_component id="oc-52d">
         <name>.text:free_list_insert</name>
         <load_address>0x2000f83c</load_address>
         <run_address>0x2000f83c</run_address>
         <size>0x28</size>
         <input_file_ref idref="fl-e5"/>
      </object_component>
      <object_component id="oc-a2e">
         <name>.text:lseek</name>
         <load_address>0x2000f864</load_address>
         <run_address>0x2000f864</run_address>
         <size>0x28</size>
         <input_file_ref idref="fl-102"/>
      </object_component>
      <object_component id="oc-246">
         <name>.text:memmove</name>
         <load_address>0x2000f88c</load_address>
         <run_address>0x2000f88c</run_address>
         <size>0x28</size>
         <input_file_ref idref="fl-e4"/>
      </object_component>
      <object_component id="oc-8f3">
         <name>.text:write</name>
         <load_address>0x2000f8b4</load_address>
         <run_address>0x2000f8b4</run_address>
         <size>0x28</size>
         <input_file_ref idref="fl-eb"/>
      </object_component>
      <object_component id="oc-72f">
         <name>.text:_SlDrvObjLockWaitForever</name>
         <load_address>0x2000f8dc</load_address>
         <run_address>0x2000f8dc</run_address>
         <size>0x26</size>
         <input_file_ref idref="fl-115"/>
      </object_component>
      <object_component id="oc-b71">
         <name>.text</name>
         <load_address>0x2000f902</load_address>
         <run_address>0x2000f902</run_address>
         <size>0x26</size>
         <input_file_ref idref="fl-5"/>
      </object_component>
      <object_component id="oc-7f0">
         <name>.text:DmaSpiSwIntHandler</name>
         <load_address>0x2000f928</load_address>
         <run_address>0x2000f928</run_address>
         <size>0x24</size>
         <input_file_ref idref="fl-11b"/>
      </object_component>
      <object_component id="oc-568">
         <name>.text:IntUnregister</name>
         <load_address>0x2000f94c</load_address>
         <run_address>0x2000f94c</run_address>
         <size>0x24</size>
         <input_file_ref idref="fl-10b"/>
      </object_component>
      <object_component id="oc-185">
         <name>.text:UARTEnable</name>
         <load_address>0x2000f970</load_address>
         <run_address>0x2000f970</run_address>
         <size>0x24</size>
         <input_file_ref idref="fl-110"/>
      </object_component>
      <object_component id="oc-5b">
         <name>.text:_c_int00_noargs:_c_int00_noargs</name>
         <load_address>0x2000f994</load_address>
[...]
         <value>0x2000fc29</value>
         <object_component_ref idref="oc-2fc"/>
      </symbol>
      <symbol id="sm-ffd">
         <name>TimerPrescaleSet</name>
         <value>0x2000f771</value>
         <object_component_ref idref="oc-2ba"/>
      </symbol>
      <symbol id="sm-ffe">
         <name>TimerIntEnable</name>
         <value>0x2000fe31</value>
         <object_component_ref idref="oc-2cc"/>
      </symbol>
      <symbol id="sm-fff">
         <name>TimerConfigure</name>
         <value>0x2000edf5</value>
         <object_component_ref idref="oc-2b4"/>
      </symbol>
      <symbol id="sm-1000">
         <name>TimerIntClear</name>
         <value>0x2000ffdd</value>
         <object_component_ref idref="oc-2d8"/>
      </symbol>
      <symbol id="sm-1080">
         <name>UARTConfigSetExpClk</name>
         <value>0x2000db2d</value>
         <object_component_ref idref="oc-16d"/>
      </symbol>
      <symbol id="sm-1081">
         <name>UARTDisable</name>
         <value>0x2000f551</value>
         <object_component_ref idref="oc-342"/>
      </symbol>
      <symbol id="sm-1082">
         <name>UARTIntEnable</name>
         <value>0x2000fe79</value>
         <object_component_ref idref="oc-179"/>
      </symbol>
      <symbol id="sm-1083">
         <name>UARTCharsAvail</name>
         <value>0x2000fe49</value>
         <object_component_ref idref="oc-149"/>
      </symbol>
      <symbol id="sm-1084">
         <name>UARTCharGetNonBlocking</name>
         <value>0x2000fc45</value>
         <object_component_ref idref="oc-143"/>
      </symbol>
      <symbol id="sm-1085">
         <name>UARTCharPut</name>
         <value>0x2000fbb1</value>
         <object_component_ref idref="oc-1b7"/>
      </symbol>
      <symbol id="sm-1086">
         <name>UARTEnable</name>
         <value>0x2000f971</value>
         <object_component_ref idref="oc-185"/>
      </symbol>
      <symbol id="sm-1087">
         <name>UARTIntClear</name>
         <value>0x2000ffef</value>
         <object_component_ref idref="oc-13d"/>
      </symbol>
      <symbol id="sm-1088">
         <name>UARTIntStatus</name>
         <value>0x2000fbed</value>
         <object_component_ref idref="oc-137"/>
      </symbol>
      <symbol id="sm-1089">
         <name>UARTFIFOLevelSet</name>
         <value>0x2000fe61</value>
         <object_component_ref idref="oc-17f"/>
      </symbol>
      <symbol id="sm-108a">
         <name>UARTIntRegister</name>
         <value>0x2000fbcf</value>
         <object_component_ref idref="oc-173"/>
      </symbol>
      <symbol id="sm-108e">
         <name>UtilsDelay</name>
         <value>0x200100a1</value>
         <object_component_ref idref="oc-443"/>
      </symbol>
      <symbol id="sm-1098">
         <name>CPUcpsie</name>
         <value>0x2000ff79</value>
         <object_component_ref idref="oc-319"/>
      </symbol>
      <symbol id="sm-1154">
         <name>_sl_HandleAsync_InitComplete</name>
         <value>0x2000d375</value>
         <object_component_ref idref="oc-b13"/>
      </symbol>
      <symbol id="sm-1155">
         <name>_SlDrvDeviceEventHandler</name>
         <value>0x2000cb61</value>
         <object_component_ref idref="oc-a7f"/>
      </symbol>
      <symbol id="sm-1156">
         <name>_sl_HandleAsync_Stop</name>
         <value>0x2000e911</value>
         <object_component_ref idref="oc-ac7"/>
      </symbol>
      <symbol id="sm-1157">
         <name>sl_DevSet</name>
         <value>0x2000cbfd</value>
         <object_component_ref idref="oc-18b"/>
      </symbol>
      <symbol id="sm-1158">
         <name>sl_Stop</name>
         <value>0x2000b5f9</value>
         <object_component_ref idref="oc-400"/>
      </symbol>
      <symbol id="sm-1159">
         <name>sl_Start</name>
         <value>0x2000b8c9</value>
         <object_component_ref idref="oc-3ee"/>
      </symbol>
      <symbol id="sm-115a">
         <name>sl_DevGet</name>
         <value>0x2000c325</value>
         <object_component_ref idref="oc-406"/>
      </symbol>
      <symbol id="sm-1448">
         <name>RxIrqCnt</name>
         <value>0x2001f500</value>
      </symbol>
      <symbol id="sm-1449">
         <name>g_bDeviceRestartIsRequired</name>
         <value>0x2001f501</value>
      </symbol>
      <symbol id="sm-144a">
         <name>_SlDrvProtectionObjUnLock</name>
         <value>0x2000f7ed</value>
         <object_component_ref idref="oc-68a"/>
      </symbol>
      <symbol id="sm-144b">
         <name>_SlDrvBasicCmd</name>
         <value>0x2000ec51</value>
         <object_component_ref idref="oc-653"/>
      </symbol>
      <symbol id="sm-144c">
         <name>_SlDrvObjUnLock</name>
         <value>0x2000fa9d</value>
         <object_component_ref idref="oc-73b"/>
      </symbol>
      <symbol id="sm-144d">
         <name>_SlDrvObjLockWaitForever</name>
         <value>0x2000f8dd</value>
         <object_component_ref idref="oc-72f"/>
      </symbol>
      <symbol id="sm-144e">
         <name>_SlDrvMsgReadSpawnCtx</name>
         <value>0x2000ba9d</value>
         <object_component_ref idref="oc-7b4"/>
      </symbol>
      <symbol id="sm-144f">
         <name>_SlDrvDispatchHttpServerEvents</name>
         <value>0x20010013</value>
         <object_component_ref idref="oc-a9f"/>
      </symbol>
      <symbol id="sm-1450">
         <name>_SlDrvHandleNetAppEvents</name>
         <value>0x2000f055</value>
         <object_component_ref idref="oc-a8b"/>
      </symbol>
      <symbol id="sm-1451">
         <name>_SlDriverHandleError</name>
         <value>0x2000c8e1</value>
         <object_component_ref idref="oc-7a7"/>
      </symbol>
      <symbol id="sm-1452">
         <name>_SlDrvDriverCBDeinit</name>
         <value>0x2000af95</value>
         <object_component_ref idref="oc-63d"/>
      </symbol>
      <symbol id="sm-1453">
         <name>_SlDrvStartMeasureTimeout</name>
         <value>0x2000fc61</value>
         <object_component_ref idref="oc-900"/>
      </symbol>
      <symbol id="sm-1454">
         <name>_SlDrvResetCmdExt</name>
         <value>0x20010023</value>
         <object_component_ref idref="oc-354"/>
      </symbol>
      <symbol id="sm-1455">
         <name>_SlDrvIsTimeoutExpired</name>
         <value>0x2000d2e9</value>
         <object_component_ref idref="oc-906"/>
      </symbol>
      <symbol id="sm-1456">
         <name>_SlDrvProtectAsyncRespSetting</name>
         <value>0x2000e9f9</value>
         <object_component_ref idref="oc-5f1"/>
      </symbol>
      <symbol id="sm-1457">
         <name>_SlDrvReleasePoolObj</name>
         <value>0x2000954d</value>
         <object_component_ref idref="oc-60f"/>
      </symbol>
      <symbol id="sm-1458">
         <name>_SlDrvHandleWlanEvents</name>
         <value>0x2000f095</value>
         <object_component_ref idref="oc-a85"/>
      </symbol>
      <symbol id="sm-1459">
         <name>OpcodeTranslateTable</name>
         <value>0x20010930</value>
         <object_component_ref idref="oc-951"/>
      </symbol>
      <symbol id="sm-145a">
         <name>pPingCallBackFunc</name>
         <value>0x2001f830</value>
         <object_component_ref idref="oc-363"/>
      </symbol>
      <symbol id="sm-145b">
         <name>_SlDrvDriverCBInit</name>
         <value>0x20009aa1</value>
         <object_component_ref idref="oc-5e5"/>
      </symbol>
      <symbol id="sm-145c">
         <name>g_pCB</name>
         <value>0x2001f82c</value>
         <object_component_ref idref="oc-363"/>
      </symbol>
      <symbol id="sm-145d">
         <name>_SlDrvProtectionObjLockWaitForever</name>
         <value>0x2000f6c5</value>
         <object_component_ref idref="oc-684"/>
      </symbol>
      <symbol id="sm-145e">
         <name>_SlDrvCmdOp</name>
         <value>0x2000c4b5</value>
         <object_component_ref idref="oc-35a"/>
      </symbol>
      <symbol id="sm-145f">
         <name>_SlDrvSyncObjWaitTimeout</name>
         <value>0x2000eec1</value>
         <object_component_ref idref="oc-609"/>
      </symbol>
      <symbol id="sm-1460">
         <name>_SlDrvGlobalObjUnLock</name>
         <value>0x2000f7c5</value>
         <object_component_ref idref="oc-596"/>
      </symbol>
      <symbol id="sm-1461">
         <name>_SlDrvMemZero</name>
         <value>0x2000ff4d</value>
         <object_component_ref idref="oc-589"/>
      </symbol>
      <symbol id="sm-1462">
         <name>_SlDrvWaitForPoolObj</name>
         <value>0x20009f89</value>
         <object_component_ref idref="oc-67e"/>
      </symbol>
      <symbol id="sm-1463">
         <name>_SlDrvSyncObjSignal</name>
         <value>0x2000fabd</value>
         <object_component_ref idref="oc-815"/>
      </symbol>
      <symbol id="sm-1464">
         <name>_SlDrvDataReadOp</name>
         <value>0x20009369</value>
         <object_component_ref idref="oc-4d7"/>
      </symbol>
      <symbol id="sm-1465">
         <name>_SlDrvDataWriteOp</name>
         <value>0x2000a58d</value>
         <object_component_ref idref="oc-4c3"/>
      </symbol>
      <symbol id="sm-1466">
         <name>_SlDrvRxIrqHandler</name>
         <value>0x2000e7c1</value>
         <object_component_ref idref="oc-61b"/>
      </symbol>
      <symbol id="sm-1467">
         <name>_SlDrvHandleHttpServerEvents</name>
         <value>0x2000ee7d</value>
         <object_component_ref idref="oc-b24"/>
      </symbol>
      <symbol id="sm-1468">
         <name>_SlDrvSyncObjWaitForever</name>
         <value>0x2000f815</value>
         <object_component_ref idref="oc-690"/>
      </symbol>
      <symbol id="sm-1469">
         <name>g_SlDeviceStatus</name>
         <value>0x2001f828</value>
         <object_component_ref idref="oc-363"/>
      </symbol>
      <symbol id="sm-146a">
         <name>_SlDrvCmdSend</name>
         <value>0x2000de49</value>
         <object_component_ref idref="oc-b2b"/>
      </symbol>
      <symbol id="sm-146b">
         <name>_SlActionLookupTable</name>
         <value>0x2001096c</value>
         <object_component_ref idref="oc-a13"/>
      </symbol>
      <symbol id="sm-1513">
         <name>sl_NetAppMDNSUnRegisterService</name>
         <value>0x2000e1ed</value>
         <object_component_ref idref="oc-42a"/>
      </symbol>
      <symbol id="sm-1514">
         <name>_SlNetAppSendTokenValueCmdCtrl</name>
         <value>0x20010b52</value>
         <object_component_ref idref="oc-b31"/>
      </symbol>
      <symbol id="sm-1515">
         <name>sl_NetAppDnsGetHostByName</name>
         <value>0x2000a969</value>
         <object_component_ref idref="oc-448"/>
      </symbol>
      <symbol id="sm-1516">
         <name>_sl_HandleAsync_DnsGetHostByName</name>
         <value>0x2000d021</value>
         <object_component_ref idref="oc-a93"/>
      </symbol>
      <symbol id="sm-1517">
         <name>_sl_HandleAsync_PingResponse</name>
         <value>0x2000d0b1</value>
         <object_component_ref idref="oc-9ff"/>
      </symbol>
      <symbol id="sm-1518">
         <name>_SlDrvNetAppEventHandler</name>
         <value>0x2000b2f9</value>
         <object_component_ref idref="oc-9f9"/>
      </symbol>
      <symbol id="sm-1519">
         <name>_sl_HandleAsync_DnsGetHostByService</name>
         <value>0x2000c259</value>
         <object_component_ref idref="oc-a99"/>
      </symbol>
      <symbol id="sm-151a">
         <name>_sl_NetAppSendTokenValue</name>
         <value>0x2000deb5</value>
         <object_component_ref idref="oc-aa5"/>
      </symbol>
      <symbol id="sm-151b">
         <name>sl_NetAppMDNSRegisterUnregisterService</name>
         <value>0x2000bd4d</value>
         <object_component_ref idref="oc-668"/>
      </symbol>
      <symbol id="sm-153d">
         <name>sl_NetCfgSet</name>
         <value>0x2000cc95</value>
         <object_component_ref idref="oc-41e"/>
      </symbol>
      <symbol id="sm-1585">
         <name>_SlNonOsSemSet</name>
         <value>0x2000fe91</value>
         <object_component_ref idref="oc-78a"/>
      </symbol>
      <symbol id="sm-1586">
         <name>_SlNonOsSpawn</name>
         <value>0x2000e0c1</value>
         <object_component_ref idref="oc-7ad"/>
      </symbol>
      <symbol id="sm-1587">
         <name>_SlNonOsSemGet</name>
         <value>0x2000c6e1</value>
         <object_component_ref idref="oc-735"/>
      </symbol>
      <symbol id="sm-1588">
         <name>_SlNonOsMainLoopTask</name>
         <value>0x2000dba5</value>
         <object_component_ref idref="oc-3f4"/>
      </symbol>
      <symbol id="sm-1589">
         <name>g__SlNonOsCB</name>
         <value>0x2001f7b0</value>
         <object_component_ref idref="oc-622"/>
      </symbol>
      <symbol id="sm-168a">
         <name>sl_Recv</name>
         <value>0x2000ca25</value>
         <object_component_ref idref="oc-1eb"/>
      </symbol>
      <symbol id="sm-168b">
         <name>sl_Send</name>
         <value>0x2000ae61</value>
         <object_component_ref idref="oc-1df"/>
      </symbol>
      <symbol id="sm-168c">
         <name>_sl_HandleAsync_Connect</name>
         <value>0x2000d83d</value>
         <object_component_ref idref="oc-abb"/>
      </symbol>
      <symbol id="sm-168d">
         <name>sl_Htonl</name>
         <value>0x2000efd1</value>
         <object_component_ref idref="oc-454"/>
      </symbol>
      <symbol id="sm-168e">
         <name>sl_Htons</name>
         <value>0x2000f2c5</value>
         <object_component_ref idref="oc-44e"/>
      </symbol>
      <symbol id="sm-168f">
         <name>sl_Connect</name>
         <value>0x2000a119</value>
         <object_component_ref idref="oc-466"/>
      </symbol>
      <symbol id="sm-1690">
         <name>sl_Socket</name>
         <value>0x2000d48d</value>
         <object_component_ref idref="oc-45a"/>
      </symbol>
      <symbol id="sm-1691">
         <name>_sl_HandleAsync_Select</name>
         <value>0x2000e869</value>
         <object_component_ref idref="oc-ac1"/>
      </symbol>
      <symbol id="sm-1692">
         <name>sl_Close</name>
         <value>0x2000e3dd</value>
         <object_component_ref idref="oc-1e5"/>
      </symbol>
      <symbol id="sm-1693">
         <name>_sl_HandleAsync_Accept</name>
         <value>0x2000e125</value>
         <object_component_ref idref="oc-ab5"/>
      </symbol>
      <symbol id="sm-1694">
         <name>sl_SetSockOpt</name>
         <value>0x2000cd2d</value>
         <object_component_ref idref="oc-460"/>
      </symbol>
      <symbol id="sm-174e">
         <name>sl_WlanDisconnect</name>
         <value>0x2000f3ad</value>
         <object_component_ref idref="oc-418"/>
      </symbol>
      <symbol id="sm-174f">
         <name>sl_WlanPolicySet</name>
         <value>0x2000d141</value>
         <object_component_ref idref="oc-40c"/>
      </symbol>
      <symbol id="sm-1750">
         <name>sl_WlanProfileDel</name>
         <value>0x2000e43d</value>
         <object_component_ref idref="oc-412"/>
      </symbol>
      <symbol id="sm-1751">
         <name>sl_WlanRxFilterSet</name>
         <value>0x2000d735</value>
         <object_component_ref idref="oc-433"/>
      </symbol>
      <symbol id="sm-1752">
         <name>sl_WlanConnect</name>
         <value>0x200089bd</value>
         <object_component_ref idref="oc-43d"/>
      </symbol>
      <symbol id="sm-1753">
         <name>sl_WlanSet</name>
         <value>0x2000cdc5</value>
         <object_component_ref idref="oc-424"/>
      </symbol>
      <symbol id="sm-1754">
         <name>sl_WlanSetMode</name>
         <value>0x2000e49d</value>
         <object_component_ref idref="oc-3fa"/>
      </symbol>
      <symbol id="sm-1874">
         <name>g_ucDinDout</name>
         <value>0x2001f3f0</value>
      </symbol>
      <symbol id="sm-1875">
         <name>g_cDummy</name>
         <value>0x2001f502</value>
      </symbol>
      <symbol id="sm-1876">
         <name>NwpMaskInterrupt</name>
         <value>0x2001004d</value>
         <object_component_ref idref="oc-7f9"/>
      </symbol>
      <symbol id="sm-1877">
         <name>NwpPrePowerOffTimout0</name>
         <value>0x2000fa3d</value>
         <object_component_ref idref="oc-631"/>
      </symbol>
      <symbol id="sm-1878">
         <name>NwpRegisterInterruptHandler</name>
         <value>0x2000f195</value>
         <object_component_ref idref="oc-5fd"/>
      </symbol>
      <symbol id="sm-1879">
         <name>g_pHostIntHdl</name>
         <value>0x2001f860</value>
         <object_component_ref idref="oc-7ea"/>
      </symbol>
      <symbol id="sm-187a">
         <name>simplelink_timerA2_start</name>
         <value>0x2000f289</value>
         <object_component_ref idref="oc-a5b"/>
      </symbol>
      <symbol id="sm-187b">
         <name>NwpUnMaskInterrupt</name>
         <value>0x20010059</value>
         <object_component_ref idref="oc-807"/>
      </symbol>
      <symbol id="sm-187c">
         <name>NwpPowerOff</name>
         <value>0x2000f33d</value>
         <object_component_ref idref="oc-5f7"/>
      </symbol>
      <symbol id="sm-187d">
         <name>TimerGetCurrentTimestamp</name>
         <value>0x2000fa7d</value>
         <object_component_ref idref="oc-9dc"/>
      </symbol>
      <symbol id="sm-187e">
         <name>spi_Read</name>
         <value>0x2000b6e9</value>
         <object_component_ref idref="oc-944"/>
      </symbol>
      <symbol id="sm-187f">
         <name>DmaSpiSwIntHandler</name>
         <value>0x2000f929</value>
         <object_component_ref idref="oc-7f0"/>
      </symbol>
      <symbol id="sm-1880">
         <name>NwpPowerOn</name>
         <value>0x2000f641</value>
         <object_component_ref idref="oc-603"/>
      </symbol>
      <symbol id="sm-1881">
         <name>spi_Close</name>
         <value>0x2000dab5</value>
         <object_component_ref idref="oc-637"/>
      </symbol>
      <symbol id="sm-1882">
         <name>spi_Write</name>
         <value>0x2000ce5d</value>
         <object_component_ref idref="oc-791"/>
      </symbol>
      <symbol id="sm-1883">
         <name>spi_Open</name>
         <value>0x2000a6dd</value>
         <object_component_ref idref="oc-5eb"/>
      </symbol>
      <symbol id="sm-1884">
         <name>g_ucDMAEnabled</name>
         <value>0x2001f864</value>
         <object_component_ref idref="oc-7ea"/>
      </symbol>
      <symbol id="sm-1885">
         <name>g_SpiFd</name>
         <value>0x2001f85c</value>
         <object_component_ref idref="oc-7ea"/>
      </symbol>
      <symbol id="sm-18dc">
         <name>uDMAChannelControlSet</name>
         <value>0x2000f301</value>
         <object_component_ref idref="oc-a62"/>
      </symbol>
      <symbol id="sm-18dd">
         <name>uDMAChannelAttributeEnable</name>
         <value>0x2000e2b5</value>
         <object_component_ref idref="oc-a68"/>
      </symbol>
      <symbol id="sm-18de">
         <name>uDMAChannelTransferSet</name>
         <value>0x2000b7d9</value>
         <object_component_ref idref="oc-a6e"/>
      </symbol>
      <symbol id="sm-18df">
         <name>uDMAChannelAssign</name>
         <value>0x2000eb75</value>
         <object_component_ref idref="oc-95e"/>
      </symbol>
      <symbol id="sm-18e0">
         <name>uDMAChannelAttributeDisable</name>
         <value>0x2000e251</value>
         <object_component_ref idref="oc-964"/>
      </symbol>
      <symbol id="sm-18e1">
         <name>uDMAChannelEnable</name>
         <value>0x2000fcb5</value>
         <object_component_ref idref="oc-a74"/>
      </symbol>
      <symbol id="sm-18e2">
         <name>__TI_static_base__</name>
         <value>0x20010b98</value>
      </symbol>
      <symbol id="sm-18e5">
         <name>__mpu_init</name>
         <value>0x0</value>
      </symbol>
      <symbol id="sm-18e6">
         <name>_system_post_cinit</name>
         <value>0x0</value>
      </symbol>
      <symbol id="sm-18e7">
         <name>remove</name>
         <value>0x2000f6f1</value>
      </symbol>
   </symbol_table>
   <title>Link successful</title>
</link_info>
