******************************************************************************
                  TI ARM Linker Unix v20.2.7                   
******************************************************************************
>> Linked Wed May 28 21:59:09 2025

OUTPUT FILE NAME:   <lab4_works.out>
ENTRY POINT SYMBOL: "_c_int00_noargs"  address: 2000f995


MEMORY CONFIGURATION

         name            origin    length      used     unused   attr    fill
----------------------  --------  ---------  --------  --------  ----  --------
  SRAM_CODE             20004000   00013000  0000ccaa  00006356  RW X
  SRAM_DATA             20017000   00019000  0000987e  0000f782  RW X


SEGMENT ALLOCATION MAP

run origin  load origin   length   init length attrs members
----------  ----------- ---------- ----------- ----- -------
20004000    20004000    0000ccb0   0000ccb0    r-x
  20004000    20004000    00000400   00000400    r-- .intvecs
  20004400    20004400    0000bcb6   0000bcb6    r-x .text
  200100b8    200100b8    00000adc   00000adc    r-- .const
  20010b98    20010b98    00000118   00000118    r-- .cinit
20017000    20017000    00008880   00000000    rw-
  20017000    20017000    00008000   00000000    rw- .sysmem
  2001f000    2001f000    00000506   00000000    rw- .bss
  2001f508    2001f508    00000378   00000000    rw- .data
2002f000    2002f000    00001000   00000000    rw-
  2002f000    2002f000    00001000   00000000    rw- .stack


SECTION ALLOCATION MAP

 output                                  attributes/
section   page    origin      length       input sections
--------  ----  ----------  ----------   ----------------
.intvecs   0    20004000    00000400     
                  20004000    00000400     startup_ccs.obj (.intvecs)

.init_array 
*          0    20004000    00000000     UNINITIALIZED

.text      0    20004400    0000bcb6     
                  20004400    00001450     main.obj (.text)
                  20005850    00000ecc     network_utils.obj (.text)
                  2000671c    00000a80     Adafruit_GFX.obj (.text)
                  2000719c    00000a4e     rtsv7M4_T_le_eabi.lib : _printfi.c.obj (.text:__TI_printfi)
                  20007bea    00000002     driverlib.a : interrupt.obj (.text:IntDefaultHandler)
                  20007bec    00000590     simplelink.a : driver.obj (.text:_SlDrvMsgRead)
                  2000817c    000004a6     Adafruit_OLED.obj (.text)
                  20008622    00000002     rtsv7M4_T_le_eabi.lib : _lock.c.obj (.text:_nop)
                  20008624    00000398     gpio_if.obj (.text)
                  200089bc    00000280     simplelink.a : wlan.obj (.text:sl_WlanConnect)
                  20008c3c    0000027c     uart_if.obj (.text)
                  20008eb8    00000268     rtsv7M4_T_le_eabi.lib : _printfi.c.obj (.text:_pconv_a)
                  20009120    00000248     simplelink.a : driver.obj (.text:_SlDrvRxHdrRead)
                  20009368    000001e4                  : driver.obj (.text:_SlDrvDataReadOp)
                  2000954c    000001d0                  : driver.obj (.text:_SlDrvReleasePoolObj)
                  2000971c    000001cc     rtsv7M4_T_le_eabi.lib : _printfi.c.obj (.text:_pconv_g)
                  200098e8    000001b6                           : fd_add_t2.asm.obj (.text)
                  20009a9e    00000002                           : div0.asm.obj (.text)
                  20009aa0    000001b4     simplelink.a : driver.obj (.text:_SlDrvDriverCBInit)
                  20009c54    0000019c                  : driver.obj (.text:_SlDrvMsgWrite)
                  20009df0    00000198     timer_if.obj (.text)
                  20009f88    00000190     simplelink.a : driver.obj (.text:_SlDrvWaitForPoolObj)
                  2000a118    0000018c                  : socket.obj (.text:sl_Connect)
                  2000a2a4    00000178     driverlib.a : prcm.obj (.text:PRCMCC3200MCUInit)
                  2000a41c    00000170     simplelink.a : driver.obj (.text:_SlFindAndSetActiveObj)
                  2000a58c    00000150                  : driver.obj (.text:_SlDrvDataWriteOp)
                  2000a6dc    00000148                  : cc_pal.obj (.text:spi_Open)
                  2000a824    00000144                  : driver.obj (.text:_SlDrvMsgReadCmdCtx)
                  2000a968    00000144                  : netapp.obj (.text:sl_NetAppDnsGetHostByName)
                  2000aaac    00000140     pin_mux_config.obj (.text)
                  2000abec    0000013c     rtsv7M4_T_le_eabi.lib : _printfi.c.obj (.text:_pconv_e)
                  2000ad28    00000136                           : fd_div_t2.asm.obj (.text)
                  2000ae5e    00000002     --HOLE-- [fill = 0]
                  2000ae60    00000134     simplelink.a : socket.obj (.text:sl_Send)
                  2000af94    00000130                  : driver.obj (.text:_SlDrvDriverCBDeinit)
                  2000b0c4    00000120     rtsv7M4_T_le_eabi.lib : _printfi.c.obj (.text:fcvt)
                  2000b1e4    00000114                           : fputs.c.obj (.text:fputs)
                  2000b2f8    00000104     simplelink.a : netapp.obj (.text:_SlDrvNetAppEventHandler)
                  2000b3fc    00000100     rtsv7M4_T_le_eabi.lib : memory.c.obj (.text:aligned_alloc)
                  2000b4fc    000000fc                           : fd_mul_t2.asm.obj (.text)
                  2000b5f8    000000f0     simplelink.a : device.obj (.text:sl_Stop)
                  2000b6e8    000000f0                  : cc_pal.obj (.text:spi_Read)
                  2000b7d8    000000f0     driverlib.a : udma.obj (.text:uDMAChannelTransferSet)
                  2000b8c8    000000ec     simplelink.a : device.obj (.text:sl_Start)
                  2000b9b4    000000e8                  : driver.obj (.text:_SlAsyncEventGenericHandler)
                  2000ba9c    000000e8                  : driver.obj (.text:_SlDrvMsgReadSpawnCtx)
                  2000bb84    000000e4     rtsv7M4_T_le_eabi.lib : memory.c.obj (.text:free)
                  2000bc68    000000e4                           : memory.c.obj (.text:realloc)
                  2000bd4c    000000e4     simplelink.a : netapp.obj (.text:sl_NetAppMDNSRegisterUnregisterService)
                  2000be30    000000dc                  : driver.obj (.text:_SlDrvClassifyRxMsg)
                  2000bf0c    000000dc     rtsv7M4_T_le_eabi.lib : setvbuf.c.obj (.text:setvbuf)
                  2000bfe8    000000d0     driverlib.a : spi.obj (.text:SPITransfer32)
                  2000c0b8    000000d0     rtsv7M4_T_le_eabi.lib : s_scalbn.c.obj (.text:scalbn)
                  2000c188    000000ce     driverlib.a : spi.obj (.text:SPITransfer16)
                  2000c256    00000002     --HOLE-- [fill = 0]
                  2000c258    000000cc     simplelink.a : netapp.obj (.text:_sl_HandleAsync_DnsGetHostByService)
                  2000c324    000000cc                  : device.obj (.text:sl_DevGet)
                  2000c3f0    000000c4                  : driver.obj (.text:_SlRemoveFromList)
                  2000c4b4    000000c0                  : driver.obj (.text:_SlDrvCmdOp)
                  2000c574    000000b8     driverlib.a : spi.obj (.text:SPITransfer8)
                  2000c62c    000000b1     rtsv7M4_T_le_eabi.lib : _printfi.c.obj (.text:_ltostr)
                  2000c6dd    00000003     --HOLE-- [fill = 0]
                  2000c6e0    000000b0     simplelink.a : nonos.obj (.text:_SlNonOsSemGet)
                  2000c790    000000a8     driverlib.a : interrupt.obj (.text:IntDisable)
                  2000c838    000000a8                 : interrupt.obj (.text:IntEnable)
                  2000c8e0    000000a4     simplelink.a : driver.obj (.text:_SlDriverHandleError)
                  2000c984    000000a0     driverlib.a : spi.obj (.text:SPIConfigSetExpClk)
                  2000ca24    000000a0     simplelink.a : socket.obj (.text:sl_Recv)
                  2000cac4    0000009c     rtsv7M4_T_le_eabi.lib : memcpy_t2.asm.obj (.text)
                  2000cb60    0000009a     simplelink.a : device.obj (.text:_SlDrvDeviceEventHandler)
                  2000cbfa    00000002     --HOLE-- [fill = 0]
                  2000cbfc    00000098                  : device.obj (.text:sl_DevSet)
                  2000cc94    00000098                  : netcfg.obj (.text:sl_NetCfgSet)
                  2000cd2c    00000098                  : socket.obj (.text:sl_SetSockOpt)
                  2000cdc4    00000098                  : wlan.obj (.text:sl_WlanSet)
                  2000ce5c    00000098                  : cc_pal.obj (.text:spi_Write)
                  2000cef4    00000096     rtsv7M4_T_le_eabi.lib : ull_div_t2.asm.obj (.text)
                  2000cf8a    00000002     --HOLE-- [fill = 0]
                  2000cf8c    00000094     driverlib.a : prcm.obj (.text:PRCMPeripheralClockGet)
                  2000d020    00000090     simplelink.a : netapp.obj (.text:_sl_HandleAsync_DnsGetHostByName)
                  2000d0b0    00000090                  : netapp.obj (.text:_sl_HandleAsync_PingResponse)
                  2000d140    00000090                  : wlan.obj (.text:sl_WlanPolicySet)
                  2000d1d0    0000008c                  : cc_pal.obj (.text:SetupDMAReceive)
                  2000d25c    0000008c                  : cc_pal.obj (.text:SetupDMASend)
                  2000d2e8    0000008c                  : driver.obj (.text:_SlDrvIsTimeoutExpired)
                  2000d374    0000008c                  : device.obj (.text:_sl_HandleAsync_InitComplete)
                  2000d400    0000008c     rtsv7M4_T_le_eabi.lib : fputc.c.obj (.text:fputc)
                  2000d48c    0000008c     simplelink.a : socket.obj (.text:sl_Socket)
                  2000d518    00000088     driverlib.a : pin.obj (.text:PinConfigSet)
                  2000d5a0    00000088                 : spi.obj (.text:SPITransfer)
                  2000d628    00000086     rtsv7M4_T_le_eabi.lib : fd_cmp_t2.asm.obj (.text:__aeabi_cdcmple)
                  2000d6ae    00000086                           : fd_cmp_t2.asm.obj (.text:__aeabi_cdrcmple)
                  2000d734    00000084     simplelink.a : wlan.obj (.text:sl_WlanRxFilterSet)
                  2000d7b8    00000082     driverlib.a : gpio.obj (.text:GPIOIntTypeSet)
                  2000d83a    00000002     --HOLE-- [fill = 0]
                  2000d83c    00000080     simplelink.a : socket.obj (.text:_sl_HandleAsync_Connect)
                  2000d8bc    00000080                  : cc_pal.obj (.text:spi_Read_CPU)
                  2000d93c    00000080                  : cc_pal.obj (.text:spi_Write_CPU)
                  2000d9bc    0000007c     driverlib.a : spi.obj (.text:SPIIntStatus)
                  2000da38    0000007a     rtsv7M4_T_le_eabi.lib : memset_t2.asm.obj (.text)
                  2000dab2    00000002     --HOLE-- [fill = 0]
                  2000dab4    00000078     simplelink.a : cc_pal.obj (.text:spi_Close)
                  2000db2c    00000076     driverlib.a : uart.obj (.text:UARTConfigSetExpClk)
                  2000dba2    00000002     --HOLE-- [fill = 0]
                  2000dba4    00000074     simplelink.a : nonos.obj (.text:_SlNonOsMainLoopTask)
                  2000dc18    00000074     rtsv7M4_T_le_eabi.lib : fclose.c.obj (.text:__TI_closefile)
                  2000dc8c    00000070     driverlib.a : timer.obj (.text:TimerIntRegister)
                  2000dcfc    00000070     rtsv7M4_T_le_eabi.lib : memory.c.obj (.text:split)
                  2000dd6c    0000006e                           : _printfi.c.obj (.text:_mcpy)
                  2000ddda    00000002     --HOLE-- [fill = 0]
                  2000dddc    0000006c                           : hostrename.c.obj (.text:HOSTrename)
                  2000de48    0000006c     simplelink.a : driver.obj (.text:_SlDrvCmdSend)
                  2000deb4    0000006c                  : netapp.obj (.text:_sl_NetAppSendTokenValue)
                  2000df20    00000068     rtsv7M4_T_le_eabi.lib : hostlseek.c.obj (.text:HOSTlseek)
                  2000df88    00000068     driverlib.a : timer.obj (.text:TimerIntUnregister)
                  2000dff0    00000068     rtsv7M4_T_le_eabi.lib : copy_decompress_lzss.c.obj (.text:decompress:lzss:__TI_decompress_lzss)
                  2000e058    00000068                           : printf.c.obj (.text:printf)
                  2000e0c0    00000064     simplelink.a : nonos.obj (.text:_SlNonOsSpawn)
                  2000e124    00000064                  : socket.obj (.text:_sl_HandleAsync_Accept)
                  2000e188    00000064     rtsv7M4_T_le_eabi.lib : fseek.c.obj (.text:fseek)
                  2000e1ec    00000064     simplelink.a : netapp.obj (.text:sl_NetAppMDNSUnRegisterService)
                  2000e250    00000064     driverlib.a : udma.obj (.text:uDMAChannelAttributeDisable)
                  2000e2b4    00000064                 : udma.obj (.text:uDMAChannelAttributeEnable)
                  2000e318    00000062     rtsv7M4_T_le_eabi.lib : _io_perm.c.obj (.text:__TI_wrt_ok)
                  2000e37a    00000002     --HOLE-- [fill = 0]
                  2000e37c    00000060                           : hostopen.c.obj (.text:HOSTopen)
                  2000e3dc    00000060     simplelink.a : socket.obj (.text:sl_Close)
                  2000e43c    00000060                  : wlan.obj (.text:sl_WlanProfileDel)
                  2000e49c    00000060                  : wlan.obj (.text:sl_WlanSetMode)
                  2000e4fc    0000005c     rtsv7M4_T_le_eabi.lib : close.c.obj (.text:close)
                  2000e558    0000005c                           : s_frexp.c.obj (.text:frexp)
                  2000e5b4    00000058                           : hostread.c.obj (.text:HOSTread)
                  2000e60c    00000058                           : hostwrite.c.obj (.text:HOSTwrite)
                  2000e664    00000058     driverlib.a : interrupt.obj (.text:IntPendClear)
                  2000e6bc    00000058                 : prcm.obj (.text:PRCMPeripheralReset)
                  2000e714    00000056     rtsv7M4_T_le_eabi.lib : _printfi.c.obj (.text:_pconv_f)
                  2000e76a    00000002     --HOLE-- [fill = 0]
                  2000e76c    00000054     driverlib.a : interrupt.obj (.text:IntPrioritySet)
                  2000e7c0    00000054     simplelink.a : driver.obj (.text:_SlDrvRxIrqHandler)
                  2000e814    00000054     rtsv7M4_T_le_eabi.lib : _ltoa.c.obj (.text:__TI_ltoa)
                  2000e868    00000054     simplelink.a : socket.obj (.text:_sl_HandleAsync_Select)
                  2000e8bc    00000052     rtsv7M4_T_le_eabi.lib : _printfi.c.obj (.text:_ecpy)
                  2000e90e    00000002     --HOLE-- [fill = 0]
                  2000e910    00000050     simplelink.a : device.obj (.text:_sl_HandleAsync_Stop)
                  2000e960    0000004c     driverlib.a : spi.obj (.text:SPIIntEnable)
                  2000e9ac    0000004c                 : spi.obj (.text:SPIIntNumberGet)
                  2000e9f8    0000004c     simplelink.a : driver.obj (.text:_SlDrvProtectAsyncRespSetting)
                  2000ea44    0000004c     rtsv7M4_T_le_eabi.lib : fflush.c.obj (.text:__TI_doflush)
                  2000ea90    0000004c     simplelink.a : socket.obj (.text:_sl_BuildAddress)
                  2000eadc    0000004c     rtsv7M4_T_le_eabi.lib : atoi.c.obj (.text:atoi)
                  2000eb28    0000004c                           : snprintf.c.obj (.text:snprintf)
                  2000eb74    0000004c     driverlib.a : udma.obj (.text:uDMAChannelAssign)
                  2000ebc0    00000048                 : gpio.obj (.text:GPIOGetIntNumber)
                  2000ec08    00000048                 : spi.obj (.text:SPIIntClear)
                  2000ec50    00000048     simplelink.a : driver.obj (.text:_SlDrvBasicCmd)
                  2000ec98    00000048     rtsv7M4_T_le_eabi.lib : exit.c.obj (.text:exit)
                  2000ece0    00000048                           : fd_toi_t2.asm.obj (.text)
                  2000ed28    00000044                           : hostclose.c.obj (.text:HOSTclose)
                  2000ed6c    00000044                           : hostunlink.c.obj (.text:HOSTunlink)
                  2000edb0    00000044     driverlib.a : spi.obj (.text:SPIDmaMaskGet)
                  2000edf4    00000044                 : timer.obj (.text:TimerConfigure)
                  2000ee38    00000044                 : uart.obj (.text:UARTIntNumberGet)
                  2000ee7c    00000044     simplelink.a : driver.obj (.text:_SlDrvHandleHttpServerEvents)
                  2000eec0    00000044                  : driver.obj (.text:_SlDrvSyncObjWaitTimeout)
                  2000ef04    00000044     rtsv7M4_T_le_eabi.lib : autoinit.c.obj (.text:__TI_auto_init_nobinit_nopinit:__TI_auto_init_nobinit_nopinit)
                  2000ef48    00000044     simplelink.a : cc_pal.obj (.text:cc_SetupTransfer)
                  2000ef8c    00000044     rtsv7M4_T_le_eabi.lib : getdevice.c.obj (.text:getdevice)
                  2000efd0    00000042     simplelink.a : socket.obj (.text:sl_Htonl)
                  2000f012    00000002     --HOLE-- [fill = 0]
                  2000f014    00000040     driverlib.a : pin.obj (.text:PinModeSet)
                  2000f054    00000040     simplelink.a : driver.obj (.text:_SlDrvHandleNetAppEvents)
                  2000f094    00000040                  : driver.obj (.text:_SlDrvHandleWlanEvents)
                  2000f0d4    00000040                  : socket.obj (.text:_sl_TruncatePayloadByProtocol)
                  2000f114    00000040     rtsv7M4_T_le_eabi.lib : sprintf.c.obj (.text:sprintf)
                  2000f154    00000040                           : vsnprintf.c.obj (.text:vsnprintf)
                  2000f194    0000003e     simplelink.a : cc_pal.obj (.text:NwpRegisterInterruptHandler)
                  2000f1d2    0000003e     rtsv7M4_T_le_eabi.lib : _printfi.c.obj (.text:_fcpy)
                  2000f210    0000003c     simplelink.a : netapp.obj (.text:CopyPingResultsToReport)
                  2000f24c    0000003c     driverlib.a : prcm.obj (.text:PRCMPeripheralClkEnable)
                  2000f288    0000003c     simplelink.a : cc_pal.obj (.text:simplelink_timerA2_start)
                  2000f2c4    0000003c                  : socket.obj (.text:sl_Htons)
                  2000f300    0000003c     driverlib.a : udma.obj (.text:uDMAChannelControlSet)
                  2000f33c    00000038     simplelink.a : cc_pal.obj (.text:NwpPowerOff)
                  2000f374    00000038     rtsv7M4_T_le_eabi.lib : trgmsg.c.obj (.text:__TI_writemsg)
                  2000f3ac    00000038     simplelink.a : wlan.obj (.text:sl_WlanDisconnect)
                  2000f3e4    00000036     driverlib.a : gpio.obj (.text:GPIODirModeSet)
                  2000f41a    00000036     rtsv7M4_T_le_eabi.lib : strncpy.c.obj (.text:strncpy)
                  2000f450    00000034     driverlib.a : prcm.obj (.text:PRCMPeripheralStatusGet)
                  2000f484    00000034                 : spi.obj (.text:SPIFIFOLevelSet)
                  2000f4b8    00000034     rtsv7M4_T_le_eabi.lib : fopen.c.obj (.text:__TI_cleanup)
                  2000f4ec    00000034                           : trgmsg.c.obj (.text:__TI_readmsg)
                  2000f520    00000030     driverlib.a : pin.obj (.text:PinTypeGPIO)
                  2000f550    00000030                 : uart.obj (.text:UARTDisable)
                  2000f580    00000030     rtsv7M4_T_le_eabi.lib : snprintf.c.obj (.text:_outs)
                  2000f5b0    00000030                           : vsnprintf.c.obj (.text:_outs)
                  2000f5e0    00000030                           : getdevice.c.obj (.text:finddevice)
                  2000f610    0000002e                           : i_tofd_t2.asm.obj (.text)
                  2000f63e    00000002     --HOLE-- [fill = 0]
                  2000f640    0000002c     simplelink.a : cc_pal.obj (.text:NwpPowerOn)
                  2000f66c    0000002c     driverlib.a : prcm.obj (.text:PRCMSysResetCauseGet)
                  2000f698    0000002c     simplelink.a : driver.obj (.text:_SlDrvObjGlobalLockWaitForever)
                  2000f6c4    0000002c                  : driver.obj (.text:_SlDrvProtectionObjLockWaitForever)
                  2000f6f0    0000002c     rtsv7M4_T_le_eabi.lib : unlink.c.obj (.text:unlink)
                  2000f71c    0000002a     driverlib.a : spi.obj (.text:SPIDataGetNonBlocking)
                  2000f746    0000002a                 : timer.obj (.text:TimerLoadSet)
                  2000f770    0000002a                 : timer.obj (.text:TimerPrescaleSet)
                  2000f79a    00000002     --HOLE-- [fill = 0]
                  2000f79c    00000028                 : prcm.obj (.text:PRCMPeripheralClkDisable)
                  2000f7c4    00000028     simplelink.a : driver.obj (.text:_SlDrvGlobalObjUnLock)
                  2000f7ec    00000028                  : driver.obj (.text:_SlDrvProtectionObjUnLock)
                  2000f814    00000028                  : driver.obj (.text:_SlDrvSyncObjWaitForever)
                  2000f83c    00000028     rtsv7M4_T_le_eabi.lib : memory.c.obj (.text:free_list_insert)
                  2000f864    00000028                           : lseek.c.obj (.text:lseek)
                  2000f88c    00000028                           : memmov.c.obj (.text:memmove)
                  2000f8b4    00000028                           : write.c.obj (.text:write)
                  2000f8dc    00000026     simplelink.a : driver.obj (.text:_SlDrvObjLockWaitForever)
                  2000f902    00000026     network_common.obj (.text)
                  2000f928    00000024     simplelink.a : cc_pal.obj (.text:DmaSpiSwIntHandler)
                  2000f94c    00000024     driverlib.a : interrupt.obj (.text:IntUnregister)
                  2000f970    00000024                 : uart.obj (.text:UARTEnable)
                  2000f994    00000024     rtsv7M4_T_le_eabi.lib : boot_cortex_m.c.obj (.text:_c_int00_noargs:_c_int00_noargs)
                  2000f9b8    00000022     driverlib.a : spi.obj (.text:SPIReset)
                  2000f9da    00000022                 : spi.obj (.text:SPIWordCountSet)
                  2000f9fc    00000020                 : gpio.obj (.text:GPIOPinWrite)
                  2000fa1c    00000020                 : interrupt.obj (.text:IntRegister)
                  2000fa3c    00000020     simplelink.a : cc_pal.obj (.text:NwpPrePowerOffTimout0)
                  2000fa5c    00000020     driverlib.a : spi.obj (.text:SPIDataGet)
                  2000fa7c    00000020     simplelink.a : cc_pal.obj (.text:TimerGetCurrentTimestamp)
                  2000fa9c    00000020                  : driver.obj (.text:_SlDrvObjUnLock)
                  2000fabc    00000020                  : driver.obj (.text:_SlDrvSyncObjSignal)
                  2000fadc    00000020     rtsv7M4_T_le_eabi.lib : memchr.c.obj (.text:memchr)
                  2000fafc    0000001e     driverlib.a : gpio.obj (.text:GPIOIntRegister)
                  2000fb1a    0000001e                 : spi.obj (.text:SPIDataPut)
                  2000fb38    0000001e                 : spi.obj (.text:SPIIntRegister)
                  2000fb56    0000001e                 : timer.obj (.text:TimerDisable)
                  2000fb74    0000001e                 : timer.obj (.text:TimerEnable)
                  2000fb92    0000001e                 : timer.obj (.text:TimerIntStatus)
                  2000fbb0    0000001e                 : uart.obj (.text:UARTCharPut)
                  2000fbce    0000001e                 : uart.obj (.text:UARTIntRegister)
                  2000fbec    0000001e                 : uart.obj (.text:UARTIntStatus)
                  2000fc0a    0000001e     simplelink.a : cc_pal.obj (.text:cc_UDMAChannelSelect)
                  2000fc28    0000001c     driverlib.a : timer.obj (.text:TimerValueGet)
                  2000fc44    0000001c                 : uart.obj (.text:UARTCharGetNonBlocking)
                  2000fc60    0000001c     simplelink.a : driver.obj (.text:_SlDrvStartMeasureTimeout)
                  2000fc7c    0000001c     rtsv7M4_T_le_eabi.lib : memory.c.obj (.text:free_list_remove)
                  2000fc98    0000001c                           : memccpy.c.obj (.text:memccpy)
                  2000fcb4    0000001c     driverlib.a : udma.obj (.text:uDMAChannelEnable)
                  2000fcd0    0000001a                 : gpio.obj (.text:GPIOIntEnable)
                  2000fcea    0000001a                 : pin.obj (.text:PinTypeSPI)
                  2000fd04    0000001a                 : pin.obj (.text:PinTypeUART)
                  2000fd1e    0000001a                 : spi.obj (.text:SPIDmaDisable)
                  2000fd38    0000001a                 : spi.obj (.text:SPIDmaEnable)
                  2000fd52    0000001a                 : spi.obj (.text:SPIFIFODisable)
                  2000fd6c    0000001a                 : spi.obj (.text:SPIFIFOEnable)
                  2000fd86    0000001a                 : spi.obj (.text:SPIIntUnregister)
                  2000fda0    00000018                 : gpio.obj (.text:GPIOPinRead)
                  2000fdb8    00000018                 : spi.obj (.text:SPICSDisable)
                  2000fdd0    00000018                 : spi.obj (.text:SPICSEnable)
                  2000fde8    00000018                 : spi.obj (.text:SPIDisable)
                  2000fe00    00000018                 : spi.obj (.text:SPIEnable)
                  2000fe18    00000018                 : timer.obj (.text:TimerIntDisable)
                  2000fe30    00000018                 : timer.obj (.text:TimerIntEnable)
                  2000fe48    00000018                 : uart.obj (.text:UARTCharsAvail)
                  2000fe60    00000018                 : uart.obj (.text:UARTFIFOLevelSet)
                  2000fe78    00000018                 : uart.obj (.text:UARTIntEnable)
                  2000fe90    00000018     simplelink.a : nonos.obj (.text:_SlNonOsSemSet)
                  2000fea8    00000018     rtsv7M4_T_le_eabi.lib : snprintf.c.obj (.text:_outc)
                  2000fec0    00000018                           : vsnprintf.c.obj (.text:_outc)
                  2000fed8    00000018                           : sprintf.c.obj (.text:_outs)
                  2000fef0    00000018     simplelink.a : device.obj (.text:_sl_GetStartResponseConvert)
                  2000ff08    00000018     rtsv7M4_T_le_eabi.lib : strcmp.c.obj (.text:strcmp)
                  2000ff20    00000016     driverlib.a : prcm.obj (.text:PRCMHIBRegRead)
                  2000ff36    00000016                 : prcm.obj (.text:PRCMHIBRegWrite)
                  2000ff4c    00000016     simplelink.a : driver.obj (.text:_SlDrvMemZero)
                  2000ff62    00000016     rtsv7M4_T_le_eabi.lib : strchr.c.obj (.text:strchr)
                  2000ff78    00000014     driverlib.a : cpu.obj (.text:CPUcpsie)
                  2000ff8c    00000014                 : gpio.obj (.text:GPIOIntClear)
                  2000ffa0    00000014                 : interrupt.obj (.text:IntVTableBaseSet)
                  2000ffb4    00000014     rtsv7M4_T_le_eabi.lib : strcpy.c.obj (.text:strcpy)
                  2000ffc8    00000014                           : strlen.c.obj (.text:strlen)
                  2000ffdc    00000012     driverlib.a : timer.obj (.text:TimerIntClear)
                  2000ffee    00000012                 : uart.obj (.text:UARTIntClear)
                  20010000    00000012     rtsv7M4_T_le_eabi.lib : wcslen.c.obj (.text:wcslen)
                  20010012    00000010     simplelink.a : driver.obj (.text:_SlDrvDispatchHttpServerEvents)
                  20010022    0000000e                  : driver.obj (.text:_SlDrvResetCmdExt)
                  20010030    0000000e     rtsv7M4_T_le_eabi.lib : copy_decompress_none.c.obj (.text:decompress:none:__TI_decompress_none)
                  2001003e    0000000e     startup_ccs.obj (.text)
                  2001004c    0000000c     simplelink.a : cc_pal.obj (.text:NwpMaskInterrupt)
                  20010058    0000000c                  : cc_pal.obj (.text:NwpUnMaskInterrupt)
                  20010064    0000000c     rtsv7M4_T_le_eabi.lib : s_copysign.c.obj (.text:copysign)
                  20010070    0000000c                           : copy_zero_init.c.obj (.text:decompress:ZI:__TI_zero_init)
                  2001007c    0000000a     driverlib.a : interrupt.obj (.text:IntMasterEnable)
                  20010086    0000000a     rtsv7M4_T_le_eabi.lib : sprintf.c.obj (.text:_outc)
                  20010090    00000008                           : errno.c.obj (.text:__aeabi_errno_addr)
                  20010098    00000008                           : memory.c.obj (.text:malloc)
                  200100a0    00000006     driverlib.a : utils.obj (.text:UtilsDelay)
                  200100a6    00000004     rtsv7M4_T_le_eabi.lib : printf.c.obj (.text:_outc)
                  200100aa    00000004                           : printf.c.obj (.text:_outs)
                  200100ae    00000004                           : pre_init.c.obj (.text:_system_pre_init)
                  200100b2    00000004                           : exit.c.obj (.text:abort:abort)

.const     0    200100b8    00000adc     
                  200100b8    000004fb     Adafruit_GFX.obj (.const:.string:font)
                  200105b3    00000101     rtsv7M4_T_le_eabi.lib : ctype.c.obj (.const:.string:_ctypes_)
                  200106b4    00000100     driverlib.a : pin.obj (.const:g_ulPinToPadMap)
                  200107b4    000000d4                 : interrupt.obj (.const:g_pulRegs)
                  20010888    000000a8                 : prcm.obj (.const:PRCM_PeriphRegsList)
                  20010930    0000003c     simplelink.a : driver.obj (.const:OpcodeTranslateTable)
                  2001096c    00000038                  : driver.obj (.const:_SlActionLookupTable)
                  200109a4    0000002c     network_utils.obj (.const:$P$T1$2)
                  200109d0    00000024     driverlib.a : spi.obj (.const:g_ppulSPIIntMap)
                  200109f4    00000022     network_utils.obj (.const:.string:$P$T0$1)
                  20010a16    00000002     --HOLE-- [fill = 0]
                  20010a18    00000020     simplelink.a : driver.obj (.const:RxMsgClassLUT)
                  20010a38    00000018     driverlib.a : interrupt.obj (.const:g_pulDisRegs)
                  20010a50    00000018                 : interrupt.obj (.const:g_pulEnRegs)
                  20010a68    00000018                 : interrupt.obj (.const:g_pulUnpendRegs)
                  20010a80    00000018                 : spi.obj (.const:g_ulSPIDmaMaskMap)
                  20010a98    00000014     simplelink.a : driver.obj (.const:$P$T0$1)
                  20010aac    00000014                  : nonos.obj (.const:$P$T0$1)
                  20010ac0    00000014     network_utils.obj (.const:$P$T2$3)
                  20010ad4    00000010     simplelink.a : socket.obj (.const:.string:_SlPayloadByProtocolLUT)
                  20010ae4    00000010     driverlib.a : uart.obj (.const:g_ppulUARTIntMap)
                  20010af4    0000000c     network_utils.obj (.const:$P$T4$5)
                  20010b00    0000000c     network_utils.obj (.const:.string:$P$T3$4)
                  20010b0c    0000000a     main.obj (.const:.string)
                  20010b16    00000009     main.obj (.const:.string:$P$T0$1)
                  20010b1f    00000008     simplelink.a : device.obj (.const:StartResponseLUT)
                  20010b27    00000001     --HOLE-- [fill = 0]
                  20010b28    00000008                  : driver.obj (.const:g_H2NCnysPattern)
                  20010b30    00000008                  : driver.obj (.const:g_H2NSyncPattern)
                  20010b38    00000005     main.obj (.const:.string:$P$T1$2)
                  20010b3d    00000001     --HOLE-- [fill = 0]
                  20010b3e    00000004     simplelink.a : wlan.obj (.const:$P$T0$1)
                  20010b42    00000004                  : socket.obj (.const:$P$T2$3)
                  20010b46    00000004                  : device.obj (.const:_SlDeviceGetCmdCtrl)
                  20010b4a    00000004                  : device.obj (.const:_SlDeviceSetCmdCtrl)
                  20010b4e    00000004                  : netapp.obj (.const:_SlGetHostByNameCtrl)
                  20010b52    00000004                  : netapp.obj (.const:_SlNetAppSendTokenValueCmdCtrl)
                  20010b56    00000004                  : netcfg.obj (.const:_SlNetCfgSetCmdCtrl)
                  20010b5a    00000004                  : wlan.obj (.const:_SlPolicySetCmdCtrl)
                  20010b5e    00000004                  : wlan.obj (.const:_SlProfileDelCmdCtrl)
                  20010b62    00000004                  : socket.obj (.const:_SlRecvCmdCtrl)
                  20010b66    00000004                  : netapp.obj (.const:_SlRegisterServiceCtrl)
                  20010b6a    00000004                  : wlan.obj (.const:_SlRxFilterSetCmdCtrl)
                  20010b6e    00000004                  : socket.obj (.const:_SlSendCmdCtrl)
                  20010b72    00000004                  : socket.obj (.const:_SlSetSockOptCmdCtrl)
                  20010b76    00000004                  : socket.obj (.const:_SlSockCloseCmdCtrl)
                  20010b7a    00000004                  : socket.obj (.const:_SlSockSocketCmdCtrl)
                  20010b7e    00000004                  : device.obj (.const:_SlStopCmdCtrl)
                  20010b82    00000004                  : wlan.obj (.const:_SlWlanCfgSetCmdCtrl)
                  20010b86    00000004                  : wlan.obj (.const:_SlWlanSetModeCmdCtrl)
                  20010b8a    00000002     --HOLE-- [fill = 0]
                  20010b8c    00000004                  : driver.obj (.const:httpServer_callbacks)
                  20010b90    00000004                  : driver.obj (.const:netApp_callbacks)

.cinit     0    20010b98    00000118     
                  20010b98    000000ed     (.cinit..data.load) [load image, compression = lzss]
                  20010c85    00000003     --HOLE-- [fill = 0]
                  20010c88    0000000c     (__TI_handler_table)
                  20010c94    00000004     --HOLE-- [fill = 0]
                  20010c98    00000008     (.cinit..bss.load) [load image, compression = zero_init]
                  20010ca0    00000010     (__TI_cinit_table)

.sysmem    0    20017000    00008000     UNINITIALIZED
                  20017000    00000010     rtsv7M4_T_le_eabi.lib : memory.c.obj (.sysmem)
                  20017010    00007ff0     --HOLE--

.bss       0    2001f000    00000506     UNINITIALIZED
                  2001f000    00000168     simplelink.a : driver.obj (.bss:g_StatMem)
                  2001f168    00000120     rtsv7M4_T_le_eabi.lib : trgmsg.c.obj (.bss:_CIOBUF_)
                  2001f288    000000a0     (.common:__TI_tmpnams)
                  2001f328    00000064     main.obj (.bss:g_ucRxBuff)
                  2001f38c    00000064     main.obj (.bss:g_ucTxBuff)
                  2001f3f0    00000050     (.common:g_ucDinDout)
                  2001f440    00000040     (.common:receiverBuffer)
                  2001f480    0000002c     (.common:g_time)
                  2001f4ac    00000024     (.common:g_ucConnectionSSID)
                  2001f4d0    0000000c     main.obj (.bss)
                  2001f4dc    00000008     (.common:g_app_config)
                  2001f4e4    00000008     (.common:g_ucConnectionBSSID)
                  2001f4ec    00000008     (.common:parmbuf)
                  2001f4f4    00000004     uart_if.obj (.bss)
                  2001f4f8    00000004     (.common:g_Host)
                  2001f4fc    00000004     (.common:g_port)
                  2001f500    00000001     (.common:RxIrqCnt)
                  2001f501    00000001     (.common:g_bDeviceRestartIsRequired)
                  2001f502    00000001     (.common:g_cDummy)
                  2001f503    00000001     (.common:g_ucLED1Pin)
                  2001f504    00000001     (.common:g_ucLED2Pin)
                  2001f505    00000001     (.common:g_ucLED3Pin)

.data      0    2001f508    00000378     UNINITIALIZED
                  2001f508    000000f0     rtsv7M4_T_le_eabi.lib : defs.c.obj (.data:_ftable)
                  2001f5f8    000000ac     main.obj (.data)
                  2001f6a4    00000078     rtsv7M4_T_le_eabi.lib : host_device.c.obj (.data:_device)
                  2001f71c    00000050                           : host_device.c.obj (.data:_stream)
                  2001f76c    00000041     main.obj (.data:global_buf_copy)
                  2001f7ad    00000003     --HOLE--
                  2001f7b0    0000003c     simplelink.a : nonos.obj (.data:g__SlNonOsCB)
                  2001f7ec    00000015     Adafruit_GFX.obj (.data)
                  2001f801    00000003     --HOLE--
                  2001f804    00000014     gpio_if.obj (.data:ulReg)
                  2001f818    00000010     rtsv7M4_T_le_eabi.lib : defs.c.obj (.data)
                  2001f828    0000000d     simplelink.a : driver.obj (.data)
                  2001f835    00000003     --HOLE--
                  2001f838    0000000c     rtsv7M4_T_le_eabi.lib : exit.c.obj (.data:$O1$$)
                  2001f844    0000000c     gpio_if.obj (.data)
                  2001f850    0000000c     network_utils.obj (.data)
                  2001f85c    00000009     simplelink.a : cc_pal.obj (.data)
                  2001f865    00000003     --HOLE--
                  2001f868    00000008     rtsv7M4_T_le_eabi.lib : _lock.c.obj (.data:$O1$$)
                  2001f870    00000008                           : memory.c.obj (.data:$O1$$)
                  2001f878    00000004                           : errno.c.obj (.data)
                  2001f87c    00000004     simplelink.a : driver.obj (.data:wlan_callbacks)

.stack     0    2002f000    00001000     UNINITIALIZED
                  2002f000    00000004     rtsv7M4_T_le_eabi.lib : boot_cortex_m.c.obj (.stack)
                  2002f004    00000ffc     --HOLE--

__llvm_prf_cnts 
*          0    20017000    00000000     UNINITIALIZED

MODULE SUMMARY

       Module                       code    ro data   rw data
       ------                       ----    -------   -------
    ./
       main.obj                     5200    24        513    
       Adafruit_GFX.obj             2688    1275      21     
       Adafruit_OLED.obj            1190    0         0      
       startup_ccs.obj              14      1024      0      
       gpio_if.obj                  920     0         35     
       uart_if.obj                  636     0         4      
       timer_if.obj                 408     0         0      
       pin_mux_config.obj           320     0         0      
       network_common.obj           38      0         0      
    +--+----------------------------+-------+---------+---------+
       Total:                       11414   2323      573    
                                                             
    ./utils/
       network_utils.obj            3788    122       116    
    +--+----------------------------+-------+---------+---------+
       Total:                       3788    122       116    
                                                             
    /Applications/TI/ccs/tools/compiler/ti-cgt-arm_20.2.7.LTS/lib/rtsv7M4_T_le_eabi.lib
       _printfi.c.obj               4835    0         0      
       memory.c.obj                 900     0         8      
       fd_add_t2.asm.obj            438     0         0      
       defs.c.obj                   0       0         416    
       trgmsg.c.obj                 108     0         288    
       fd_div_t2.asm.obj            310     0         0      
       fputs.c.obj                  276     0         0      
       fd_cmp_t2.asm.obj            268     0         0      
       ctype.c.obj                  0       257       0      
       fd_mul_t2.asm.obj            252     0         0      
       setvbuf.c.obj                220     0         0      
       s_scalbn.c.obj               208     0         0      
       host_device.c.obj            0       0         200    
       memcpy_t2.asm.obj            156     0         0      
       ull_div_t2.asm.obj           150     0         0      
       snprintf.c.obj               148     0         0      
       fputc.c.obj                  140     0         0      
       vsnprintf.c.obj              136     0         0      
       memset_t2.asm.obj            122     0         0      
       fclose.c.obj                 116     0         0      
       getdevice.c.obj              116     0         0      
       printf.c.obj                 112     0         0      
       hostrename.c.obj             108     0         0      
       copy_decompress_lzss.c.obj   104     0         0      
       hostlseek.c.obj              104     0         0      
       hostopen.c.obj               96      0         8      
       fseek.c.obj                  100     0         0      
       _io_perm.c.obj               98      0         0      
       sprintf.c.obj                98      0         0      
       close.c.obj                  92      0         0      
       s_frexp.c.obj                92      0         0      
       exit.c.obj                   76      0         12     
       hostread.c.obj               88      0         0      
       hostwrite.c.obj              88      0         0      
       _ltoa.c.obj                  84      0         0      
       atoi.c.obj                   76      0         0      
       fflush.c.obj                 76      0         0      
       fd_toi_t2.asm.obj            72      0         0      
       autoinit.c.obj               68      0         0      
       hostclose.c.obj              68      0         0      
       hostunlink.c.obj             68      0         0      
       strncpy.c.obj                54      0         0      
       fopen.c.obj                  52      0         0      
       i_tofd_t2.asm.obj            46      0         0      
       unlink.c.obj                 44      0         0      
       lseek.c.obj                  40      0         0      
       memmov.c.obj                 40      0         0      
       write.c.obj                  40      0         0      
       boot_cortex_m.c.obj          36      0         0      
       memchr.c.obj                 32      0         0      
       memccpy.c.obj                28      0         0      
       strcmp.c.obj                 24      0         0      
       strchr.c.obj                 22      0         0      
       strcpy.c.obj                 20      0         0      
       strlen.c.obj                 20      0         0      
       wcslen.c.obj                 18      0         0      
       copy_decompress_none.c.obj   14      0         0      
       copy_zero_init.c.obj         12      0         0      
       errno.c.obj                  8       0         4      
       s_copysign.c.obj             12      0         0      
       _lock.c.obj                  2       0         8      
       pre_init.c.obj               4       0         0      
       div0.asm.obj                 2       0         0      
    +--+----------------------------+-------+---------+---------+
       Total:                       11237   257       944    
                                                             
    /Users/bud/Documents/EEC172/Lab/cc3200-support/cc3200sdk_1.5.0/cc3200-sdk/driverlib/ccs/Release/driverlib.a
       spi.obj                      1790    60        0      
       prcm.obj                     852     168       0      
       interrupt.obj                608     284       0      
       udma.obj                     604     0         0      
       pin.obj                      300     256       0      
       timer.obj                    552     0         0      
       uart.obj                     478     16        0      
       gpio.obj                     388     0         0      
       cpu.obj                      20      0         0      
       utils.obj                    6       0         0      
    +--+----------------------------+-------+---------+---------+
       Total:                       5598    784       0      
                                                             
    /Users/bud/Documents/EEC172/Lab/cc3200-support/cc3200sdk_1.5.0/cc3200-sdk/simplelink/ccs/NON_OS/simplelink.a
       driver.obj                   7906    192       379    
       cc_pal.obj                   1820    0         90     
       socket.obj                   1830    40        0      
       netapp.obj                   1572    12        0      
       wlan.obj                     1316    24        0      
       device.obj                   1230    20        0      
       nonos.obj                    416     20        60     
       netcfg.obj                   152     4         0      
    +--+----------------------------+-------+---------+---------+
       Total:                       16242   312       529    
                                                             
       Heap:                        0       0         32768  
       Stack:                       0       0         4096   
       Linker Generated:            0       273       0      
    +--+----------------------------+-------+---------+---------+
       Grand Total:                 48279   4071      39026  


LINKER GENERATED COPY TABLES

__TI_cinit_table @ 20010ca0 records: 2, size/record: 8, table size: 16
	.data: load addr=20010b98, load size=000000ed bytes, run addr=2001f508, run size=00000378 bytes, compression=lzss
	.bss: load addr=20010c98, load size=00000008 bytes, run addr=2001f000, run size=00000506 bytes, compression=zero_init


LINKER GENERATED HANDLER TABLE

__TI_handler_table @ 20010c88 records: 3, size/record: 4, table size: 12
	index: 0, handler: __TI_decompress_lzss
	index: 1, handler: __TI_decompress_none
	index: 2, handler: __TI_zero_init


GLOBAL SYMBOLS: SORTED ALPHABETICALLY BY Name 

address   name                                  
-------   ----                                  
20008209  Adafruit_Init                         
200100b3  C$$EXIT                               
2000f3a3  C$$IO$$                               
2000ff79  CPUcpsie                              
20008c7d  ClearTerm                             
20008383  Color565                              
2000f929  DmaSpiSwIntHandler                    
20008c87  Error                                 
2000f3e5  GPIODirModeSet                        
2000ff8d  GPIOIntClear                          
2000fcd1  GPIOIntEnable                         
2000fafd  GPIOIntRegister                       
2000d7b9  GPIOIntTypeSet                        
2000fda1  GPIOPinRead                           
2000f9fd  GPIOPinWrite                          
200088e5  GPIO_IF_ConfigureNIntEnable           
20008971  GPIO_IF_Get                           
2000889f  GPIO_IF_GetPortNPin                   
20008661  GPIO_IF_LedConfigure                  
20008753  GPIO_IF_LedOff                        
2000869f  GPIO_IF_LedOn                         
20008807  GPIO_IF_LedStatus                     
20008871  GPIO_IF_LedToggle                     
2000892d  GPIO_IF_Set                           
20008cbf  GetCmd                                
2000ed29  HOSTclose                             
2000df21  HOSTlseek                             
2000e37d  HOSTopen                              
2000e5b5  HOSTread                              
2000dddd  HOSTrename                            
2000ed6d  HOSTunlink                            
2000e60d  HOSTwrite                             
20008c3d  InitTerm                              
2000c791  IntDisable                            
2000c839  IntEnable                             
2001007d  IntMasterEnable                       
2000e665  IntPendClear                          
2000e76d  IntPrioritySet                        
2000fa1d  IntRegister                           
2000f94d  IntUnregister                         
2000ffa1  IntVTableBaseSet                      
20004471  MasterMain                            
20008c5b  Message                               
2001004d  NwpMaskInterrupt                      
2000f33d  NwpPowerOff                           
2000f641  NwpPowerOn                            
2000fa3d  NwpPrePowerOffTimout0                 
2000f195  NwpRegisterInterruptHandler           
20010059  NwpUnMaskInterrupt                    
20010930  OpcodeTranslateTable                  
200070c7  Outstr                                
2000a2a5  PRCMCC3200MCUInit                     
2000ff21  PRCMHIBRegRead                        
2000ff37  PRCMHIBRegWrite                       
2000f79d  PRCMPeripheralClkDisable              
2000f24d  PRCMPeripheralClkEnable               
2000cf8d  PRCMPeripheralClockGet                
2000e6bd  PRCMPeripheralReset                   
2000f451  PRCMPeripheralStatusGet               
2000f66d  PRCMSysResetCauseGet                  
2000d519  PinConfigSet                          
2000f015  PinModeSet                            
2000aaad  PinMuxConfig                          
2000f521  PinTypeGPIO                           
2000fceb  PinTypeSPI                            
2000fd05  PinTypeUART                           
20008dfd  Report                                
2001003f  ResetISR                              
2001f500  RxIrqCnt                              
2000fdb9  SPICSDisable                          
2000fdd1  SPICSEnable                           
2000c985  SPIConfigSetExpClk                    
2000fa5d  SPIDataGet                            
2000f71d  SPIDataGetNonBlocking                 
2000fb1b  SPIDataPut                            
2000fde9  SPIDisable                            
2000fd1f  SPIDmaDisable                         
2000fd39  SPIDmaEnable                          
2000fe01  SPIEnable                             
2000fd53  SPIFIFODisable                        
2000fd6d  SPIFIFOEnable                         
2000f485  SPIFIFOLevelSet                       
2000ec09  SPIIntClear                           
2000e961  SPIIntEnable                          
2000fb39  SPIIntRegister                        
2000d9bd  SPIIntStatus                          
2000fd87  SPIIntUnregister                      
2000f9b9  SPIReset                              
2000d5a1  SPITransfer                           
2000f9db  SPIWordCountSet                       
20005a25  SimpleLinkGeneralEventHandler         
20005a01  SimpleLinkHttpServerCallback          
2000595f  SimpleLinkNetAppEventHandler          
20005a45  SimpleLinkSockEventHandler            
20005851  SimpleLinkWlanEventHandler            
200044c1  SlaveMain                             
20004663  TimerBaseIntHandler                   
2000edf5  TimerConfigure                        
2000fb57  TimerDisable                          
2000fb75  TimerEnable                           
2000fa7d  TimerGetCurrentTimestamp              
2000ffdd  TimerIntClear                         
2000fe19  TimerIntDisable                       
2000fe31  TimerIntEnable                        
2000dc8d  TimerIntRegister                      
2000fb93  TimerIntStatus                        
2000df89  TimerIntUnregister                    
2000f747  TimerLoadSet                          
2000f771  TimerPrescaleSet                      
2000fc29  TimerValueGet                         
20009f39  Timer_IF_DeInit                       
20009f6d  Timer_IF_GetCount                     
20009e71  Timer_IF_Init                         
20009ea3  Timer_IF_IntSetup                     
20009eef  Timer_IF_InterruptClear               
20009f53  Timer_IF_ReLoad                       
20009f07  Timer_IF_Start                        
20009f29  Timer_IF_Stop                         
20008d65  TrimSpace                             
2000fc45  UARTCharGetNonBlocking                
2000fbb1  UARTCharPut                           
2000fe49  UARTCharsAvail                        
2000db2d  UARTConfigSetExpClk                   
2000f551  UARTDisable                           
2000f971  UARTEnable                            
2000fe61  UARTFIFOLevelSet                      
2000ffef  UARTIntClear                          
2000fe79  UARTIntEnable                         
2000fbcf  UARTIntRegister                       
2000fbed  UARTIntStatus                         
200100a1  UtilsDelay                            
2001096c  _SlActionLookupTable                  
2000c8e1  _SlDriverHandleError                  
2000ec51  _SlDrvBasicCmd                        
2000c4b5  _SlDrvCmdOp                           
2000de49  _SlDrvCmdSend                         
20009369  _SlDrvDataReadOp                      
2000a58d  _SlDrvDataWriteOp                     
2000cb61  _SlDrvDeviceEventHandler              
20010013  _SlDrvDispatchHttpServerEvents        
2000af95  _SlDrvDriverCBDeinit                  
20009aa1  _SlDrvDriverCBInit                    
2000f7c5  _SlDrvGlobalObjUnLock                 
2000ee7d  _SlDrvHandleHttpServerEvents          
2000f055  _SlDrvHandleNetAppEvents              
2000f095  _SlDrvHandleWlanEvents                
2000d2e9  _SlDrvIsTimeoutExpired                
2000ff4d  _SlDrvMemZero                         
2000ba9d  _SlDrvMsgReadSpawnCtx                 
2000b2f9  _SlDrvNetAppEventHandler              
2000f8dd  _SlDrvObjLockWaitForever              
2000fa9d  _SlDrvObjUnLock                       
2000e9f9  _SlDrvProtectAsyncRespSetting         
2000f6c5  _SlDrvProtectionObjLockWaitForever    
2000f7ed  _SlDrvProtectionObjUnLock             
2000954d  _SlDrvReleasePoolObj                  
20010023  _SlDrvResetCmdExt                     
2000e7c1  _SlDrvRxIrqHandler                    
2000fc61  _SlDrvStartMeasureTimeout             
2000fabd  _SlDrvSyncObjSignal                   
2000f815  _SlDrvSyncObjWaitForever              
2000eec1  _SlDrvSyncObjWaitTimeout              
20009f89  _SlDrvWaitForPoolObj                  
20010b52  _SlNetAppSendTokenValueCmdCtrl        
2000dba5  _SlNonOsMainLoopTask                  
2000c6e1  _SlNonOsSemGet                        
2000fe91  _SlNonOsSemSet                        
2000e0c1  _SlNonOsSpawn                         
2001f168  __CIOBUF_                             
20030000  __STACK_END                           
00001000  __STACK_SIZE                          
00008000  __SYSMEM_SIZE                         
20010ca0  __TI_CINIT_Base                       
20010cb0  __TI_CINIT_Limit                      
20010c88  __TI_Handler_Table_Base               
20010c94  __TI_Handler_Table_Limit              
2000ef05  __TI_auto_init_nobinit_nopinit        
2000f4b9  __TI_cleanup                          
2001f838  __TI_cleanup_ptr                      
2000dc19  __TI_closefile                        
2000dff1  __TI_decompress_lzss                  
20010031  __TI_decompress_none                  
2000ea45  __TI_doflush                          
2001f83c  __TI_dtors_ptr                        
2001f840  __TI_enable_exit_profile_output       
2001f818  __TI_ft_end                           
2000e815  __TI_ltoa                             
ffffffff  __TI_pprof_out_hndl                   
2000719d  __TI_printfi                          
ffffffff  __TI_prof_data_size                   
ffffffff  __TI_prof_data_start                  
2000f4ed  __TI_readmsg                          
20010b98  __TI_static_base__                    
2001f288  __TI_tmpnams                          
2000f375  __TI_writemsg                         
2000e319  __TI_wrt_ok                           
20010071  __TI_zero_init                        
2000d629  __aeabi_cdcmpeq                       
2000d629  __aeabi_cdcmple                       
2000d6af  __aeabi_cdrcmple                      
2000ece1  __aeabi_d2iz                          
200098f3  __aeabi_dadd                          
2000ad29  __aeabi_ddiv                          
2000b4fd  __aeabi_dmul                          
200098e9  __aeabi_dsub                          
20010091  __aeabi_errno_addr                    
2000f611  __aeabi_i2d                           
20009a9f  __aeabi_idiv0                         
20009a9f  __aeabi_ldiv0                         
2000da39  __aeabi_memclr                        
2000da39  __aeabi_memclr4                       
2000da39  __aeabi_memclr8                       
2000cac5  __aeabi_memcpy                        
2000cac5  __aeabi_memcpy4                       
2000cac5  __aeabi_memcpy8                       
2000da3b  __aeabi_memset                        
2000da3b  __aeabi_memset4                       
2000da3b  __aeabi_memset8                       
2001f824  __aeabi_stderr                        
2001f81c  __aeabi_stdin                         
2001f820  __aeabi_stdout                        
2000cef5  __aeabi_uldivmod                      
ffffffff  __binit__                             
ffffffff  __c_args__                            
UNDEFED   __mpu_init                            
2002f000  __stack                               
20017000  __start___llvm_prf_cnts               
20017000  __stop___llvm_prf_cnts                
2000f995  _c_int00_noargs                       
200105b3  _ctypes_                              
2001f6a4  _device                               
2001f508  _ftable                               
2001f868  _lock                                 
20008623  _nop                                  
2000e125  _sl_HandleAsync_Accept                
2000d83d  _sl_HandleAsync_Connect               
2000d021  _sl_HandleAsync_DnsGetHostByName      
2000c259  _sl_HandleAsync_DnsGetHostByService   
2000d375  _sl_HandleAsync_InitComplete          
2000d0b1  _sl_HandleAsync_PingResponse          
2000e869  _sl_HandleAsync_Select                
2000e911  _sl_HandleAsync_Stop                  
2000deb5  _sl_NetAppSendTokenValue              
2001f71c  _stream                               
20017000  _sys_memory                           
UNDEFED   _system_post_cinit                    
200100af  _system_pre_init                      
2001f86c  _unlock                               
200100b3  abort                                 
2000b3fd  aligned_alloc                         
2000eadd  atoi                                  
ffffffff  binit                                 
2001f614  bufStr                                
2001f610  buf_char                              
2000e4fd  close                                 
200063f5  connectToAccessPoint                  
20010065  copysign                              
20010065  copysignl                             
2001f7ec  cursor_x                              
2001f7f0  cursor_y                              
2001f624  delayTime                             
2001f620  delay_check                           
20006f7b  drawChar                              
2000671d  drawCircle                            
20006851  drawCircleHelper                      
2000852d  drawFastHLine                         
20008491  drawFastVLine                         
20006a97  drawLine                              
200085c9  drawPixel                             
20006b83  drawRect                              
20006bd1  drawRoundRect                         
20006d39  drawTriangle                          
20004513  eightVLines                           
2001f878  errno                                 
2000ec99  exit                                  
2000696f  fillCircle                            
200069a9  fillCircleHelper                      
200083db  fillRect                              
20006cbf  fillRoundRect                         
200083c5  fillScreen                            
20006d7b  fillTriangle                          
2000f5e1  finddevice                            
2001f608  finish                                
2000d401  fputc                                 
2000b1e5  fputs                                 
2000bb85  free                                  
2000e559  frexp                                 
2000e559  frexpl                                
2000e189  fseek                                 
2001f4f8  g_Host                                
2001f828  g_SlDeviceStatus                      
2001f85c  g_SpiFd                               
2001f7b0  g__SlNonOsCB                          
2001f4dc  g_app_config                          
2001f501  g_bDeviceRestartIsRequired            
2001f502  g_cDummy                              
2001f82c  g_pCB                                 
2001f860  g_pHostIntHdl                         
20004000  g_pfnVectors                          
2001f4fc  g_port                                
2001f480  g_time                                
2001f4e4  g_ucConnectionBSSID                   
2001f4ac  g_ucConnectionSSID                    
2001f864  g_ucDMAEnabled                        
2001f3f0  g_ucDinDout                           
2001f503  g_ucLED1Pin                           
2001f504  g_ucLED2Pin                           
2001f505  g_ucLED3Pin                           
2001f844  g_uiLED1Port                          
2001f848  g_uiLED2Port                          
2001f84c  g_uiLED3Port                          
2001f858  g_ulGatewayIP                         
2001f854  g_ulPingPacketsRecv                   
2001f850  g_ulStatus                            
2000ef8d  getdevice                             
2000833f  goTo                                  
2000717b  height                                
20008607  invert                                
2000c0b9  ldexp                                 
2000c0b9  ldexpl                                
2000f865  lseek                                 
20004de9  main                                  
20010099  malloc                                
2000b3fd  memalign                              
2000fc99  memccpy                               
2000fadd  memchr                                
2000cac5  memcpy                                
2000f88d  memmove                               
2000da41  memset                                
2001f830  pPingCallBackFunc                     
2001f4ec  parmbuf                               
2001f630  prev_buf                              
200045f3  printCharArray64                      
2001f6a0  printFlag                             
2000458b  printString                           
2000e059  printf                                
2000d401  putc                                  
2001f61c  pxFlag                                
2000bc69  realloc                               
2001f69c  recIndex                              
2001f440  receiverBuffer                        
2000f6f1  remove                                
2001f618  sameFlag                              
2000c0b9  scalbn                                
2000c0b9  scalbnl                               
20007113  setCursor                             
2000714b  setTextColor                          
2000712b  setTextSize                           
20007163  setTextWrap                           
2000bf0d  setvbuf                               
2000f289  simplelink_timerA2_start              
2000e3dd  sl_Close                              
2000a119  sl_Connect                            
2000c325  sl_DevGet                             
2000cbfd  sl_DevSet                             
2000efd1  sl_Htonl                              
2000f2c5  sl_Htons                              
2000a969  sl_NetAppDnsGetHostByName             
2000bd4d  sl_NetAppMDNSRegisterUnregisterService
2000e1ed  sl_NetAppMDNSUnRegisterService        
2000cc95  sl_NetCfgSet                          
2000f903  sl_Provisioning_HttpServerEventHdl    
2000f911  sl_Provisioning_NetAppEventHdl        
2000f91d  sl_Provisioning_WlanEventHdl          
2000ca25  sl_Recv                               
2000ae61  sl_Send                               
2000cd2d  sl_SetSockOpt                         
2000d48d  sl_Socket                             
2000b8c9  sl_Start                              
2000b5f9  sl_Stop                               
200089bd  sl_WlanConnect                        
2000f3ad  sl_WlanDisconnect                     
2000d141  sl_WlanPolicySet                      
2000e43d  sl_WlanProfileDel                     
2000d735  sl_WlanRxFilterSet                    
2000cdc5  sl_WlanSet                            
2000e49d  sl_WlanSetMode                        
2000eb29  snprintf                              
2000dab5  spi_Close                             
2000a6dd  spi_Open                              
2000b6e9  spi_Read                              
2000ce5d  spi_Write                             
2000f115  sprintf                               
2000ff63  strchr                                
2000ff09  strcmp                                
2000ffb5  strcpy                                
2000ffc9  strlen                                
2000f41b  strncpy                               
2001f7fc  textbgcolor                           
2001f7f8  textcolor                             
2001f7f4  textsize                              
20006215  tls_connect                           
2000eb75  uDMAChannelAssign                     
2000e251  uDMAChannelAttributeDisable           
2000e2b5  uDMAChannelAttributeEnable            
2000f301  uDMAChannelControlSet                 
2000fcb5  uDMAChannelEnable                     
2000b7d9  uDMAChannelTransferSet                
2000f6f1  unlink                                
2000f155  vsnprintf                             
20010001  wcslen                                
20007177  width                                 
2001f800  wrap                                  
2000f8b5  write                                 
2000817d  writeCommand                          
200081c3  writeData                             


GLOBAL SYMBOLS: SORTED BY Symbol Address 

address   name                                  
-------   ----                                  
00001000  __STACK_SIZE                          
00008000  __SYSMEM_SIZE                         
20004000  g_pfnVectors                          
20004471  MasterMain                            
200044c1  SlaveMain                             
20004513  eightVLines                           
2000458b  printString                           
200045f3  printCharArray64                      
20004663  TimerBaseIntHandler                   
20004de9  main                                  
20005851  SimpleLinkWlanEventHandler            
2000595f  SimpleLinkNetAppEventHandler          
20005a01  SimpleLinkHttpServerCallback          
20005a25  SimpleLinkGeneralEventHandler         
20005a45  SimpleLinkSockEventHandler            
20006215  tls_connect                           
200063f5  connectToAccessPoint                  
2000671d  drawCircle                            
20006851  drawCircleHelper                      
2000696f  fillCircle                            
200069a9  fillCircleHelper                      
20006a97  drawLine                              
20006b83  drawRect                              
20006bd1  drawRoundRect                         
20006cbf  fillRoundRect                         
20006d39  drawTriangle                          
20006d7b  fillTriangle                          
20006f7b  drawChar                              
200070c7  Outstr                                
20007113  setCursor                             
2000712b  setTextSize                           
2000714b  setTextColor                          
20007163  setTextWrap                           
20007177  width                                 
2000717b  height                                
2000719d  __TI_printfi                          
2000817d  writeCommand                          
200081c3  writeData                             
20008209  Adafruit_Init                         
2000833f  goTo                                  
20008383  Color565                              
200083c5  fillScreen                            
200083db  fillRect                              
20008491  drawFastVLine                         
2000852d  drawFastHLine                         
200085c9  drawPixel                             
20008607  invert                                
20008623  _nop                                  
20008661  GPIO_IF_LedConfigure                  
2000869f  GPIO_IF_LedOn                         
20008753  GPIO_IF_LedOff                        
20008807  GPIO_IF_LedStatus                     
20008871  GPIO_IF_LedToggle                     
2000889f  GPIO_IF_GetPortNPin                   
200088e5  GPIO_IF_ConfigureNIntEnable           
2000892d  GPIO_IF_Set                           
20008971  GPIO_IF_Get                           
200089bd  sl_WlanConnect                        
20008c3d  InitTerm                              
20008c5b  Message                               
20008c7d  ClearTerm                             
20008c87  Error                                 
20008cbf  GetCmd                                
20008d65  TrimSpace                             
20008dfd  Report                                
20009369  _SlDrvDataReadOp                      
2000954d  _SlDrvReleasePoolObj                  
200098e9  __aeabi_dsub                          
200098f3  __aeabi_dadd                          
20009a9f  __aeabi_idiv0                         
20009a9f  __aeabi_ldiv0                         
20009aa1  _SlDrvDriverCBInit                    
20009e71  Timer_IF_Init                         
20009ea3  Timer_IF_IntSetup                     
20009eef  Timer_IF_InterruptClear               
20009f07  Timer_IF_Start                        
20009f29  Timer_IF_Stop                         
20009f39  Timer_IF_DeInit                       
20009f53  Timer_IF_ReLoad                       
20009f6d  Timer_IF_GetCount                     
20009f89  _SlDrvWaitForPoolObj                  
2000a119  sl_Connect                            
2000a2a5  PRCMCC3200MCUInit                     
2000a58d  _SlDrvDataWriteOp                     
2000a6dd  spi_Open                              
2000a969  sl_NetAppDnsGetHostByName             
2000aaad  PinMuxConfig                          
2000ad29  __aeabi_ddiv                          
2000ae61  sl_Send                               
2000af95  _SlDrvDriverCBDeinit                  
2000b1e5  fputs                                 
2000b2f9  _SlDrvNetAppEventHandler              
2000b3fd  aligned_alloc                         
2000b3fd  memalign                              
2000b4fd  __aeabi_dmul                          
2000b5f9  sl_Stop                               
2000b6e9  spi_Read                              
2000b7d9  uDMAChannelTransferSet                
2000b8c9  sl_Start                              
2000ba9d  _SlDrvMsgReadSpawnCtx                 
2000bb85  free                                  
2000bc69  realloc                               
2000bd4d  sl_NetAppMDNSRegisterUnregisterService
2000bf0d  setvbuf                               
2000c0b9  ldexp                                 
2000c0b9  ldexpl                                
2000c0b9  scalbn                                
2000c0b9  scalbnl                               
2000c259  _sl_HandleAsync_DnsGetHostByService   
2000c325  sl_DevGet                             
2000c4b5  _SlDrvCmdOp                           
2000c6e1  _SlNonOsSemGet                        
2000c791  IntDisable                            
2000c839  IntEnable                             
2000c8e1  _SlDriverHandleError                  
2000c985  SPIConfigSetExpClk                    
2000ca25  sl_Recv                               
2000cac5  __aeabi_memcpy                        
2000cac5  __aeabi_memcpy4                       
2000cac5  __aeabi_memcpy8                       
2000cac5  memcpy                                
2000cb61  _SlDrvDeviceEventHandler              
2000cbfd  sl_DevSet                             
2000cc95  sl_NetCfgSet                          
2000cd2d  sl_SetSockOpt                         
2000cdc5  sl_WlanSet                            
2000ce5d  spi_Write                             
2000cef5  __aeabi_uldivmod                      
2000cf8d  PRCMPeripheralClockGet                
2000d021  _sl_HandleAsync_DnsGetHostByName      
2000d0b1  _sl_HandleAsync_PingResponse          
2000d141  sl_WlanPolicySet                      
2000d2e9  _SlDrvIsTimeoutExpired                
2000d375  _sl_HandleAsync_InitComplete          
2000d401  fputc                                 
2000d401  putc                                  
2000d48d  sl_Socket                             
2000d519  PinConfigSet                          
2000d5a1  SPITransfer                           
2000d629  __aeabi_cdcmpeq                       
2000d629  __aeabi_cdcmple                       
2000d6af  __aeabi_cdrcmple                      
2000d735  sl_WlanRxFilterSet                    
2000d7b9  GPIOIntTypeSet                        
2000d83d  _sl_HandleAsync_Connect               
2000d9bd  SPIIntStatus                          
2000da39  __aeabi_memclr                        
2000da39  __aeabi_memclr4                       
2000da39  __aeabi_memclr8                       
2000da3b  __aeabi_memset                        
2000da3b  __aeabi_memset4                       
2000da3b  __aeabi_memset8                       
2000da41  memset                                
2000dab5  spi_Close                             
2000db2d  UARTConfigSetExpClk                   
2000dba5  _SlNonOsMainLoopTask                  
2000dc19  __TI_closefile                        
2000dc8d  TimerIntRegister                      
2000dddd  HOSTrename                            
2000de49  _SlDrvCmdSend                         
2000deb5  _sl_NetAppSendTokenValue              
2000df21  HOSTlseek                             
2000df89  TimerIntUnregister                    
2000dff1  __TI_decompress_lzss                  
2000e059  printf                                
2000e0c1  _SlNonOsSpawn                         
2000e125  _sl_HandleAsync_Accept                
2000e189  fseek                                 
2000e1ed  sl_NetAppMDNSUnRegisterService        
2000e251  uDMAChannelAttributeDisable           
2000e2b5  uDMAChannelAttributeEnable            
2000e319  __TI_wrt_ok                           
2000e37d  HOSTopen                              
2000e3dd  sl_Close                              
2000e43d  sl_WlanProfileDel                     
2000e49d  sl_WlanSetMode                        
2000e4fd  close                                 
2000e559  frexp                                 
2000e559  frexpl                                
2000e5b5  HOSTread                              
2000e60d  HOSTwrite                             
2000e665  IntPendClear                          
2000e6bd  PRCMPeripheralReset                   
2000e76d  IntPrioritySet                        
2000e7c1  _SlDrvRxIrqHandler                    
2000e815  __TI_ltoa                             
2000e869  _sl_HandleAsync_Select                
2000e911  _sl_HandleAsync_Stop                  
2000e961  SPIIntEnable                          
2000e9f9  _SlDrvProtectAsyncRespSetting         
2000ea45  __TI_doflush                          
2000eadd  atoi                                  
2000eb29  snprintf                              
2000eb75  uDMAChannelAssign                     
2000ec09  SPIIntClear                           
2000ec51  _SlDrvBasicCmd                        
2000ec99  exit                                  
2000ece1  __aeabi_d2iz                          
2000ed29  HOSTclose                             
2000ed6d  HOSTunlink                            
2000edf5  TimerConfigure                        
2000ee7d  _SlDrvHandleHttpServerEvents          
2000eec1  _SlDrvSyncObjWaitTimeout              
2000ef05  __TI_auto_init_nobinit_nopinit        
2000ef8d  getdevice                             
2000efd1  sl_Htonl                              
2000f015  PinModeSet                            
2000f055  _SlDrvHandleNetAppEvents              
2000f095  _SlDrvHandleWlanEvents                
2000f115  sprintf                               
2000f155  vsnprintf                             
2000f195  NwpRegisterInterruptHandler           
2000f24d  PRCMPeripheralClkEnable               
2000f289  simplelink_timerA2_start              
2000f2c5  sl_Htons                              
2000f301  uDMAChannelControlSet                 
2000f33d  NwpPowerOff                           
2000f375  __TI_writemsg                         
2000f3a3  C$$IO$$                               
2000f3ad  sl_WlanDisconnect                     
2000f3e5  GPIODirModeSet                        
2000f41b  strncpy                               
2000f451  PRCMPeripheralStatusGet               
2000f485  SPIFIFOLevelSet                       
2000f4b9  __TI_cleanup                          
2000f4ed  __TI_readmsg                          
2000f521  PinTypeGPIO                           
2000f551  UARTDisable                           
2000f5e1  finddevice                            
2000f611  __aeabi_i2d                           
2000f641  NwpPowerOn                            
2000f66d  PRCMSysResetCauseGet                  
2000f6c5  _SlDrvProtectionObjLockWaitForever    
2000f6f1  remove                                
2000f6f1  unlink                                
2000f71d  SPIDataGetNonBlocking                 
2000f747  TimerLoadSet                          
2000f771  TimerPrescaleSet                      
2000f79d  PRCMPeripheralClkDisable              
2000f7c5  _SlDrvGlobalObjUnLock                 
2000f7ed  _SlDrvProtectionObjUnLock             
2000f815  _SlDrvSyncObjWaitForever              
2000f865  lseek                                 
2000f88d  memmove                               
2000f8b5  write                                 
2000f8dd  _SlDrvObjLockWaitForever              
2000f903  sl_Provisioning_HttpServerEventHdl    
2000f911  sl_Provisioning_NetAppEventHdl        
2000f91d  sl_Provisioning_WlanEventHdl          
2000f929  DmaSpiSwIntHandler                    
2000f94d  IntUnregister                         
2000f971  UARTEnable                            
2000f995  _c_int00_noargs                       
2000f9b9  SPIReset                              
2000f9db  SPIWordCountSet                       
2000f9fd  GPIOPinWrite                          
2000fa1d  IntRegister                           
2000fa3d  NwpPrePowerOffTimout0                 
2000fa5d  SPIDataGet                            
2000fa7d  TimerGetCurrentTimestamp              
2000fa9d  _SlDrvObjUnLock                       
2000fabd  _SlDrvSyncObjSignal                   
2000fadd  memchr                                
2000fafd  GPIOIntRegister                       
2000fb1b  SPIDataPut                            
2000fb39  SPIIntRegister                        
2000fb57  TimerDisable                          
2000fb75  TimerEnable                           
2000fb93  TimerIntStatus                        
2000fbb1  UARTCharPut                           
2000fbcf  UARTIntRegister                       
2000fbed  UARTIntStatus                         
2000fc29  TimerValueGet                         
2000fc45  UARTCharGetNonBlocking                
2000fc61  _SlDrvStartMeasureTimeout             
2000fc99  memccpy                               
2000fcb5  uDMAChannelEnable                     
2000fcd1  GPIOIntEnable                         
2000fceb  PinTypeSPI                            
2000fd05  PinTypeUART                           
2000fd1f  SPIDmaDisable                         
2000fd39  SPIDmaEnable                          
2000fd53  SPIFIFODisable                        
2000fd6d  SPIFIFOEnable                         
2000fd87  SPIIntUnregister                      
2000fda1  GPIOPinRead                           
2000fdb9  SPICSDisable                          
2000fdd1  SPICSEnable                           
2000fde9  SPIDisable                            
2000fe01  SPIEnable                             
2000fe19  TimerIntDisable                       
2000fe31  TimerIntEnable                        
2000fe49  UARTCharsAvail                        
2000fe61  UARTFIFOLevelSet                      
2000fe79  UARTIntEnable                         
2000fe91  _SlNonOsSemSet                        
2000ff09  strcmp                                
2000ff21  PRCMHIBRegRead                        
2000ff37  PRCMHIBRegWrite                       
2000ff4d  _SlDrvMemZero                         
2000ff63  strchr                                
2000ff79  CPUcpsie                              
2000ff8d  GPIOIntClear                          
2000ffa1  IntVTableBaseSet                      
2000ffb5  strcpy                                
2000ffc9  strlen                                
2000ffdd  TimerIntClear                         
2000ffef  UARTIntClear                          
20010001  wcslen                                
20010013  _SlDrvDispatchHttpServerEvents        
20010023  _SlDrvResetCmdExt                     
20010031  __TI_decompress_none                  
2001003f  ResetISR                              
2001004d  NwpMaskInterrupt                      
20010059  NwpUnMaskInterrupt                    
20010065  copysign                              
20010065  copysignl                             
20010071  __TI_zero_init                        
2001007d  IntMasterEnable                       
20010091  __aeabi_errno_addr                    
20010099  malloc                                
200100a1  UtilsDelay                            
200100af  _system_pre_init                      
200100b3  C$$EXIT                               
200100b3  abort                                 
200105b3  _ctypes_                              
20010930  OpcodeTranslateTable                  
2001096c  _SlActionLookupTable                  
20010b52  _SlNetAppSendTokenValueCmdCtrl        
20010b98  __TI_static_base__                    
20010c88  __TI_Handler_Table_Base               
20010c94  __TI_Handler_Table_Limit              
20010ca0  __TI_CINIT_Base                       
20010cb0  __TI_CINIT_Limit                      
20017000  __start___llvm_prf_cnts               
20017000  __stop___llvm_prf_cnts                
20017000  _sys_memory                           
2001f168  __CIOBUF_                             
2001f288  __TI_tmpnams                          
2001f3f0  g_ucDinDout                           
2001f440  receiverBuffer                        
2001f480  g_time                                
2001f4ac  g_ucConnectionSSID                    
2001f4dc  g_app_config                          
2001f4e4  g_ucConnectionBSSID                   
2001f4ec  parmbuf                               
2001f4f8  g_Host                                
2001f4fc  g_port                                
2001f500  RxIrqCnt                              
2001f501  g_bDeviceRestartIsRequired            
2001f502  g_cDummy                              
2001f503  g_ucLED1Pin                           
2001f504  g_ucLED2Pin                           
2001f505  g_ucLED3Pin                           
2001f508  _ftable                               
2001f608  finish                                
2001f610  buf_char                              
2001f614  bufStr                                
2001f618  sameFlag                              
2001f61c  pxFlag                                
2001f620  delay_check                           
2001f624  delayTime                             
2001f630  prev_buf                              
2001f69c  recIndex                              
2001f6a0  printFlag                             
2001f6a4  _device                               
2001f71c  _stream                               
2001f7b0  g__SlNonOsCB                          
2001f7ec  cursor_x                              
2001f7f0  cursor_y                              
2001f7f4  textsize                              
2001f7f8  textcolor                             
2001f7fc  textbgcolor                           
2001f800  wrap                                  
2001f818  __TI_ft_end                           
2001f81c  __aeabi_stdin                         
2001f820  __aeabi_stdout                        
2001f824  __aeabi_stderr                        
2001f828  g_SlDeviceStatus                      
2001f82c  g_pCB                                 
2001f830  pPingCallBackFunc                     
2001f838  __TI_cleanup_ptr                      
2001f83c  __TI_dtors_ptr                        
2001f840  __TI_enable_exit_profile_output       
2001f844  g_uiLED1Port                          
2001f848  g_uiLED2Port                          
2001f84c  g_uiLED3Port                          
2001f850  g_ulStatus                            
2001f854  g_ulPingPacketsRecv                   
2001f858  g_ulGatewayIP                         
2001f85c  g_SpiFd                               
2001f860  g_pHostIntHdl                         
2001f864  g_ucDMAEnabled                        
2001f868  _lock                                 
2001f86c  _unlock                               
2001f878  errno                                 
2002f000  __stack                               
20030000  __STACK_END                           
ffffffff  __TI_pprof_out_hndl                   
ffffffff  __TI_prof_data_size                   
ffffffff  __TI_prof_data_start                  
ffffffff  __binit__                             
ffffffff  __c_args__                            
ffffffff  binit                                 
UNDEFED   __mpu_init                            
UNDEFED   _system_post_cinit                    

[406 symbols]
