<?xml version="1.0" encoding="ISO-8859-1" ?>
<link_info>
   <banner>TI ARM Linker Unix v20.2.7.LTS</banner>
   <copyright>Copyright (c) 1996-2018 Texas Instruments Incorporated</copyright>
   <link_time>0x6824c010</link_time>
   <link_errors>0x0</link_errors>
   <output_file>timer.out</output_file>
   <entry_point>
      <name>_c_int00_noargs</name>
      <address>0x2000a265</address>
   </entry_point>
   <input_file_list>
      <input_file id="fl-1">
         <path>./</path>
         <kind>object</kind>
         <file>Adafruit_GFX.obj</file>
         <name>Adafruit_GFX.obj</name>
      </input_file>
      <input_file id="fl-2">
         <path>./</path>
         <kind>object</kind>
         <file>Adafruit_OLED.obj</file>
         <name>Adafruit_OLED.obj</name>
      </input_file>
      <input_file id="fl-3">
         <path>./</path>
         <kind>object</kind>
         <file>gpio_if.obj</file>
         <name>gpio_if.obj</name>
      </input_file>
      <input_file id="fl-4">
         <path>./</path>
         <kind>object</kind>
         <file>main.obj</file>
         <name>main.obj</name>
      </input_file>
      <input_file id="fl-5">
         <path>./</path>
         <kind>object</kind>
         <file>oled_test.obj</file>
         <name>oled_test.obj</name>
      </input_file>
      <input_file id="fl-6">
         <path>./</path>
         <kind>object</kind>
         <file>pin_mux_config.obj</file>
         <name>pin_mux_config.obj</name>
      </input_file>
      <input_file id="fl-7">
         <path>./</path>
         <kind>object</kind>
         <file>startup_ccs.obj</file>
         <name>startup_ccs.obj</name>
      </input_file>
      <input_file id="fl-8">
         <path>./</path>
         <kind>object</kind>
         <file>timer_if.obj</file>
         <name>timer_if.obj</name>
      </input_file>
      <input_file id="fl-9">
         <path>./</path>
         <kind>object</kind>
         <file>uart_if.obj</file>
         <name>uart_if.obj</name>
      </input_file>
      <input_file id="fl-e">
         <kind>object</kind>
         <file>&lt;internal&gt;</file>
         <name>&lt;internal&gt;</name>
      </input_file>
      <input_file id="fl-f">
         <path>/Applications/TI/lib/cc3200sdk_1.5.0/cc3200-sdk/driverlib/ccs/Release/</path>
         <kind>archive</kind>
         <file>driverlib.a</file>
         <name>gpio.obj</name>
      </input_file>
      <input_file id="fl-10">
         <path>/Applications/TI/lib/cc3200sdk_1.5.0/cc3200-sdk/driverlib/ccs/Release/</path>
         <kind>archive</kind>
         <file>driverlib.a</file>
         <name>interrupt.obj</name>
      </input_file>
      <input_file id="fl-11">
         <path>/Applications/TI/lib/cc3200sdk_1.5.0/cc3200-sdk/driverlib/ccs/Release/</path>
         <kind>archive</kind>
         <file>driverlib.a</file>
         <name>pin.obj</name>
      </input_file>
      <input_file id="fl-12">
         <path>/Applications/TI/lib/cc3200sdk_1.5.0/cc3200-sdk/driverlib/ccs/Release/</path>
         <kind>archive</kind>
         <file>driverlib.a</file>
         <name>prcm.obj</name>
      </input_file>
      <input_file id="fl-13">
         <path>/Applications/TI/lib/cc3200sdk_1.5.0/cc3200-sdk/driverlib/ccs/Release/</path>
         <kind>archive</kind>
         <file>driverlib.a</file>
         <name>spi.obj</name>
      </input_file>
      <input_file id="fl-14">
         <path>/Applications/TI/lib/cc3200sdk_1.5.0/cc3200-sdk/driverlib/ccs/Release/</path>
         <kind>archive</kind>
         <file>driverlib.a</file>
         <name>timer.obj</name>
      </input_file>
      <input_file id="fl-15">
         <path>/Applications/TI/lib/cc3200sdk_1.5.0/cc3200-sdk/driverlib/ccs/Release/</path>
         <kind>archive</kind>
         <file>driverlib.a</file>
         <name>uart.obj</name>
      </input_file>
      <input_file id="fl-16">
         <path>/Applications/TI/lib/cc3200sdk_1.5.0/cc3200-sdk/driverlib/ccs/Release/</path>
         <kind>archive</kind>
         <file>driverlib.a</file>
         <name>utils.obj</name>
      </input_file>
      <input_file id="fl-17">
         <path>/Applications/TI/lib/cc3200sdk_1.5.0/cc3200-sdk/driverlib/ccs/Release/</path>
         <kind>archive</kind>
         <file>driverlib.a</file>
         <name>cpu.obj</name>
      </input_file>
      <input_file id="fl-18">
         <path>/Applications/TI/lib/cc3200sdk_1.5.0/cc3200-sdk/driverlib/ccs/Release/</path>
         <kind>archive</kind>
         <file>driverlib.a</file>
         <name>flash.obj</name>
      </input_file>
      <input_file id="fl-ce">
         <path>/Applications/TI/ccs/tools/compiler/ti-cgt-arm_20.2.7.LTS/lib/</path>
         <kind>archive</kind>
         <file>rtsv7M4_T_le_eabi.lib</file>
         <name>printf.c.obj</name>
      </input_file>
      <input_file id="fl-cf">
         <path>/Applications/TI/ccs/tools/compiler/ti-cgt-arm_20.2.7.LTS/lib/</path>
         <kind>archive</kind>
         <file>rtsv7M4_T_le_eabi.lib</file>
         <name>_printfi.c.obj</name>
      </input_file>
      <input_file id="fl-d0">
         <path>/Applications/TI/ccs/tools/compiler/ti-cgt-arm_20.2.7.LTS/lib/</path>
         <kind>archive</kind>
         <file>rtsv7M4_T_le_eabi.lib</file>
         <name>vsnprintf.c.obj</name>
      </input_file>
      <input_file id="fl-d1">
         <path>/Applications/TI/ccs/tools/compiler/ti-cgt-arm_20.2.7.LTS/lib/</path>
         <kind>archive</kind>
         <file>rtsv7M4_T_le_eabi.lib</file>
         <name>fputc.c.obj</name>
      </input_file>
      <input_file id="fl-d2">
         <path>/Applications/TI/ccs/tools/compiler/ti-cgt-arm_20.2.7.LTS/lib/</path>
         <kind>archive</kind>
         <file>rtsv7M4_T_le_eabi.lib</file>
         <name>fputs.c.obj</name>
      </input_file>
      <input_file id="fl-d3">
         <path>/Applications/TI/ccs/tools/compiler/ti-cgt-arm_20.2.7.LTS/lib/</path>
         <kind>archive</kind>
         <file>rtsv7M4_T_le_eabi.lib</file>
         <name>_io_perm.c.obj</name>
      </input_file>
      <input_file id="fl-d4">
         <path>/Applications/TI/ccs/tools/compiler/ti-cgt-arm_20.2.7.LTS/lib/</path>
         <kind>archive</kind>
         <file>rtsv7M4_T_le_eabi.lib</file>
         <name>setvbuf.c.obj</name>
      </input_file>
      <input_file id="fl-d5">
         <path>/Applications/TI/ccs/tools/compiler/ti-cgt-arm_20.2.7.LTS/lib/</path>
         <kind>archive</kind>
         <file>rtsv7M4_T_le_eabi.lib</file>
         <name>fd_add_t2.asm.obj</name>
      </input_file>
      <input_file id="fl-d6">
         <path>/Applications/TI/ccs/tools/compiler/ti-cgt-arm_20.2.7.LTS/lib/</path>
         <kind>archive</kind>
         <file>rtsv7M4_T_le_eabi.lib</file>
         <name>fd_cmp_t2.asm.obj</name>
      </input_file>
      <input_file id="fl-d7">
         <path>/Applications/TI/ccs/tools/compiler/ti-cgt-arm_20.2.7.LTS/lib/</path>
         <kind>archive</kind>
         <file>rtsv7M4_T_le_eabi.lib</file>
         <name>fd_div_t2.asm.obj</name>
      </input_file>
      <input_file id="fl-d8">
         <path>/Applications/TI/ccs/tools/compiler/ti-cgt-arm_20.2.7.LTS/lib/</path>
         <kind>archive</kind>
         <file>rtsv7M4_T_le_eabi.lib</file>
         <name>fd_mul_t2.asm.obj</name>
      </input_file>
      <input_file id="fl-d9">
         <path>/Applications/TI/ccs/tools/compiler/ti-cgt-arm_20.2.7.LTS/lib/</path>
         <kind>archive</kind>
         <file>rtsv7M4_T_le_eabi.lib</file>
         <name>fd_toi_t2.asm.obj</name>
      </input_file>
      <input_file id="fl-da">
         <path>/Applications/TI/ccs/tools/compiler/ti-cgt-arm_20.2.7.LTS/lib/</path>
         <kind>archive</kind>
         <file>rtsv7M4_T_le_eabi.lib</file>
         <name>i_tofd_t2.asm.obj</name>
      </input_file>
      <input_file id="fl-db">
         <path>/Applications/TI/ccs/tools/compiler/ti-cgt-arm_20.2.7.LTS/lib/</path>
         <kind>archive</kind>
         <file>rtsv7M4_T_le_eabi.lib</file>
         <name>memcpy_t2.asm.obj</name>
      </input_file>
      <input_file id="fl-dc">
         <path>/Applications/TI/ccs/tools/compiler/ti-cgt-arm_20.2.7.LTS/lib/</path>
         <kind>archive</kind>
         <file>rtsv7M4_T_le_eabi.lib</file>
         <name>memset_t2.asm.obj</name>
      </input_file>
      <input_file id="fl-dd">
         <path>/Applications/TI/ccs/tools/compiler/ti-cgt-arm_20.2.7.LTS/lib/</path>
         <kind>archive</kind>
         <file>rtsv7M4_T_le_eabi.lib</file>
         <name>ull_div_t2.asm.obj</name>
      </input_file>
      <input_file id="fl-de">
         <path>/Applications/TI/ccs/tools/compiler/ti-cgt-arm_20.2.7.LTS/lib/</path>
         <kind>archive</kind>
         <file>rtsv7M4_T_le_eabi.lib</file>
         <name>copy_zero_init.c.obj</name>
      </input_file>
      <input_file id="fl-df">
         <path>/Applications/TI/ccs/tools/compiler/ti-cgt-arm_20.2.7.LTS/lib/</path>
         <kind>archive</kind>
         <file>rtsv7M4_T_le_eabi.lib</file>
         <name>copy_decompress_none.c.obj</name>
      </input_file>
      <input_file id="fl-e0">
         <path>/Applications/TI/ccs/tools/compiler/ti-cgt-arm_20.2.7.LTS/lib/</path>
         <kind>archive</kind>
         <file>rtsv7M4_T_le_eabi.lib</file>
         <name>copy_decompress_lzss.c.obj</name>
      </input_file>
      <input_file id="fl-e1">
         <path>/Applications/TI/ccs/tools/compiler/ti-cgt-arm_20.2.7.LTS/lib/</path>
         <kind>archive</kind>
         <file>rtsv7M4_T_le_eabi.lib</file>
         <name>exit.c.obj</name>
      </input_file>
      <input_file id="fl-e2">
         <path>/Applications/TI/ccs/tools/compiler/ti-cgt-arm_20.2.7.LTS/lib/</path>
         <kind>archive</kind>
         <file>rtsv7M4_T_le_eabi.lib</file>
         <name>_lock.c.obj</name>
      </input_file>
      <input_file id="fl-e3">
         <path>/Applications/TI/ccs/tools/compiler/ti-cgt-arm_20.2.7.LTS/lib/</path>
         <kind>archive</kind>
         <file>rtsv7M4_T_le_eabi.lib</file>
         <name>_ltoa.c.obj</name>
      </input_file>
      <input_file id="fl-e4">
         <path>/Applications/TI/ccs/tools/compiler/ti-cgt-arm_20.2.7.LTS/lib/</path>
         <kind>archive</kind>
         <file>rtsv7M4_T_le_eabi.lib</file>
         <name>atoi.c.obj</name>
      </input_file>
      <input_file id="fl-e5">
         <path>/Applications/TI/ccs/tools/compiler/ti-cgt-arm_20.2.7.LTS/lib/</path>
         <kind>archive</kind>
         <file>rtsv7M4_T_le_eabi.lib</file>
         <name>ctype.c.obj</name>
      </input_file>
      <input_file id="fl-e6">
         <path>/Applications/TI/ccs/tools/compiler/ti-cgt-arm_20.2.7.LTS/lib/</path>
         <kind>archive</kind>
         <file>rtsv7M4_T_le_eabi.lib</file>
         <name>defs.c.obj</name>
      </input_file>
      <input_file id="fl-e7">
         <path>/Applications/TI/ccs/tools/compiler/ti-cgt-arm_20.2.7.LTS/lib/</path>
         <kind>archive</kind>
         <file>rtsv7M4_T_le_eabi.lib</file>
         <name>memccpy.c.obj</name>
      </input_file>
      <input_file id="fl-e8">
         <path>/Applications/TI/ccs/tools/compiler/ti-cgt-arm_20.2.7.LTS/lib/</path>
         <kind>archive</kind>
         <file>rtsv7M4_T_le_eabi.lib</file>
         <name>memchr.c.obj</name>
      </input_file>
      <input_file id="fl-e9">
         <path>/Applications/TI/ccs/tools/compiler/ti-cgt-arm_20.2.7.LTS/lib/</path>
         <kind>archive</kind>
         <file>rtsv7M4_T_le_eabi.lib</file>
         <name>memmov.c.obj</name>
      </input_file>
      <input_file id="fl-ea">
         <path>/Applications/TI/ccs/tools/compiler/ti-cgt-arm_20.2.7.LTS/lib/</path>
         <kind>archive</kind>
         <file>rtsv7M4_T_le_eabi.lib</file>
         <name>memory.c.obj</name>
      </input_file>
      <input_file id="fl-eb">
         <path>/Applications/TI/ccs/tools/compiler/ti-cgt-arm_20.2.7.LTS/lib/</path>
         <kind>archive</kind>
         <file>rtsv7M4_T_le_eabi.lib</file>
         <name>strchr.c.obj</name>
      </input_file>
      <input_file id="fl-ec">
         <path>/Applications/TI/ccs/tools/compiler/ti-cgt-arm_20.2.7.LTS/lib/</path>
         <kind>archive</kind>
         <file>rtsv7M4_T_le_eabi.lib</file>
         <name>strlen.c.obj</name>
      </input_file>
      <input_file id="fl-ed">
         <path>/Applications/TI/ccs/tools/compiler/ti-cgt-arm_20.2.7.LTS/lib/</path>
         <kind>archive</kind>
         <file>rtsv7M4_T_le_eabi.lib</file>
         <name>boot_cortex_m.c.obj</name>
      </input_file>
      <input_file id="fl-ee">
         <path>/Applications/TI/ccs/tools/compiler/ti-cgt-arm_20.2.7.LTS/lib/</path>
         <kind>archive</kind>
         <file>rtsv7M4_T_le_eabi.lib</file>
         <name>write.c.obj</name>
      </input_file>
      <input_file id="fl-ef">
         <path>/Applications/TI/ccs/tools/compiler/ti-cgt-arm_20.2.7.LTS/lib/</path>
         <kind>archive</kind>
         <file>rtsv7M4_T_le_eabi.lib</file>
         <name>host_device.c.obj</name>
      </input_file>
      <input_file id="fl-f0">
         <path>/Applications/TI/ccs/tools/compiler/ti-cgt-arm_20.2.7.LTS/lib/</path>
         <kind>archive</kind>
         <file>rtsv7M4_T_le_eabi.lib</file>
         <name>errno.c.obj</name>
      </input_file>
      <input_file id="fl-f1">
         <path>/Applications/TI/ccs/tools/compiler/ti-cgt-arm_20.2.7.LTS/lib/</path>
         <kind>archive</kind>
         <file>rtsv7M4_T_le_eabi.lib</file>
         <name>wcslen.c.obj</name>
      </input_file>
      <input_file id="fl-f2">
         <path>/Applications/TI/ccs/tools/compiler/ti-cgt-arm_20.2.7.LTS/lib/</path>
         <kind>archive</kind>
         <file>rtsv7M4_T_le_eabi.lib</file>
         <name>s_frexp.c.obj</name>
      </input_file>
      <input_file id="fl-f3">
         <path>/Applications/TI/ccs/tools/compiler/ti-cgt-arm_20.2.7.LTS/lib/</path>
         <kind>archive</kind>
         <file>rtsv7M4_T_le_eabi.lib</file>
         <name>s_scalbn.c.obj</name>
      </input_file>
      <input_file id="fl-f4">
         <path>/Applications/TI/ccs/tools/compiler/ti-cgt-arm_20.2.7.LTS/lib/</path>
         <kind>archive</kind>
         <file>rtsv7M4_T_le_eabi.lib</file>
         <name>fflush.c.obj</name>
      </input_file>
      <input_file id="fl-f5">
         <path>/Applications/TI/ccs/tools/compiler/ti-cgt-arm_20.2.7.LTS/lib/</path>
         <kind>archive</kind>
         <file>rtsv7M4_T_le_eabi.lib</file>
         <name>fopen.c.obj</name>
      </input_file>
      <input_file id="fl-f6">
         <path>/Applications/TI/ccs/tools/compiler/ti-cgt-arm_20.2.7.LTS/lib/</path>
         <kind>archive</kind>
         <file>rtsv7M4_T_le_eabi.lib</file>
         <name>fseek.c.obj</name>
      </input_file>
      <input_file id="fl-f7">
         <path>/Applications/TI/ccs/tools/compiler/ti-cgt-arm_20.2.7.LTS/lib/</path>
         <kind>archive</kind>
         <file>rtsv7M4_T_le_eabi.lib</file>
         <name>div0.asm.obj</name>
      </input_file>
      <input_file id="fl-f8">
         <path>/Applications/TI/ccs/tools/compiler/ti-cgt-arm_20.2.7.LTS/lib/</path>
         <kind>archive</kind>
         <file>rtsv7M4_T_le_eabi.lib</file>
         <name>autoinit.c.obj</name>
      </input_file>
      <input_file id="fl-f9">
         <path>/Applications/TI/ccs/tools/compiler/ti-cgt-arm_20.2.7.LTS/lib/</path>
         <kind>archive</kind>
         <file>rtsv7M4_T_le_eabi.lib</file>
         <name>pre_init.c.obj</name>
      </input_file>
      <input_file id="fl-fa">
         <path>/Applications/TI/ccs/tools/compiler/ti-cgt-arm_20.2.7.LTS/lib/</path>
         <kind>archive</kind>
         <file>rtsv7M4_T_le_eabi.lib</file>
         <name>cpy_tbl.c.obj</name>
      </input_file>
      <input_file id="fl-fb">
         <path>/Applications/TI/ccs/tools/compiler/ti-cgt-arm_20.2.7.LTS/lib/</path>
         <kind>archive</kind>
         <file>rtsv7M4_T_le_eabi.lib</file>
         <name>args_main.c.obj</name>
      </input_file>
      <input_file id="fl-fc">
         <path>/Applications/TI/ccs/tools/compiler/ti-cgt-arm_20.2.7.LTS/lib/</path>
         <kind>archive</kind>
         <file>rtsv7M4_T_le_eabi.lib</file>
         <name>hostclose.c.obj</name>
      </input_file>
      <input_file id="fl-fd">
         <path>/Applications/TI/ccs/tools/compiler/ti-cgt-arm_20.2.7.LTS/lib/</path>
         <kind>archive</kind>
         <file>rtsv7M4_T_le_eabi.lib</file>
         <name>hostlseek.c.obj</name>
      </input_file>
      <input_file id="fl-fe">
         <path>/Applications/TI/ccs/tools/compiler/ti-cgt-arm_20.2.7.LTS/lib/</path>
         <kind>archive</kind>
         <file>rtsv7M4_T_le_eabi.lib</file>
         <name>hostopen.c.obj</name>
      </input_file>
      <input_file id="fl-ff">
         <path>/Applications/TI/ccs/tools/compiler/ti-cgt-arm_20.2.7.LTS/lib/</path>
         <kind>archive</kind>
         <file>rtsv7M4_T_le_eabi.lib</file>
         <name>hostread.c.obj</name>
      </input_file>
      <input_file id="fl-100">
         <path>/Applications/TI/ccs/tools/compiler/ti-cgt-arm_20.2.7.LTS/lib/</path>
         <kind>archive</kind>
         <file>rtsv7M4_T_le_eabi.lib</file>
         <name>hostrename.c.obj</name>
      </input_file>
      <input_file id="fl-101">
         <path>/Applications/TI/ccs/tools/compiler/ti-cgt-arm_20.2.7.LTS/lib/</path>
         <kind>archive</kind>
         <file>rtsv7M4_T_le_eabi.lib</file>
         <name>hostunlink.c.obj</name>
      </input_file>
      <input_file id="fl-102">
         <path>/Applications/TI/ccs/tools/compiler/ti-cgt-arm_20.2.7.LTS/lib/</path>
         <kind>archive</kind>
         <file>rtsv7M4_T_le_eabi.lib</file>
         <name>hostwrite.c.obj</name>
      </input_file>
      <input_file id="fl-103">
         <path>/Applications/TI/ccs/tools/compiler/ti-cgt-arm_20.2.7.LTS/lib/</path>
         <kind>archive</kind>
         <file>rtsv7M4_T_le_eabi.lib</file>
         <name>trgmsg.c.obj</name>
      </input_file>
      <input_file id="fl-104">
         <path>/Applications/TI/ccs/tools/compiler/ti-cgt-arm_20.2.7.LTS/lib/</path>
         <kind>archive</kind>
         <file>rtsv7M4_T_le_eabi.lib</file>
         <name>open.c.obj</name>
      </input_file>
      <input_file id="fl-105">
         <path>/Applications/TI/ccs/tools/compiler/ti-cgt-arm_20.2.7.LTS/lib/</path>
         <kind>archive</kind>
         <file>rtsv7M4_T_le_eabi.lib</file>
         <name>lseek.c.obj</name>
      </input_file>
      <input_file id="fl-106">
         <path>/Applications/TI/ccs/tools/compiler/ti-cgt-arm_20.2.7.LTS/lib/</path>
         <kind>archive</kind>
         <file>rtsv7M4_T_le_eabi.lib</file>
         <name>s_copysign.c.obj</name>
      </input_file>
      <input_file id="fl-107">
         <path>/Applications/TI/ccs/tools/compiler/ti-cgt-arm_20.2.7.LTS/lib/</path>
         <kind>archive</kind>
         <file>rtsv7M4_T_le_eabi.lib</file>
         <name>fclose.c.obj</name>
      </input_file>
      <input_file id="fl-108">
         <path>/Applications/TI/ccs/tools/compiler/ti-cgt-arm_20.2.7.LTS/lib/</path>
         <kind>archive</kind>
         <file>rtsv7M4_T_le_eabi.lib</file>
         <name>getdevice.c.obj</name>
      </input_file>
      <input_file id="fl-109">
         <path>/Applications/TI/ccs/tools/compiler/ti-cgt-arm_20.2.7.LTS/lib/</path>
         <kind>archive</kind>
         <file>rtsv7M4_T_le_eabi.lib</file>
         <name>strcmp.c.obj</name>
      </input_file>
      <input_file id="fl-10a">
         <path>/Applications/TI/ccs/tools/compiler/ti-cgt-arm_20.2.7.LTS/lib/</path>
         <kind>archive</kind>
         <file>rtsv7M4_T_le_eabi.lib</file>
         <name>strcpy.c.obj</name>
      </input_file>
      <input_file id="fl-10b">
         <path>/Applications/TI/ccs/tools/compiler/ti-cgt-arm_20.2.7.LTS/lib/</path>
         <kind>archive</kind>
         <file>rtsv7M4_T_le_eabi.lib</file>
         <name>strncpy.c.obj</name>
      </input_file>
      <input_file id="fl-10c">
         <path>/Applications/TI/ccs/tools/compiler/ti-cgt-arm_20.2.7.LTS/lib/</path>
         <kind>archive</kind>
         <file>rtsv7M4_T_le_eabi.lib</file>
         <name>remove.c.obj</name>
      </input_file>
      <input_file id="fl-10d">
         <path>/Applications/TI/ccs/tools/compiler/ti-cgt-arm_20.2.7.LTS/lib/</path>
         <kind>archive</kind>
         <file>rtsv7M4_T_le_eabi.lib</file>
         <name>close.c.obj</name>
      </input_file>
      <input_file id="fl-10e">
         <path>/Applications/TI/ccs/tools/compiler/ti-cgt-arm_20.2.7.LTS/lib/</path>
         <kind>archive</kind>
         <file>rtsv7M4_T_le_eabi.lib</file>
         <name>unlink.c.obj</name>
      </input_file>
   </input_file_list>
   <object_component_list>
      <object_component id="oc-12">
         <name>.intvecs</name>
         <load_address>0x20004000</load_address>
         <run_address>0x20004000</run_address>
         <size>0x400</size>
         <input_file_ref idref="fl-7"/>
      </object_component>
      <object_component id="oc-97">
         <name>.text</name>
         <load_address>0x20004400</load_address>
         <run_address>0x20004400</run_address>
         <size>0xe10</size>
         <input_file_ref idref="fl-4"/>
      </object_component>
      <object_component id="oc-113">
         <name>.text</name>
         <load_address>0x20005210</load_address>
         <run_address>0x20005210</run_address>
         <size>0xa80</size>
         <input_file_ref idref="fl-1"/>
      </object_component>
      <object_component id="oc-353">
         <name>.text:__TI_printfi</name>
         <load_address>0x20005c90</load_address>
         <run_address>0x20005c90</run_address>
         <size>0xa4e</size>
         <input_file_ref idref="fl-cf"/>
      </object_component>
      <object_component id="oc-4e5">
         <name>.text:IntDefaultHandler</name>
         <load_address>0x200066de</load_address>
         <run_address>0x200066de</run_address>
         <size>0x2</size>
         <input_file_ref idref="fl-10"/>
      </object_component>
      <object_component id="oc-10d">
         <name>.text</name>
         <load_address>0x200066e0</load_address>
         <run_address>0x200066e0</run_address>
         <size>0x4a6</size>
         <input_file_ref idref="fl-2"/>
      </object_component>
      <object_component id="oc-48e">
         <name>.text:_nop</name>
         <load_address>0x20006b86</load_address>
         <run_address>0x20006b86</run_address>
         <size>0x2</size>
         <input_file_ref idref="fl-e2"/>
      </object_component>
      <object_component id="oc-197">
         <name>.text</name>
         <load_address>0x20006b88</load_address>
         <run_address>0x20006b88</run_address>
         <size>0x398</size>
         <input_file_ref idref="fl-3"/>
      </object_component>
      <object_component id="oc-dd">
         <name>.text</name>
         <load_address>0x20006f20</load_address>
         <run_address>0x20006f20</run_address>
         <size>0x27c</size>
         <input_file_ref idref="fl-9"/>
      </object_component>
      <object_component id="oc-46a">
         <name>.text:_pconv_a</name>
         <load_address>0x2000719c</load_address>
         <run_address>0x2000719c</run_address>
         <size>0x268</size>
         <input_file_ref idref="fl-cf"/>
      </object_component>
      <object_component id="oc-458">
         <name>.text:_pconv_g</name>
         <load_address>0x20007404</load_address>
         <run_address>0x20007404</run_address>
         <size>0x1cc</size>
         <input_file_ref idref="fl-cf"/>
      </object_component>
      <object_component id="oc-520">
         <name>.text</name>
         <load_address>0x200075d0</load_address>
         <run_address>0x200075d0</run_address>
         <size>0x1b6</size>
         <input_file_ref idref="fl-d5"/>
      </object_component>
      <object_component id="oc-5a6">
         <name>.text</name>
         <load_address>0x20007786</load_address>
         <run_address>0x20007786</run_address>
         <size>0x2</size>
         <input_file_ref idref="fl-f7"/>
      </object_component>
      <object_component id="oc-119">
         <name>.text</name>
         <load_address>0x20007788</load_address>
         <run_address>0x20007788</run_address>
         <size>0x198</size>
         <input_file_ref idref="fl-8"/>
      </object_component>
      <object_component id="oc-161">
         <name>.text:PRCMCC3200MCUInit</name>
         <load_address>0x20007920</load_address>
         <run_address>0x20007920</run_address>
         <size>0x178</size>
         <input_file_ref idref="fl-12"/>
      </object_component>
      <object_component id="oc-18b">
         <name>.text</name>
         <load_address>0x20007a98</load_address>
         <run_address>0x20007a98</run_address>
         <size>0x140</size>
         <input_file_ref idref="fl-6"/>
      </object_component>
      <object_component id="oc-464">
         <name>.text:_pconv_e</name>
         <load_address>0x20007bd8</load_address>
         <run_address>0x20007bd8</run_address>
         <size>0x13c</size>
         <input_file_ref idref="fl-cf"/>
      </object_component>
      <object_component id="oc-506">
         <name>.text</name>
         <load_address>0x20007d14</load_address>
         <run_address>0x20007d14</run_address>
         <size>0x136</size>
         <input_file_ref idref="fl-d7"/>
      </object_component>
      <object_component id="oc-532">
         <name>.text:fcvt</name>
         <load_address>0x20007e4c</load_address>
         <run_address>0x20007e4c</run_address>
         <size>0x120</size>
         <input_file_ref idref="fl-cf"/>
      </object_component>
      <object_component id="oc-49c">
         <name>.text:fputs</name>
         <load_address>0x20007f6c</load_address>
         <run_address>0x20007f6c</run_address>
         <size>0x114</size>
         <input_file_ref idref="fl-d2"/>
      </object_component>
      <object_component id="oc-3b4">
         <name>.text:aligned_alloc</name>
         <load_address>0x20008080</load_address>
         <run_address>0x20008080</run_address>
         <size>0x100</size>
         <input_file_ref idref="fl-ea"/>
      </object_component>
      <object_component id="oc-501">
         <name>.text</name>
         <load_address>0x20008180</load_address>
         <run_address>0x20008180</run_address>
         <size>0xfc</size>
         <input_file_ref idref="fl-d8"/>
      </object_component>
      <object_component id="oc-219">
         <name>.text:free</name>
         <load_address>0x2000827c</load_address>
         <run_address>0x2000827c</run_address>
         <size>0xe4</size>
         <input_file_ref idref="fl-ea"/>
      </object_component>
      <object_component id="oc-213">
         <name>.text:realloc</name>
         <load_address>0x20008360</load_address>
         <run_address>0x20008360</run_address>
         <size>0xe4</size>
         <input_file_ref idref="fl-ea"/>
      </object_component>
      <object_component id="oc-5e1">
         <name>.text:setvbuf</name>
         <load_address>0x20008444</load_address>
         <run_address>0x20008444</run_address>
         <size>0xdc</size>
         <input_file_ref idref="fl-d4"/>
      </object_component>
      <object_component id="oc-23e">
         <name>.text:SPITransfer32</name>
         <load_address>0x20008520</load_address>
         <run_address>0x20008520</run_address>
         <size>0xd0</size>
         <input_file_ref idref="fl-13"/>
      </object_component>
      <object_component id="oc-546">
         <name>.text:scalbn</name>
         <load_address>0x200085f0</load_address>
         <run_address>0x200085f0</run_address>
         <size>0xd0</size>
         <input_file_ref idref="fl-f3"/>
      </object_component>
      <object_component id="oc-238">
         <name>.text:SPITransfer16</name>
         <load_address>0x200086c0</load_address>
         <run_address>0x200086c0</run_address>
         <size>0xce</size>
         <input_file_ref idref="fl-13"/>
      </object_component>
      <object_component id="oc-232">
         <name>.text:SPITransfer8</name>
         <load_address>0x2000878e</load_address>
         <run_address>0x2000878e</run_address>
         <size>0xb8</size>
         <input_file_ref idref="fl-13"/>
      </object_component>
      <object_component id="oc-44d">
         <name>.text:_ltostr</name>
         <load_address>0x20008848</load_address>
         <run_address>0x20008848</run_address>
         <size>0xb1</size>
         <input_file_ref idref="fl-cf"/>
      </object_component>
      <object_component id="oc-401">
         <name>.text:IntDisable</name>
         <load_address>0x200088fc</load_address>
         <run_address>0x200088fc</run_address>
         <size>0xa8</size>
         <input_file_ref idref="fl-10"/>
      </object_component>
      <object_component id="oc-15b">
         <name>.text:IntEnable</name>
         <load_address>0x200089a4</load_address>
         <run_address>0x200089a4</run_address>
         <size>0xa8</size>
         <input_file_ref idref="fl-10"/>
      </object_component>
      <object_component id="oc-ef">
         <name>.text:SPIConfigSetExpClk</name>
         <load_address>0x20008a4c</load_address>
         <run_address>0x20008a4c</run_address>
         <size>0xa0</size>
         <input_file_ref idref="fl-13"/>
      </object_component>
      <object_component id="oc-3d">
         <name>.text</name>
         <load_address>0x20008aec</load_address>
         <run_address>0x20008aec</run_address>
         <size>0x9c</size>
         <input_file_ref idref="fl-db"/>
      </object_component>
      <object_component id="oc-4fa">
         <name>.text</name>
         <load_address>0x20008b88</load_address>
         <run_address>0x20008b88</run_address>
         <size>0x96</size>
         <input_file_ref idref="fl-dd"/>
      </object_component>
      <object_component id="oc-e9">
         <name>.text:PRCMPeripheralClockGet</name>
         <load_address>0x20008c20</load_address>
         <run_address>0x20008c20</run_address>
         <size>0x94</size>
         <input_file_ref idref="fl-12"/>
      </object_component>
      <object_component id="oc-4a3">
         <name>.text:fputc</name>
         <load_address>0x20008cb4</load_address>
         <run_address>0x20008cb4</run_address>
         <size>0x8c</size>
         <input_file_ref idref="fl-d1"/>
      </object_component>
      <object_component id="oc-42d">
         <name>.text:PinConfigSet</name>
         <load_address>0x20008d40</load_address>
         <run_address>0x20008d40</run_address>
         <size>0x88</size>
         <input_file_ref idref="fl-11"/>
      </object_component>
      <object_component id="oc-fb">
         <name>.text:SPITransfer</name>
         <load_address>0x20008dc8</load_address>
         <run_address>0x20008dc8</run_address>
         <size>0x88</size>
         <input_file_ref idref="fl-13"/>
      </object_component>
      <object_component id="oc-453">
         <name>.text:__aeabi_cdcmple</name>
         <load_address>0x20008e50</load_address>
         <run_address>0x20008e50</run_address>
         <size>0x86</size>
         <input_file_ref idref="fl-d6"/>
      </object_component>
      <object_component id="oc-50b">
         <name>.text:__aeabi_cdrcmple</name>
         <load_address>0x20008ed6</load_address>
         <run_address>0x20008ed6</run_address>
         <size>0x86</size>
         <input_file_ref idref="fl-d6"/>
      </object_component>
      <object_component id="oc-335">
         <name>.text:GPIOIntTypeSet</name>
         <load_address>0x20008f5c</load_address>
         <run_address>0x20008f5c</run_address>
         <size>0x82</size>
         <input_file_ref idref="fl-f"/>
      </object_component>
      <object_component id="oc-c5">
         <name>.text:SPIIntStatus</name>
         <load_address>0x20008fe0</load_address>
         <run_address>0x20008fe0</run_address>
         <size>0x7c</size>
         <input_file_ref idref="fl-13"/>
      </object_component>
      <object_component id="oc-8b">
         <name>.text</name>
         <load_address>0x2000905c</load_address>
         <run_address>0x2000905c</run_address>
         <size>0x7a</size>
         <input_file_ref idref="fl-dc"/>
      </object_component>
      <object_component id="oc-16d">
         <name>.text:UARTConfigSetExpClk</name>
         <load_address>0x200090d6</load_address>
         <run_address>0x200090d6</run_address>
         <size>0x76</size>
         <input_file_ref idref="fl-15"/>
      </object_component>
      <object_component id="oc-638">
         <name>.text:__TI_closefile</name>
         <load_address>0x2000914c</load_address>
         <run_address>0x2000914c</run_address>
         <size>0x74</size>
         <input_file_ref idref="fl-107"/>
      </object_component>
      <object_component id="oc-287">
         <name>.text:TimerIntRegister</name>
         <load_address>0x200091c0</load_address>
         <run_address>0x200091c0</run_address>
         <size>0x70</size>
         <input_file_ref idref="fl-14"/>
      </object_component>
      <object_component id="oc-3c1">
         <name>.text:split</name>
         <load_address>0x20009230</load_address>
         <run_address>0x20009230</run_address>
         <size>0x70</size>
         <input_file_ref idref="fl-ea"/>
      </object_component>
      <object_component id="oc-52b">
         <name>.text:_mcpy</name>
         <load_address>0x200092a0</load_address>
         <run_address>0x200092a0</run_address>
         <size>0x6e</size>
         <input_file_ref idref="fl-cf"/>
      </object_component>
      <object_component id="oc-668">
         <name>.text:HOSTrename</name>
         <load_address>0x20009310</load_address>
         <run_address>0x20009310</run_address>
         <size>0x6c</size>
         <input_file_ref idref="fl-100"/>
      </object_component>
      <object_component id="oc-65c">
         <name>.text:HOSTlseek</name>
         <load_address>0x2000937c</load_address>
         <run_address>0x2000937c</run_address>
         <size>0x68</size>
         <input_file_ref idref="fl-fd"/>
      </object_component>
      <object_component id="oc-2b7">
         <name>.text:TimerIntUnregister</name>
         <load_address>0x200093e4</load_address>
         <run_address>0x200093e4</run_address>
         <size>0x68</size>
         <input_file_ref idref="fl-14"/>
      </object_component>
      <object_component id="oc-15">
         <name>.text:decompress:lzss:__TI_decompress_lzss</name>
         <load_address>0x2000944c</load_address>
         <run_address>0x2000944c</run_address>
         <size>0x68</size>
         <input_file_ref idref="fl-e0"/>
      </object_component>
      <object_component id="oc-19d">
         <name>.text:printf</name>
         <load_address>0x200094b4</load_address>
         <run_address>0x200094b4</run_address>
         <size>0x68</size>
         <input_file_ref idref="fl-ce"/>
      </object_component>
      <object_component id="oc-5db">
         <name>.text:fseek</name>
         <load_address>0x2000951c</load_address>
         <run_address>0x2000951c</run_address>
         <size>0x64</size>
         <input_file_ref idref="fl-f6"/>
      </object_component>
      <object_component id="oc-572">
         <name>.text:__TI_wrt_ok</name>
         <load_address>0x20009580</load_address>
         <run_address>0x20009580</run_address>
         <size>0x62</size>
         <input_file_ref idref="fl-d3"/>
      </object_component>
      <object_component id="oc-644">
         <name>.text:HOSTopen</name>
         <load_address>0x200095e4</load_address>
         <run_address>0x200095e4</run_address>
         <size>0x60</size>
         <input_file_ref idref="fl-fe"/>
      </object_component>
      <object_component id="oc-674">
         <name>.text:close</name>
         <load_address>0x20009644</load_address>
         <run_address>0x20009644</run_address>
         <size>0x5c</size>
         <input_file_ref idref="fl-10d"/>
      </object_component>
      <object_component id="oc-540">
         <name>.text:frexp</name>
         <load_address>0x200096a0</load_address>
         <run_address>0x200096a0</run_address>
         <size>0x5c</size>
         <input_file_ref idref="fl-f2"/>
      </object_component>
      <object_component id="oc-650">
         <name>.text:HOSTread</name>
         <load_address>0x200096fc</load_address>
         <run_address>0x200096fc</run_address>
         <size>0x58</size>
         <input_file_ref idref="fl-ff"/>
      </object_component>
      <object_component id="oc-656">
         <name>.text:HOSTwrite</name>
         <load_address>0x20009754</load_address>
         <run_address>0x20009754</run_address>
         <size>0x58</size>
         <input_file_ref idref="fl-102"/>
      </object_component>
      <object_component id="oc-167">
         <name>.text:PRCMPeripheralReset</name>
         <load_address>0x200097ac</load_address>
         <run_address>0x200097ac</run_address>
         <size>0x58</size>
         <input_file_ref idref="fl-12"/>
      </object_component>
      <object_component id="oc-45e">
         <name>.text:_pconv_f</name>
         <load_address>0x20009804</load_address>
         <run_address>0x20009804</run_address>
         <size>0x56</size>
         <input_file_ref idref="fl-cf"/>
      </object_component>
      <object_component id="oc-281">
         <name>.text:IntPrioritySet</name>
         <load_address>0x2000985c</load_address>
         <run_address>0x2000985c</run_address>
         <size>0x54</size>
         <input_file_ref idref="fl-10"/>
      </object_component>
      <object_component id="oc-515">
         <name>.text:__TI_ltoa</name>
         <load_address>0x200098b0</load_address>
         <run_address>0x200098b0</run_address>
         <size>0x54</size>
         <input_file_ref idref="fl-e3"/>
      </object_component>
      <object_component id="oc-525">
         <name>.text:_ecpy</name>
         <load_address>0x20009904</load_address>
         <run_address>0x20009904</run_address>
         <size>0x52</size>
         <input_file_ref idref="fl-cf"/>
      </object_component>
      <object_component id="oc-107">
         <name>.text:SPIIntEnable</name>
         <load_address>0x20009958</load_address>
         <run_address>0x20009958</run_address>
         <size>0x4c</size>
         <input_file_ref idref="fl-13"/>
      </object_component>
      <object_component id="oc-245">
         <name>.text:SPIIntNumberGet</name>
         <load_address>0x200099a4</load_address>
         <run_address>0x200099a4</run_address>
         <size>0x4c</size>
         <input_file_ref idref="fl-13"/>
      </object_component>
      <object_component id="oc-57e">
         <name>.text:__TI_doflush</name>
         <load_address>0x200099f0</load_address>
         <run_address>0x200099f0</run_address>
         <size>0x4c</size>
         <input_file_ref idref="fl-f4"/>
      </object_component>
      <object_component id="oc-447">
         <name>.text:atoi</name>
         <load_address>0x20009a3c</load_address>
         <run_address>0x20009a3c</run_address>
         <size>0x4c</size>
         <input_file_ref idref="fl-e4"/>
      </object_component>
      <object_component id="oc-438">
         <name>.text:GPIOGetIntNumber</name>
         <load_address>0x20009a88</load_address>
         <run_address>0x20009a88</run_address>
         <size>0x48</size>
         <input_file_ref idref="fl-f"/>
      </object_component>
      <object_component id="oc-cb">
         <name>.text:SPIIntClear</name>
         <load_address>0x20009ad0</load_address>
         <run_address>0x20009ad0</run_address>
         <size>0x48</size>
         <input_file_ref idref="fl-13"/>
      </object_component>
      <object_component id="oc-1b3">
         <name>.text:exit</name>
         <load_address>0x20009b18</load_address>
         <run_address>0x20009b18</run_address>
         <size>0x48</size>
         <input_file_ref idref="fl-e1"/>
      </object_component>
      <object_component id="oc-510">
         <name>.text</name>
         <load_address>0x20009b60</load_address>
         <run_address>0x20009b60</run_address>
         <size>0x48</size>
         <input_file_ref idref="fl-d9"/>
      </object_component>
      <object_component id="oc-64a">
         <name>.text:HOSTclose</name>
         <load_address>0x20009ba8</load_address>
         <run_address>0x20009ba8</run_address>
         <size>0x44</size>
         <input_file_ref idref="fl-fc"/>
      </object_component>
      <object_component id="oc-662">
         <name>.text:HOSTunlink</name>
         <load_address>0x20009bec</load_address>
         <run_address>0x20009bec</run_address>
         <size>0x44</size>
         <input_file_ref idref="fl-101"/>
      </object_component>
      <object_component id="oc-1eb">
         <name>.text:SPIDmaMaskGet</name>
         <load_address>0x20009c30</load_address>
         <run_address>0x20009c30</run_address>
         <size>0x44</size>
         <input_file_ref idref="fl-13"/>
      </object_component>
      <object_component id="oc-275">
         <name>.text:TimerConfigure</name>
         <load_address>0x20009c74</load_address>
         <run_address>0x20009c74</run_address>
         <size>0x44</size>
         <input_file_ref idref="fl-14"/>
      </object_component>
      <object_component id="oc-30a">
         <name>.text:UARTIntNumberGet</name>
         <load_address>0x20009cb8</load_address>
         <run_address>0x20009cb8</run_address>
         <size>0x44</size>
         <input_file_ref idref="fl-15"/>
      </object_component>
      <object_component id="oc-1b9">
         <name>.text:__TI_auto_init_nobinit_nopinit:__TI_auto_init_nobinit_nopinit</name>
         <load_address>0x20009cfc</load_address>
         <run_address>0x20009cfc</run_address>
         <size>0x44</size>
         <input_file_ref idref="fl-f8"/>
      </object_component>
      <object_component id="oc-6a9">
         <name>.text:getdevice</name>
         <load_address>0x20009d40</load_address>
         <run_address>0x20009d40</run_address>
         <size>0x44</size>
         <input_file_ref idref="fl-108"/>
      </object_component>
      <object_component id="oc-315">
         <name>.text:PinModeSet</name>
         <load_address>0x20009d84</load_address>
         <run_address>0x20009d84</run_address>
         <size>0x40</size>
         <input_file_ref idref="fl-11"/>
      </object_component>
      <object_component id="oc-1fb">
         <name>.text:vsnprintf</name>
         <load_address>0x20009dc4</load_address>
         <run_address>0x20009dc4</run_address>
         <size>0x40</size>
         <input_file_ref idref="fl-d0"/>
      </object_component>
      <object_component id="oc-538">
         <name>.text:_fcpy</name>
         <load_address>0x20009e04</load_address>
         <run_address>0x20009e04</run_address>
         <size>0x3e</size>
         <input_file_ref idref="fl-cf"/>
      </object_component>
      <object_component id="oc-191">
         <name>.text:PRCMPeripheralClkEnable</name>
         <load_address>0x20009e44</load_address>
         <run_address>0x20009e44</run_address>
         <size>0x3c</size>
         <input_file_ref idref="fl-12"/>
      </object_component>
      <object_component id="oc-685">
         <name>.text:__TI_writemsg</name>
         <load_address>0x20009e80</load_address>
         <run_address>0x20009e80</run_address>
         <size>0x38</size>
         <input_file_ref idref="fl-103"/>
      </object_component>
      <object_component id="oc-321">
         <name>.text:GPIODirModeSet</name>
         <load_address>0x20009eb8</load_address>
         <run_address>0x20009eb8</run_address>
         <size>0x36</size>
         <input_file_ref idref="fl-f"/>
      </object_component>
      <object_component id="oc-6cb">
         <name>.text:strncpy</name>
         <load_address>0x20009eee</load_address>
         <run_address>0x20009eee</run_address>
         <size>0x36</size>
         <input_file_ref idref="fl-10b"/>
      </object_component>
      <object_component id="oc-60f">
         <name>.text:__TI_cleanup</name>
         <load_address>0x20009f24</load_address>
         <run_address>0x20009f24</run_address>
         <size>0x34</size>
         <input_file_ref idref="fl-f5"/>
      </object_component>
      <object_component id="oc-68b">
         <name>.text:__TI_readmsg</name>
         <load_address>0x20009f58</load_address>
         <run_address>0x20009f58</run_address>
         <size>0x34</size>
         <input_file_ref idref="fl-103"/>
      </object_component>
      <object_component id="oc-31b">
         <name>.text:PinTypeGPIO</name>
         <load_address>0x20009f8c</load_address>
         <run_address>0x20009f8c</run_address>
         <size>0x30</size>
         <input_file_ref idref="fl-11"/>
      </object_component>
      <object_component id="oc-303">
         <name>.text:UARTDisable</name>
         <load_address>0x20009fbc</load_address>
         <run_address>0x20009fbc</run_address>
         <size>0x30</size>
         <input_file_ref idref="fl-15"/>
      </object_component>
      <object_component id="oc-398">
         <name>.text:_outs</name>
         <load_address>0x20009fec</load_address>
         <run_address>0x20009fec</run_address>
         <size>0x30</size>
         <input_file_ref idref="fl-d0"/>
      </object_component>
      <object_component id="oc-6d1">
         <name>.text:finddevice</name>
         <load_address>0x2000a01c</load_address>
         <run_address>0x2000a01c</run_address>
         <size>0x30</size>
         <input_file_ref idref="fl-108"/>
      </object_component>
      <object_component id="oc-51b">
         <name>.text</name>
         <load_address>0x2000a04c</load_address>
         <run_address>0x2000a04c</run_address>
         <size>0x2e</size>
         <input_file_ref idref="fl-da"/>
      </object_component>
      <object_component id="oc-2e5">
         <name>.text:PRCMSysResetCauseGet</name>
         <load_address>0x2000a07c</load_address>
         <run_address>0x2000a07c</run_address>
         <size>0x2c</size>
         <input_file_ref idref="fl-12"/>
      </object_component>
      <object_component id="oc-67a">
         <name>.text:unlink</name>
         <load_address>0x2000a0a8</load_address>
         <run_address>0x2000a0a8</run_address>
         <size>0x2c</size>
         <input_file_ref idref="fl-10e"/>
      </object_component>
      <object_component id="oc-d7">
         <name>.text:SPIDataGetNonBlocking</name>
         <load_address>0x2000a0d4</load_address>
         <run_address>0x2000a0d4</run_address>
         <size>0x2a</size>
         <input_file_ref idref="fl-13"/>
      </object_component>
      <object_component id="oc-29f">
         <name>.text:TimerLoadSet</name>
         <load_address>0x2000a0fe</load_address>
         <run_address>0x2000a0fe</run_address>
         <size>0x2a</size>
         <input_file_ref idref="fl-14"/>
      </object_component>
      <object_component id="oc-27b">
         <name>.text:TimerPrescaleSet</name>
         <load_address>0x2000a128</load_address>
         <run_address>0x2000a128</run_address>
         <size>0x2a</size>
         <input_file_ref idref="fl-14"/>
      </object_component>
      <object_component id="oc-2f7">
         <name>.text:PRCMPeripheralClkDisable</name>
         <load_address>0x2000a154</load_address>
         <run_address>0x2000a154</run_address>
         <size>0x28</size>
         <input_file_ref idref="fl-12"/>
      </object_component>
      <object_component id="oc-3c8">
         <name>.text:free_list_insert</name>
         <load_address>0x2000a17c</load_address>
         <run_address>0x2000a17c</run_address>
         <size>0x28</size>
         <input_file_ref idref="fl-ea"/>
      </object_component>
      <object_component id="oc-607">
         <name>.text:lseek</name>
         <load_address>0x2000a1a4</load_address>
         <run_address>0x2000a1a4</run_address>
         <size>0x28</size>
         <input_file_ref idref="fl-105"/>
      </object_component>
      <object_component id="oc-207">
         <name>.text:memmove</name>
         <load_address>0x2000a1cc</load_address>
         <run_address>0x2000a1cc</run_address>
         <size>0x28</size>
         <input_file_ref idref="fl-e9"/>
      </object_component>
      <object_component id="oc-584">
         <name>.text:write</name>
         <load_address>0x2000a1f4</load_address>
         <run_address>0x2000a1f4</run_address>
         <size>0x28</size>
         <input_file_ref idref="fl-ee"/>
      </object_component>
      <object_component id="oc-407">
         <name>.text:IntUnregister</name>
         <load_address>0x2000a21c</load_address>
         <run_address>0x2000a21c</run_address>
         <size>0x24</size>
         <input_file_ref idref="fl-10"/>
      </object_component>
      <object_component id="oc-185">
         <name>.text:UARTEnable</name>
         <load_address>0x2000a240</load_address>
         <run_address>0x2000a240</run_address>
         <size>0x24</size>
         <input_file_ref idref="fl-15"/>
      </object_component>
      <object_component id="oc-5b">
         <name>.text:_c_int00_noargs:_c_int00_noargs</name>
         <load_address>0x2000a264</load_address>
         <run_address>0x2000a264</run_address>
         <size>0x24</size>
         <input_file_ref idref="fl-ed"/>
      </object_component>
      <object_component id="oc-e3">
         <name>.text:SPIReset</name>
         <load_address>0x2000a288</load_address>
         <run_address>0x2000a288</run_address>
         <size>0x22</size>
         <input_file_ref idref="fl-13"/>
      </object_component>
      <object_component id="oc-253">
         <name>.text:GPIOPinWrite</name>
         <load_address>0x2000a2aa</load_address>
         <run_address>0x2000a2aa</run_address>
         <size>0x20</size>
         <input_file_ref idref="fl-f"/>
      </object_component>
      <object_component id="oc-24b">
         <name>.text:IntRegister</name>
         <load_address>0x2000a2cc</load_address>
         <run_address>0x2000a2cc</run_address>
         <size>0x20</size>
         <input_file_ref idref="fl-10"/>
      </object_component>
      <object_component id="oc-25f">
         <name>.text:SPIDataGet</name>
         <load_address>0x2000a2ec</load_address>
         <run_address>0x2000a2ec</run_address>
         <size>0x20</size>
         <input_file_ref idref="fl-13"/>
      </object_component>
      <object_component id="oc-578">
         <name>.text:memchr</name>
         <load_address>0x2000a30c</load_address>
         <run_address>0x2000a30c</run_address>
         <size>0x20</size>
         <input_file_ref idref="fl-e8"/>
      </object_component>
      <object_component id="oc-33b">
         <name>.text:GPIOIntRegister</name>
         <load_address>0x2000a32c</load_address>
         <run_address>0x2000a32c</run_address>
         <size>0x1e</size>
         <input_file_ref idref="fl-f"/>
      </object_component>
      <object_component id="oc-d1">
         <name>.text:SPIDataPut</name>
         <load_address>0x2000a34a</load_address>
         <run_address>0x2000a34a</run_address>
         <size>0x1e</size>
         <input_file_ref idref="fl-13"/>
      </object_component>
      <object_component id="oc-101">
         <name>.text:SPIIntRegister</name>
         <load_address>0x2000a368</load_address>
         <run_address>0x2000a368</run_address>
         <size>0x1e</size>
         <input_file_ref idref="fl-13"/>
      </object_component>
      <object_component id="oc-2ab">
         <name>.text:TimerDisable</name>
         <load_address>0x2000a386</load_address>
         <run_address>0x2000a386</run_address>
         <size>0x1e</size>
         <input_file_ref idref="fl-14"/>
      </object_component>
      <object_component id="oc-2a5">
         <name>.text:TimerEnable</name>
         <load_address>0x2000a3a4</load_address>
         <run_address>0x2000a3a4</run_address>
         <size>0x1e</size>
         <input_file_ref idref="fl-14"/>
      </object_component>
      <object_component id="oc-293">
         <name>.text:TimerIntStatus</name>
         <load_address>0x2000a3c2</load_address>
         <run_address>0x2000a3c2</run_address>
         <size>0x1e</size>
         <input_file_ref idref="fl-14"/>
      </object_component>
      <object_component id="oc-1a3">
         <name>.text:UARTCharPut</name>
         <load_address>0x2000a3e0</load_address>
         <run_address>0x2000a3e0</run_address>
         <size>0x1e</size>
         <input_file_ref idref="fl-15"/>
      </object_component>
      <object_component id="oc-173">
         <name>.text:UARTIntRegister</name>
         <load_address>0x2000a3fe</load_address>
         <run_address>0x2000a3fe</run_address>
         <size>0x1e</size>
         <input_file_ref idref="fl-15"/>
      </object_component>
      <object_component id="oc-137">
         <name>.text:UARTIntStatus</name>
         <load_address>0x2000a41c</load_address>
         <run_address>0x2000a41c</run_address>
         <size>0x1e</size>
         <input_file_ref idref="fl-15"/>
      </object_component>
      <object_component id="oc-2bd">
         <name>.text:TimerValueGet</name>
         <load_address>0x2000a43a</load_address>
         <run_address>0x2000a43a</run_address>
         <size>0x1c</size>
         <input_file_ref idref="fl-14"/>
      </object_component>
      <object_component id="oc-143">
         <name>.text:UARTCharGetNonBlocking</name>
         <load_address>0x2000a456</load_address>
         <run_address>0x2000a456</run_address>
         <size>0x1c</size>
         <input_file_ref idref="fl-15"/>
      </object_component>
      <object_component id="oc-49">
         <name>.text:decompress:ZI:__TI_zero_init_nomemset:__TI_zero_init_nomemset</name>
         <load_address>0x2000a472</load_address>
         <run_address>0x2000a472</run_address>
         <size>0x1c</size>
         <input_file_ref idref="fl-de"/>
      </object_component>
      <object_component id="oc-3bb">
         <name>.text:free_list_remove</name>
         <load_address>0x2000a490</load_address>
         <run_address>0x2000a490</run_address>
         <size>0x1c</size>
         <input_file_ref idref="fl-ea"/>
      </object_component>
      <object_component id="oc-470">
         <name>.text:memccpy</name>
         <load_address>0x2000a4ac</load_address>
         <run_address>0x2000a4ac</run_address>
         <size>0x1c</size>
         <input_file_ref idref="fl-e7"/>
      </object_component>
      <object_component id="oc-341">
         <name>.text:GPIOIntEnable</name>
         <load_address>0x2000a4c8</load_address>
         <run_address>0x2000a4c8</run_address>
         <size>0x1a</size>
         <input_file_ref idref="fl-f"/>
      </object_component>
      <object_component id="oc-327">
         <name>.text:PinTypeSPI</name>
         <load_address>0x2000a4e2</load_address>
         <run_address>0x2000a4e2</run_address>
         <size>0x1a</size>
         <input_file_ref idref="fl-11"/>
      </object_component>
      <object_component id="oc-32d">
         <name>.text:PinTypeUART</name>
         <load_address>0x2000a4fc</load_address>
         <run_address>0x2000a4fc</run_address>
         <size>0x1a</size>
         <input_file_ref idref="fl-11"/>
      </object_component>
      <object_component id="oc-128">
         <name>.text:GPIOPinRead</name>
         <load_address>0x2000a516</load_address>
         <run_address>0x2000a516</run_address>
         <size>0x18</size>
         <input_file_ref idref="fl-f"/>
      </object_component>
      <object_component id="oc-265">
         <name>.text:SPICSDisable</name>
         <load_address>0x2000a52e</load_address>
         <run_address>0x2000a52e</run_address>
         <size>0x18</size>
         <input_file_ref idref="fl-13"/>
      </object_component>
      <object_component id="oc-259">
         <name>.text:SPICSEnable</name>
         <load_address>0x2000a546</load_address>
         <run_address>0x2000a546</run_address>
         <size>0x18</size>
         <input_file_ref idref="fl-13"/>
      </object_component>
      <object_component id="oc-f5">
         <name>.text:SPIEnable</name>
         <load_address>0x2000a55e</load_address>
         <run_address>0x2000a55e</run_address>
         <size>0x18</size>
         <input_file_ref idref="fl-13"/>
      </object_component>
      <object_component id="oc-2b1">
         <name>.text:TimerIntDisable</name>
         <load_address>0x2000a576</load_address>
         <run_address>0x2000a576</run_address>
         <size>0x18</size>
         <input_file_ref idref="fl-14"/>
      </object_component>
      <object_component id="oc-28d">
         <name>.text:TimerIntEnable</name>
         <load_address>0x2000a58e</load_address>
         <run_address>0x2000a58e</run_address>
         <size>0x18</size>
         <input_file_ref idref="fl-14"/>
      </object_component>
      <object_component id="oc-149">
         <name>.text:UARTCharsAvail</name>
         <load_address>0x2000a5a6</load_address>
         <run_address>0x2000a5a6</run_address>
         <size>0x18</size>
         <input_file_ref idref="fl-15"/>
      </object_component>
      <object_component id="oc-17f">
         <name>.text:UARTFIFOLevelSet</name>
         <load_address>0x2000a5be</load_address>
         <run_address>0x2000a5be</run_address>
         <size>0x18</size>
         <input_file_ref idref="fl-15"/>
      </object_component>
      <object_component id="oc-179">
         <name>.text:UARTIntEnable</name>
         <load_address>0x2000a5d6</load_address>
         <run_address>0x2000a5d6</run_address>
         <size>0x18</size>
         <input_file_ref idref="fl-15"/>
      </object_component>
      <object_component id="oc-39e">
         <name>.text:_outc</name>
         <load_address>0x2000a5ee</load_address>
         <run_address>0x2000a5ee</run_address>
         <size>0x18</size>
         <input_file_ref idref="fl-d0"/>
      </object_component>
      <object_component id="oc-6e8">
         <name>.text:strcmp</name>
         <load_address>0x2000a606</load_address>
         <run_address>0x2000a606</run_address>
         <size>0x18</size>
         <input_file_ref idref="fl-109"/>
      </object_component>
      <object_component id="oc-2eb">
         <name>.text:PRCMHIBRegRead</name>
         <load_address>0x2000a61e</load_address>
         <run_address>0x2000a61e</run_address>
         <size>0x16</size>
         <input_file_ref idref="fl-12"/>
      </object_component>
      <object_component id="oc-2f1">
         <name>.text:PRCMHIBRegWrite</name>
         <load_address>0x2000a634</load_address>
         <run_address>0x2000a634</run_address>
         <size>0x16</size>
         <input_file_ref idref="fl-12"/>
      </object_component>
      <object_component id="oc-54c">
         <name>.text:strchr</name>
         <load_address>0x2000a64a</load_address>
         <run_address>0x2000a64a</run_address>
         <size>0x16</size>
         <input_file_ref idref="fl-eb"/>
      </object_component>
      <object_component id="oc-2da">
         <name>.text:CPUcpsie</name>
         <load_address>0x2000a660</load_address>
         <run_address>0x2000a660</run_address>
         <size>0x14</size>
         <input_file_ref idref="fl-17"/>
      </object_component>
      <object_component id="oc-12e">
         <name>.text:GPIOIntClear</name>
         <load_address>0x2000a674</load_address>
         <run_address>0x2000a674</run_address>
         <size>0x14</size>
         <input_file_ref idref="fl-f"/>
      </object_component>
      <object_component id="oc-14f">
         <name>.text:IntVTableBaseSet</name>
         <load_address>0x2000a688</load_address>
         <run_address>0x2000a688</run_address>
         <size>0x14</size>
         <input_file_ref idref="fl-10"/>
      </object_component>
      <object_component id="oc-69f">
         <name>.text:strcpy</name>
         <load_address>0x2000a69c</load_address>
         <run_address>0x2000a69c</run_address>
         <size>0x14</size>
         <input_file_ref idref="fl-10a"/>
      </object_component>
      <object_component id="oc-201">
         <name>.text:strlen</name>
         <load_address>0x2000a6b0</load_address>
         <run_address>0x2000a6b0</run_address>
         <size>0x14</size>
         <input_file_ref idref="fl-ec"/>
      </object_component>
      <object_component id="oc-299">
         <name>.text:TimerIntClear</name>
         <load_address>0x2000a6c4</load_address>
         <run_address>0x2000a6c4</run_address>
         <size>0x12</size>
         <input_file_ref idref="fl-14"/>
      </object_component>
      <object_component id="oc-13d">
         <name>.text:UARTIntClear</name>
         <load_address>0x2000a6d6</load_address>
         <run_address>0x2000a6d6</run_address>
         <size>0x12</size>
         <input_file_ref idref="fl-15"/>
      </object_component>
      <object_component id="oc-476">
         <name>.text:wcslen</name>
         <load_address>0x2000a6e8</load_address>
         <run_address>0x2000a6e8</run_address>
         <size>0x12</size>
         <input_file_ref idref="fl-f1"/>
      </object_component>
      <object_component id="oc-1b">
         <name>.text:decompress:none:__TI_decompress_none</name>
         <load_address>0x2000a6fa</load_address>
         <run_address>0x2000a6fa</run_address>
         <size>0xe</size>
         <input_file_ref idref="fl-df"/>
      </object_component>
      <object_component id="oc-29">
         <name>.text</name>
         <load_address>0x2000a708</load_address>
         <run_address>0x2000a708</run_address>
         <size>0xe</size>
         <input_file_ref idref="fl-7"/>
      </object_component>
      <object_component id="oc-5bf">
         <name>.text:copysign</name>
         <load_address>0x2000a716</load_address>
         <run_address>0x2000a716</run_address>
         <size>0xc</size>
         <input_file_ref idref="fl-106"/>
      </object_component>
      <object_component id="oc-155">
         <name>.text:IntMasterEnable</name>
         <load_address>0x2000a722</load_address>
         <run_address>0x2000a722</run_address>
         <size>0xa</size>
         <input_file_ref idref="fl-10"/>
      </object_component>
      <object_component id="oc-47c">
         <name>.text:__aeabi_errno_addr</name>
         <load_address>0x2000a72c</load_address>
         <run_address>0x2000a72c</run_address>
         <size>0x8</size>
         <input_file_ref idref="fl-f0"/>
      </object_component>
      <object_component id="oc-20d">
         <name>.text:malloc</name>
         <load_address>0x2000a734</load_address>
         <run_address>0x2000a734</run_address>
         <size>0x8</size>
         <input_file_ref idref="fl-ea"/>
      </object_component>
      <object_component id="oc-415">
         <name>.text:UtilsDelay</name>
         <load_address>0x2000a73c</load_address>
         <run_address>0x2000a73c</run_address>
         <size>0x6</size>
         <input_file_ref idref="fl-16"/>
      </object_component>
      <object_component id="oc-365">
         <name>.text:_outc</name>
         <load_address>0x2000a742</load_address>
         <run_address>0x2000a742</run_address>
         <size>0x4</size>
         <input_file_ref idref="fl-ce"/>
      </object_component>
      <object_component id="oc-35f">
         <name>.text:_outs</name>
         <load_address>0x2000a746</load_address>
         <run_address>0x2000a746</run_address>
         <size>0x4</size>
         <input_file_ref idref="fl-ce"/>
      </object_component>
      <object_component id="oc-91">
         <name>.text:_system_pre_init</name>
         <load_address>0x2000a74a</load_address>
         <run_address>0x2000a74a</run_address>
         <size>0x4</size>
         <input_file_ref idref="fl-f9"/>
      </object_component>
      <object_component id="oc-1ad">
         <name>.text:abort:abort</name>
         <load_address>0x2000a74e</load_address>
         <run_address>0x2000a74e</run_address>
         <size>0x4</size>
         <input_file_ref idref="fl-e1"/>
      </object_component>
      <object_component id="oc-26d">
         <name>.const:.string:font</name>
         <load_address>0x2000a754</load_address>
         <run_address>0x2000a754</run_address>
         <size>0x4fb</size>
         <input_file_ref idref="fl-1"/>
      </object_component>
      <object_component id="oc-4f5">
         <name>.const:.string:_ctypes_</name>
         <load_address>0x2000ac4f</load_address>
         <run_address>0x2000ac4f</run_address>
         <size>0x101</size>
         <input_file_ref idref="fl-e5"/>
      </object_component>
      <object_component id="oc-429">
         <name>.const:g_ulPinToPadMap</name>
         <load_address>0x2000ad50</load_address>
         <run_address>0x2000ad50</run_address>
         <size>0x100</size>
         <input_file_ref idref="fl-11"/>
      </object_component>
      <object_component id="oc-3f4">
         <name>.const:g_pulRegs</name>
         <load_address>0x2000ae50</load_address>
         <run_address>0x2000ae50</run_address>
         <size>0xd4</size>
         <input_file_ref idref="fl-10"/>
      </object_component>
      <object_component id="oc-2fe">
         <name>.const:PRCM_PeriphRegsList</name>
         <load_address>0x2000af24</load_address>
         <run_address>0x2000af24</run_address>
         <size>0xa8</size>
         <input_file_ref idref="fl-12"/>
      </object_component>
      <object_component id="oc-3e0">
         <name>.const:g_ppulSPIIntMap</name>
         <load_address>0x2000afcc</load_address>
         <run_address>0x2000afcc</run_address>
         <size>0x24</size>
         <input_file_ref idref="fl-13"/>
      </object_component>
      <object_component id="oc-4e1">
         <name>.const:g_pulDisRegs</name>
         <load_address>0x2000aff0</load_address>
         <run_address>0x2000aff0</run_address>
         <size>0x18</size>
         <input_file_ref idref="fl-10"/>
      </object_component>
      <object_component id="oc-2e1">
         <name>.const:g_pulEnRegs</name>
         <load_address>0x2000b008</load_address>
         <run_address>0x2000b008</run_address>
         <size>0x18</size>
         <input_file_ref idref="fl-10"/>
      </object_component>
      <object_component id="oc-392">
         <name>.const:g_ulSPIDmaMaskMap</name>
         <load_address>0x2000b020</load_address>
         <run_address>0x2000b020</run_address>
         <size>0x18</size>
         <input_file_ref idref="fl-13"/>
      </object_component>
      <object_component id="oc-423">
         <name>.const:g_ppulUARTIntMap</name>
         <load_address>0x2000b038</load_address>
         <run_address>0x2000b038</run_address>
         <size>0x10</size>
         <input_file_ref idref="fl-15"/>
      </object_component>
      <object_component id="oc-2cd">
         <name>.const:.string</name>
         <load_address>0x2000b048</load_address>
         <run_address>0x2000b048</run_address>
         <size>0xa</size>
         <input_file_ref idref="fl-4"/>
      </object_component>
      <object_component id="oc-722">
         <name>.cinit..data.load</name>
         <load_address>0x2000b058</load_address>
         <run_address>0x2000b058</run_address>
         <size>0xe1</size>
      </object_component>
      <object_component id="oc-720">
         <name>__TI_handler_table</name>
         <load_address>0x2000b13c</load_address>
         <run_address>0x2000b13c</run_address>
         <size>0xc</size>
      </object_component>
      <object_component id="oc-723">
         <name>.cinit..bss.load</name>
         <load_address>0x2000b148</load_address>
         <run_address>0x2000b148</run_address>
         <size>0x8</size>
      </object_component>
      <object_component id="oc-721">
         <name>__TI_cinit_table</name>
         <load_address>0x2000b150</load_address>
         <run_address>0x2000b150</run_address>
         <size>0x10</size>
      </object_component>
      <object_component id="oc-270">
         <name>.data</name>
         <load_address>0x20017d4c</load_address>
         <run_address>0x20017d4c</run_address>
         <size>0x15</size>
         <input_file_ref idref="fl-1"/>
      </object_component>
      <object_component id="oc-34f">
         <name>.data:ulReg</name>
         <load_address>0x20017d64</load_address>
         <run_address>0x20017d64</run_address>
         <size>0x14</size>
         <input_file_ref idref="fl-3"/>
      </object_component>
      <object_component id="oc-347">
         <name>.data</name>
         <load_address>0x20017d94</load_address>
         <run_address>0x20017d94</run_address>
         <size>0xc</size>
         <input_file_ref idref="fl-3"/>
      </object_component>
      <object_component id="oc-134">
         <name>.data</name>
         <load_address>0x20017bd8</load_address>
         <run_address>0x20017bd8</run_address>
         <size>0xac</size>
         <input_file_ref idref="fl-4"/>
      </object_component>
      <object_component id="oc-376">
         <name>.data:$O1$$</name>
         <load_address>0x20017d88</load_address>
         <run_address>0x20017d88</run_address>
         <size>0xc</size>
         <input_file_ref idref="fl-e1"/>
      </object_component>
      <object_component id="oc-359">
         <name>.data:$O1$$</name>
         <load_address>0x20017da0</load_address>
         <run_address>0x20017da0</run_address>
         <size>0x8</size>
         <input_file_ref idref="fl-e2"/>
      </object_component>
      <object_component id="oc-35c">
         <name>.data:_ftable</name>
         <load_address>0x20017ae8</load_address>
         <run_address>0x20017ae8</run_address>
         <size>0xf0</size>
         <input_file_ref idref="fl-e6"/>
      </object_component>
      <object_component id="oc-63e">
         <name>.data</name>
         <load_address>0x20017d78</load_address>
         <run_address>0x20017d78</run_address>
         <size>0x10</size>
         <input_file_ref idref="fl-e6"/>
      </object_component>
      <object_component id="oc-4d2">
         <name>.data:$O1$$</name>
         <load_address>0x20017da8</load_address>
         <run_address>0x20017da8</run_address>
         <size>0x8</size>
         <input_file_ref idref="fl-ea"/>
      </object_component>
      <object_component id="oc-622">
         <name>.data:_device</name>
         <load_address>0x20017c84</load_address>
         <run_address>0x20017c84</run_address>
         <size>0x78</size>
         <input_file_ref idref="fl-ef"/>
      </object_component>
      <object_component id="oc-5ed">
         <name>.data:_stream</name>
         <load_address>0x20017cfc</load_address>
         <run_address>0x20017cfc</run_address>
         <size>0x50</size>
         <input_file_ref idref="fl-ef"/>
      </object_component>
      <object_component id="oc-55c">
         <name>.data</name>
         <load_address>0x20017db0</load_address>
         <run_address>0x20017db0</run_address>
         <size>0x4</size>
         <input_file_ref idref="fl-f0"/>
      </object_component>
      <object_component id="oc-11f">
         <name>.bss:g_ucTxBuff</name>
         <uninitialized>true</uninitialized>
         <run_address>0x20017a24</run_address>
         <size>0x64</size>
         <input_file_ref idref="fl-4"/>
      </object_component>
      <object_component id="oc-125">
         <name>.bss:g_ucRxBuff</name>
         <uninitialized>true</uninitialized>
         <run_address>0x200179c0</run_address>
         <size>0x64</size>
         <input_file_ref idref="fl-4"/>
      </object_component>
      <object_component id="oc-122">
         <name>.bss</name>
         <uninitialized>true</uninitialized>
         <run_address>0x20017ac8</run_address>
         <size>0xc</size>
         <input_file_ref idref="fl-4"/>
      </object_component>
      <object_component id="oc-21f">
         <name>.bss</name>
         <uninitialized>true</uninitialized>
         <run_address>0x20017adc</run_address>
         <size>0x4</size>
         <input_file_ref idref="fl-9"/>
      </object_component>
      <object_component id="oc-6b3">
         <name>.bss:_CIOBUF_</name>
         <uninitialized>true</uninitialized>
         <run_address>0x20017800</run_address>
         <size>0x120</size>
         <input_file_ref idref="fl-103"/>
      </object_component>
      <object_component id="oc-34a">
         <name>.common:g_ucLED1Pin</name>
         <uninitialized>true</uninitialized>
         <run_address>0x20017ae0</run_address>
         <size>0x1</size>
      </object_component>
      <object_component id="oc-34d">
         <name>.common:g_ucLED2Pin</name>
         <uninitialized>true</uninitialized>
         <run_address>0x20017ae1</run_address>
         <size>0x1</size>
      </object_component>
      <object_component id="oc-34e">
         <name>.common:g_ucLED3Pin</name>
         <uninitialized>true</uninitialized>
         <run_address>0x20017ae2</run_address>
         <size>0x1</size>
      </object_component>
      <object_component id="oc-1a9">
         <name>.common:receiverBuffer</name>
         <uninitialized>true</uninitialized>
         <run_address>0x20017a88</run_address>
         <size>0x40</size>
      </object_component>
      <object_component id="oc-680">
         <name>.common:__TI_tmpnams</name>
         <uninitialized>true</uninitialized>
         <run_address>0x20017920</run_address>
         <size>0xa0</size>
      </object_component>
      <object_component id="oc-691">
         <name>.common:parmbuf</name>
         <uninitialized>true</uninitialized>
         <run_address>0x20017ad4</run_address>
         <size>0x8</size>
      </object_component>
      <object_component id="oc-23">
         <name>.sysmem</name>
         <uninitialized>true</uninitialized>
         <run_address>0x20017000</run_address>
         <size>0x10</size>
         <input_file_ref idref="fl-ea"/>
      </object_component>
      <object_component id="oc-726">
         <name>.sysmem</name>
         <uninitialized>true</uninitialized>
         <run_address>0x20017000</run_address>
         <size>0x0</size>
      </object_component>
      <object_component id="oc-26">
         <name>.stack</name>
         <uninitialized>true</uninitialized>
         <run_address>0x2002f800</run_address>
         <size>0x4</size>
         <input_file_ref idref="fl-ed"/>
      </object_component>
      <object_component id="oc-725">
         <name>.stack</name>
         <uninitialized>true</uninitialized>
         <run_address>0x2002f800</run_address>
         <size>0x0</size>
      </object_component>
      <object_component id="oc-274">
         <name>.debug_info</name>
         <load_address>0x0</load_address>
         <run_address>0x0</run_address>
         <size>0x224</size>
         <input_file_ref idref="fl-1"/>
      </object_component>
      <object_component id="oc-26e">
         <name>.debug_info</name>
         <load_address>0x224</load_address>
         <run_address>0x224</run_address>
         <size>0xd6</size>
         <input_file_ref idref="fl-1"/>
      </object_component>
      <object_component id="oc-271">
         <name>.debug_info</name>
         <load_address>0x2fa</load_address>
         <run_address>0x2fa</run_address>
         <size>0x184</size>
         <input_file_ref idref="fl-1"/>
      </object_component>
      <object_component id="oc-114">
         <name>.debug_info</name>
         <load_address>0x47e</load_address>
         <run_address>0x47e</run_address>
         <size>0x1542</size>
         <input_file_ref idref="fl-1"/>
      </object_component>
      <object_component id="oc-38">
         <name>.debug_info</name>
         <load_address>0x19c0</load_address>
         <run_address>0x19c0</run_address>
         <size>0x84</size>
         <input_file_ref idref="fl-1"/>
      </object_component>
      <object_component id="oc-26c">
         <name>.debug_info</name>
         <load_address>0x1a44</load_address>
         <run_address>0x1a44</run_address>
         <size>0x225</size>
         <input_file_ref idref="fl-2"/>
      </object_component>
      <object_component id="oc-111">
         <name>.debug_info</name>
         <load_address>0x1c69</load_address>
         <run_address>0x1c69</run_address>
         <size>0xe5c</size>
         <input_file_ref idref="fl-2"/>
      </object_component>
      <object_component id="oc-41d">
         <name>.debug_info</name>
         <load_address>0x2ac5</load_address>
         <run_address>0x2ac5</run_address>
         <size>0x62</size>
         <input_file_ref idref="fl-2"/>
      </object_component>
      <object_component id="oc-1f2">
         <name>.debug_info</name>
         <load_address>0x2b27</load_address>
         <run_address>0x2b27</run_address>
         <size>0x2c</size>
         <input_file_ref idref="fl-2"/>
      </object_component>
      <object_component id="oc-bc">
         <name>.debug_info</name>
         <load_address>0x2b53</load_address>
         <run_address>0x2b53</run_address>
         <size>0x2c</size>
         <input_file_ref idref="fl-2"/>
      </object_component>
      <object_component id="oc-3d3">
         <name>.debug_info</name>
         <load_address>0x2b7f</load_address>
         <run_address>0x2b7f</run_address>
         <size>0x35</size>
         <input_file_ref idref="fl-2"/>
      </object_component>
      <object_component id="oc-34b">
         <name>.debug_info</name>
         <load_address>0x2bb4</load_address>
         <run_address>0x2bb4</run_address>
         <size>0x333</size>
         <input_file_ref idref="fl-3"/>
      </object_component>
      <object_component id="oc-350">
         <name>.debug_info</name>
         <load_address>0x2ee7</load_address>
         <run_address>0x2ee7</run_address>
         <size>0xd3</size>
         <input_file_ref idref="fl-3"/>
      </object_component>
      <object_component id="oc-348">
         <name>.debug_info</name>
         <load_address>0x2fba</load_address>
         <run_address>0x2fba</run_address>
         <size>0x134</size>
         <input_file_ref idref="fl-3"/>
      </object_component>
      <object_component id="oc-198">
         <name>.debug_info</name>
         <load_address>0x30ee</load_address>
         <run_address>0x30ee</run_address>
         <size>0xb54</size>
         <input_file_ref idref="fl-3"/>
      </object_component>
      <object_component id="oc-370">
         <name>.debug_info</name>
         <load_address>0x3c42</load_address>
         <run_address>0x3c42</run_address>
         <size>0x26b</size>
         <input_file_ref idref="fl-3"/>
      </object_component>
      <object_component id="oc-3d8">
         <name>.debug_info</name>
         <load_address>0x3ead</load_address>
         <run_address>0x3ead</run_address>
         <size>0x2a4</size>
         <input_file_ref idref="fl-3"/>
      </object_component>
      <object_component id="oc-224">
         <name>.debug_info</name>
         <load_address>0x4151</load_address>
         <run_address>0x4151</run_address>
         <size>0x2c</size>
         <input_file_ref idref="fl-3"/>
      </object_component>
      <object_component id="oc-1aa">
         <name>.debug_info</name>
         <load_address>0x417d</load_address>
         <run_address>0x417d</run_address>
         <size>0xade</size>
         <input_file_ref idref="fl-4"/>
      </object_component>
      <object_component id="oc-120">
         <name>.debug_info</name>
         <load_address>0x4c5b</load_address>
         <run_address>0x4c5b</run_address>
         <size>0xda</size>
         <input_file_ref idref="fl-4"/>
      </object_component>
      <object_component id="oc-126">
         <name>.debug_info</name>
         <load_address>0x4d35</load_address>
         <run_address>0x4d35</run_address>
         <size>0xda</size>
         <input_file_ref idref="fl-4"/>
      </object_component>
      <object_component id="oc-123">
         <name>.debug_info</name>
         <load_address>0x4e0f</load_address>
[...]
         <value>0x2000a43b</value>
         <object_component_ref idref="oc-2bd"/>
      </symbol>
      <symbol id="sm-6ce">
         <name>TimerPrescaleSet</name>
         <value>0x2000a129</value>
         <object_component_ref idref="oc-27b"/>
      </symbol>
      <symbol id="sm-6cf">
         <name>TimerIntEnable</name>
         <value>0x2000a58f</value>
         <object_component_ref idref="oc-28d"/>
      </symbol>
      <symbol id="sm-6d0">
         <name>TimerConfigure</name>
         <value>0x20009c75</value>
         <object_component_ref idref="oc-275"/>
      </symbol>
      <symbol id="sm-6d1">
         <name>TimerIntClear</name>
         <value>0x2000a6c5</value>
         <object_component_ref idref="oc-299"/>
      </symbol>
      <symbol id="sm-751">
         <name>UARTConfigSetExpClk</name>
         <value>0x200090d7</value>
         <object_component_ref idref="oc-16d"/>
      </symbol>
      <symbol id="sm-752">
         <name>UARTDisable</name>
         <value>0x20009fbd</value>
         <object_component_ref idref="oc-303"/>
      </symbol>
      <symbol id="sm-753">
         <name>UARTIntEnable</name>
         <value>0x2000a5d7</value>
         <object_component_ref idref="oc-179"/>
      </symbol>
      <symbol id="sm-754">
         <name>UARTCharsAvail</name>
         <value>0x2000a5a7</value>
         <object_component_ref idref="oc-149"/>
      </symbol>
      <symbol id="sm-755">
         <name>UARTCharGetNonBlocking</name>
         <value>0x2000a457</value>
         <object_component_ref idref="oc-143"/>
      </symbol>
      <symbol id="sm-756">
         <name>UARTCharPut</name>
         <value>0x2000a3e1</value>
         <object_component_ref idref="oc-1a3"/>
      </symbol>
      <symbol id="sm-757">
         <name>UARTEnable</name>
         <value>0x2000a241</value>
         <object_component_ref idref="oc-185"/>
      </symbol>
      <symbol id="sm-758">
         <name>UARTIntClear</name>
         <value>0x2000a6d7</value>
         <object_component_ref idref="oc-13d"/>
      </symbol>
      <symbol id="sm-759">
         <name>UARTIntStatus</name>
         <value>0x2000a41d</value>
         <object_component_ref idref="oc-137"/>
      </symbol>
      <symbol id="sm-75a">
         <name>UARTFIFOLevelSet</name>
         <value>0x2000a5bf</value>
         <object_component_ref idref="oc-17f"/>
      </symbol>
      <symbol id="sm-75b">
         <name>UARTIntRegister</name>
         <value>0x2000a3ff</value>
         <object_component_ref idref="oc-173"/>
      </symbol>
      <symbol id="sm-75f">
         <name>UtilsDelay</name>
         <value>0x2000a73d</value>
         <object_component_ref idref="oc-415"/>
      </symbol>
      <symbol id="sm-769">
         <name>CPUcpsie</name>
         <value>0x2000a661</value>
         <object_component_ref idref="oc-2da"/>
      </symbol>
      <symbol id="sm-796">
         <name>printf</name>
         <value>0x200094b5</value>
         <object_component_ref idref="oc-19d"/>
      </symbol>
      <symbol id="sm-900">
         <name>__TI_printfi</name>
         <value>0x20005c91</value>
         <object_component_ref idref="oc-353"/>
      </symbol>
      <symbol id="sm-92a">
         <name>vsnprintf</name>
         <value>0x20009dc5</value>
         <object_component_ref idref="oc-1fb"/>
      </symbol>
      <symbol id="sm-93f">
         <name>putc</name>
         <value>0x20008cb5</value>
         <object_component_ref idref="oc-4a3"/>
      </symbol>
      <symbol id="sm-940">
         <name>fputc</name>
         <value>0x20008cb5</value>
         <object_component_ref idref="oc-4a3"/>
      </symbol>
      <symbol id="sm-95e">
         <name>fputs</name>
         <value>0x20007f6d</value>
         <object_component_ref idref="oc-49c"/>
      </symbol>
      <symbol id="sm-976">
         <name>__TI_wrt_ok</name>
         <value>0x20009581</value>
         <object_component_ref idref="oc-572"/>
      </symbol>
      <symbol id="sm-992">
         <name>setvbuf</name>
         <value>0x20008445</value>
         <object_component_ref idref="oc-5e1"/>
      </symbol>
      <symbol id="sm-9a9">
         <name>__aeabi_dsub</name>
         <value>0x200075d1</value>
         <object_component_ref idref="oc-520"/>
      </symbol>
      <symbol id="sm-9aa">
         <name>__aeabi_dadd</name>
         <value>0x200075db</value>
         <object_component_ref idref="oc-520"/>
      </symbol>
      <symbol id="sm-9cc">
         <name>__aeabi_cdcmpeq</name>
         <value>0x20008e51</value>
         <object_component_ref idref="oc-453"/>
      </symbol>
      <symbol id="sm-9cd">
         <name>__aeabi_cdcmple</name>
         <value>0x20008e51</value>
         <object_component_ref idref="oc-453"/>
      </symbol>
      <symbol id="sm-9ce">
         <name>__aeabi_cdrcmple</name>
         <value>0x20008ed7</value>
         <object_component_ref idref="oc-50b"/>
      </symbol>
      <symbol id="sm-9e2">
         <name>__aeabi_ddiv</name>
         <value>0x20007d15</value>
         <object_component_ref idref="oc-506"/>
      </symbol>
      <symbol id="sm-9ed">
         <name>__aeabi_dmul</name>
         <value>0x20008181</value>
         <object_component_ref idref="oc-501"/>
      </symbol>
      <symbol id="sm-9f7">
         <name>__aeabi_d2iz</name>
         <value>0x20009b61</value>
         <object_component_ref idref="oc-510"/>
      </symbol>
      <symbol id="sm-a01">
         <name>__aeabi_i2d</name>
         <value>0x2000a04d</value>
         <object_component_ref idref="oc-51b"/>
      </symbol>
      <symbol id="sm-a1c">
         <name>memcpy</name>
         <value>0x20008aed</value>
         <object_component_ref idref="oc-3d"/>
      </symbol>
      <symbol id="sm-a1d">
         <name>__aeabi_memcpy</name>
         <value>0x20008aed</value>
         <object_component_ref idref="oc-3d"/>
      </symbol>
      <symbol id="sm-a1e">
         <name>__aeabi_memcpy8</name>
         <value>0x20008aed</value>
         <object_component_ref idref="oc-3d"/>
      </symbol>
      <symbol id="sm-a1f">
         <name>__aeabi_memcpy4</name>
         <value>0x20008aed</value>
         <object_component_ref idref="oc-3d"/>
      </symbol>
      <symbol id="sm-a2e">
         <name>__aeabi_memset</name>
         <value>0x2000905f</value>
         <object_component_ref idref="oc-8b"/>
      </symbol>
      <symbol id="sm-a2f">
         <name>memset</name>
         <value>0x20009065</value>
         <object_component_ref idref="oc-8b"/>
      </symbol>
      <symbol id="sm-a30">
         <name>__aeabi_memset8</name>
         <value>0x2000905f</value>
         <object_component_ref idref="oc-8b"/>
      </symbol>
      <symbol id="sm-a31">
         <name>__aeabi_memset4</name>
         <value>0x2000905f</value>
         <object_component_ref idref="oc-8b"/>
      </symbol>
      <symbol id="sm-a32">
         <name>__aeabi_memclr8</name>
         <value>0x2000905d</value>
         <object_component_ref idref="oc-8b"/>
      </symbol>
      <symbol id="sm-a33">
         <name>__aeabi_memclr4</name>
         <value>0x2000905d</value>
         <object_component_ref idref="oc-8b"/>
      </symbol>
      <symbol id="sm-a34">
         <name>__aeabi_memclr</name>
         <value>0x2000905d</value>
         <object_component_ref idref="oc-8b"/>
      </symbol>
      <symbol id="sm-a41">
         <name>__aeabi_uldivmod</name>
         <value>0x20008b89</value>
         <object_component_ref idref="oc-4fa"/>
      </symbol>
      <symbol id="sm-a55">
         <name>__TI_zero_init_nomemset</name>
         <value>0x2000a473</value>
         <object_component_ref idref="oc-49"/>
      </symbol>
      <symbol id="sm-a6c">
         <name>__TI_decompress_none</name>
         <value>0x2000a6fb</value>
         <object_component_ref idref="oc-1b"/>
      </symbol>
      <symbol id="sm-a8f">
         <name>__TI_decompress_lzss</name>
         <value>0x2000944d</value>
         <object_component_ref idref="oc-15"/>
      </symbol>
      <symbol id="sm-ab5">
         <name>C$$EXIT</name>
         <value>0x2000a74f</value>
         <object_component_ref idref="oc-1ad"/>
      </symbol>
      <symbol id="sm-ab6">
         <name>abort</name>
         <value>0x2000a74f</value>
         <object_component_ref idref="oc-1ad"/>
      </symbol>
      <symbol id="sm-ab7">
         <name>__TI_dtors_ptr</name>
         <value>0x20017d8c</value>
         <object_component_ref idref="oc-376"/>
      </symbol>
      <symbol id="sm-ab8">
         <name>__TI_cleanup_ptr</name>
         <value>0x20017d88</value>
         <object_component_ref idref="oc-376"/>
      </symbol>
      <symbol id="sm-ab9">
         <name>__TI_enable_exit_profile_output</name>
         <value>0x20017d90</value>
         <object_component_ref idref="oc-376"/>
      </symbol>
      <symbol id="sm-aba">
         <name>exit</name>
         <value>0x20009b19</value>
         <object_component_ref idref="oc-1b3"/>
      </symbol>
      <symbol id="sm-acf">
         <name>_nop</name>
         <value>0x20006b87</value>
         <object_component_ref idref="oc-48e"/>
      </symbol>
      <symbol id="sm-ad0">
         <name>_lock</name>
         <value>0x20017da0</value>
         <object_component_ref idref="oc-359"/>
      </symbol>
      <symbol id="sm-ad1">
         <name>_unlock</name>
         <value>0x20017da4</value>
         <object_component_ref idref="oc-359"/>
      </symbol>
      <symbol id="sm-ae0">
         <name>__TI_ltoa</name>
         <value>0x200098b1</value>
         <object_component_ref idref="oc-515"/>
      </symbol>
      <symbol id="sm-af6">
         <name>atoi</name>
         <value>0x20009a3d</value>
         <object_component_ref idref="oc-447"/>
      </symbol>
      <symbol id="sm-b01">
         <name>_ctypes_</name>
         <value>0x2000ac4f</value>
         <object_component_ref idref="oc-4f5"/>
      </symbol>
      <symbol id="sm-b16">
         <name>__TI_tmpnams</name>
         <value>0x20017920</value>
      </symbol>
      <symbol id="sm-b17">
         <name>__aeabi_stdout</name>
         <value>0x20017d80</value>
         <object_component_ref idref="oc-63e"/>
      </symbol>
      <symbol id="sm-b18">
         <name>__aeabi_stderr</name>
         <value>0x20017d84</value>
         <object_component_ref idref="oc-63e"/>
      </symbol>
      <symbol id="sm-b19">
         <name>__aeabi_stdin</name>
         <value>0x20017d7c</value>
         <object_component_ref idref="oc-63e"/>
      </symbol>
      <symbol id="sm-b1a">
         <name>_ftable</name>
         <value>0x20017ae8</value>
         <object_component_ref idref="oc-35c"/>
      </symbol>
      <symbol id="sm-b1b">
         <name>__TI_ft_end</name>
         <value>0x20017d78</value>
         <object_component_ref idref="oc-63e"/>
      </symbol>
      <symbol id="sm-b2b">
         <name>memccpy</name>
         <value>0x2000a4ad</value>
         <object_component_ref idref="oc-470"/>
      </symbol>
      <symbol id="sm-b3b">
         <name>memchr</name>
         <value>0x2000a30d</value>
         <object_component_ref idref="oc-578"/>
      </symbol>
      <symbol id="sm-b4c">
         <name>memmove</name>
         <value>0x2000a1cd</value>
         <object_component_ref idref="oc-207"/>
      </symbol>
      <symbol id="sm-bea">
         <name>_sys_memory</name>
         <value>0x20017000</value>
         <object_component_ref idref="oc-23"/>
      </symbol>
      <symbol id="sm-beb">
         <name>free</name>
         <value>0x2000827d</value>
         <object_component_ref idref="oc-219"/>
      </symbol>
      <symbol id="sm-bec">
         <name>realloc</name>
         <value>0x20008361</value>
         <object_component_ref idref="oc-213"/>
      </symbol>
      <symbol id="sm-bed">
         <name>memalign</name>
         <value>0x20008081</value>
         <object_component_ref idref="oc-3b4"/>
      </symbol>
      <symbol id="sm-bee">
         <name>malloc</name>
         <value>0x2000a735</value>
         <object_component_ref idref="oc-20d"/>
      </symbol>
      <symbol id="sm-bef">
         <name>aligned_alloc</name>
         <value>0x20008081</value>
         <object_component_ref idref="oc-3b4"/>
      </symbol>
      <symbol id="sm-bff">
         <name>strchr</name>
         <value>0x2000a64b</value>
         <object_component_ref idref="oc-54c"/>
      </symbol>
      <symbol id="sm-c0d">
         <name>strlen</name>
         <value>0x2000a6b1</value>
         <object_component_ref idref="oc-201"/>
      </symbol>
      <symbol id="sm-c1f">
         <name>__stack</name>
         <value>0x2002f800</value>
         <object_component_ref idref="oc-26"/>
      </symbol>
      <symbol id="sm-c20">
         <name>_c_int00_noargs</name>
         <value>0x2000a265</value>
         <object_component_ref idref="oc-5b"/>
      </symbol>
      <symbol id="sm-c3a">
         <name>write</name>
         <value>0x2000a1f5</value>
         <object_component_ref idref="oc-584"/>
      </symbol>
      <symbol id="sm-c4b">
         <name>_stream</name>
         <value>0x20017cfc</value>
         <object_component_ref idref="oc-5ed"/>
      </symbol>
      <symbol id="sm-c4c">
         <name>_device</name>
         <value>0x20017c84</value>
         <object_component_ref idref="oc-622"/>
      </symbol>
      <symbol id="sm-c62">
         <name>__aeabi_errno_addr</name>
         <value>0x2000a72d</value>
         <object_component_ref idref="oc-47c"/>
      </symbol>
      <symbol id="sm-c63">
         <name>errno</name>
         <value>0x20017db0</value>
         <object_component_ref idref="oc-55c"/>
      </symbol>
      <symbol id="sm-c7c">
         <name>wcslen</name>
         <value>0x2000a6e9</value>
         <object_component_ref idref="oc-476"/>
      </symbol>
      <symbol id="sm-c9c">
         <name>frexpl</name>
         <value>0x200096a1</value>
         <object_component_ref idref="oc-540"/>
      </symbol>
      <symbol id="sm-c9d">
         <name>frexp</name>
         <value>0x200096a1</value>
         <object_component_ref idref="oc-540"/>
      </symbol>
      <symbol id="sm-cbb">
         <name>scalbn</name>
         <value>0x200085f1</value>
         <object_component_ref idref="oc-546"/>
      </symbol>
      <symbol id="sm-cbc">
         <name>scalbnl</name>
         <value>0x200085f1</value>
         <object_component_ref idref="oc-546"/>
      </symbol>
      <symbol id="sm-cbd">
         <name>ldexpl</name>
         <value>0x200085f1</value>
         <object_component_ref idref="oc-546"/>
      </symbol>
      <symbol id="sm-cbe">
         <name>ldexp</name>
         <value>0x200085f1</value>
         <object_component_ref idref="oc-546"/>
      </symbol>
      <symbol id="sm-cce">
         <name>__TI_doflush</name>
         <value>0x200099f1</value>
         <object_component_ref idref="oc-57e"/>
      </symbol>
      <symbol id="sm-cde">
         <name>__TI_cleanup</name>
         <value>0x20009f25</value>
         <object_component_ref idref="oc-60f"/>
      </symbol>
      <symbol id="sm-cf0">
         <name>fseek</name>
         <value>0x2000951d</value>
         <object_component_ref idref="oc-5db"/>
      </symbol>
      <symbol id="sm-cfa">
         <name>__aeabi_idiv0</name>
         <value>0x20007787</value>
         <object_component_ref idref="oc-5a6"/>
      </symbol>
      <symbol id="sm-cfb">
         <name>__aeabi_ldiv0</name>
         <value>0x20007787</value>
         <object_component_ref idref="oc-5a6"/>
      </symbol>
      <symbol id="sm-d23">
         <name>__TI_auto_init_nobinit_nopinit</name>
         <value>0x20009cfd</value>
         <object_component_ref idref="oc-1b9"/>
      </symbol>
      <symbol id="sm-d2d">
         <name>_system_pre_init</name>
         <value>0x2000a74b</value>
         <object_component_ref idref="oc-91"/>
      </symbol>
      <symbol id="sm-d40">
         <name>HOSTclose</name>
         <value>0x20009ba9</value>
         <object_component_ref idref="oc-64a"/>
      </symbol>
      <symbol id="sm-d51">
         <name>HOSTlseek</name>
         <value>0x2000937d</value>
         <object_component_ref idref="oc-65c"/>
      </symbol>
      <symbol id="sm-d63">
         <name>parmbuf</name>
         <value>0x20017ad4</value>
      </symbol>
      <symbol id="sm-d64">
         <name>HOSTopen</name>
         <value>0x200095e5</value>
         <object_component_ref idref="oc-644"/>
      </symbol>
      <symbol id="sm-d75">
         <name>HOSTread</name>
         <value>0x200096fd</value>
         <object_component_ref idref="oc-650"/>
      </symbol>
      <symbol id="sm-d86">
         <name>HOSTrename</name>
         <value>0x20009311</value>
         <object_component_ref idref="oc-668"/>
      </symbol>
      <symbol id="sm-d97">
         <name>HOSTunlink</name>
         <value>0x20009bed</value>
         <object_component_ref idref="oc-662"/>
      </symbol>
      <symbol id="sm-da8">
         <name>HOSTwrite</name>
         <value>0x20009755</value>
         <object_component_ref idref="oc-656"/>
      </symbol>
      <symbol id="sm-dcc">
         <name>__TI_readmsg</name>
         <value>0x20009f59</value>
         <object_component_ref idref="oc-68b"/>
      </symbol>
      <symbol id="sm-dcd">
         <name>C$$IO$$</name>
         <value>0x20009eaf</value>
         <object_component_ref idref="oc-685"/>
      </symbol>
      <symbol id="sm-dce">
         <name>__CIOBUF_</name>
         <value>0x20017800</value>
         <object_component_ref idref="oc-6b3"/>
      </symbol>
      <symbol id="sm-dcf">
         <name>__TI_writemsg</name>
         <value>0x20009e81</value>
         <object_component_ref idref="oc-685"/>
      </symbol>
      <symbol id="sm-de0">
         <name>lseek</name>
         <value>0x2000a1a5</value>
         <object_component_ref idref="oc-607"/>
      </symbol>
      <symbol id="sm-dea">
         <name>copysign</name>
         <value>0x2000a717</value>
         <object_component_ref idref="oc-5bf"/>
      </symbol>
      <symbol id="sm-deb">
         <name>copysignl</name>
         <value>0x2000a717</value>
         <object_component_ref idref="oc-5bf"/>
      </symbol>
      <symbol id="sm-e00">
         <name>__TI_closefile</name>
         <value>0x2000914d</value>
         <object_component_ref idref="oc-638"/>
      </symbol>
      <symbol id="sm-e23">
         <name>finddevice</name>
         <value>0x2000a01d</value>
         <object_component_ref idref="oc-6d1"/>
      </symbol>
      <symbol id="sm-e24">
         <name>getdevice</name>
         <value>0x20009d41</value>
         <object_component_ref idref="oc-6a9"/>
      </symbol>
      <symbol id="sm-e33">
         <name>strcmp</name>
         <value>0x2000a607</value>
         <object_component_ref idref="oc-6e8"/>
      </symbol>
      <symbol id="sm-e41">
         <name>strcpy</name>
         <value>0x2000a69d</value>
         <object_component_ref idref="oc-69f"/>
      </symbol>
      <symbol id="sm-e51">
         <name>strncpy</name>
         <value>0x20009eef</value>
         <object_component_ref idref="oc-6cb"/>
      </symbol>
      <symbol id="sm-e66">
         <name>close</name>
         <value>0x20009645</value>
         <object_component_ref idref="oc-674"/>
      </symbol>
      <symbol id="sm-e76">
         <name>unlink</name>
         <value>0x2000a0a9</value>
         <object_component_ref idref="oc-67a"/>
      </symbol>
      <symbol id="sm-e77">
         <name>__TI_static_base__</name>
         <value>0x2000b058</value>
      </symbol>
      <symbol id="sm-e7a">
         <name>__mpu_init</name>
         <value>0x0</value>
      </symbol>
      <symbol id="sm-e7b">
         <name>_system_post_cinit</name>
         <value>0x0</value>
      </symbol>
      <symbol id="sm-e7c">
         <name>remove</name>
         <value>0x2000a0a9</value>
      </symbol>
   </symbol_table>
   <title>Link successful</title>
</link_info>
