<?xml version="1.0" encoding="ISO-8859-1" ?>
<link_info>
   <banner>TI ARM Linker Unix v20.2.7.LTS</banner>
   <copyright>Copyright (c) 1996-2018 Texas Instruments Incorporated</copyright>
   <link_time>0x68428a88</link_time>
   <link_errors>0x0</link_errors>
   <output_file>traversal-demo.out</output_file>
   <entry_point>
      <name>_c_int00_noargs</name>
      <address>0x20009551</address>
   </entry_point>
   <input_file_list>
      <input_file id="fl-1">
         <path>./</path>
         <kind>object</kind>
         <file>Adafruit_GFX.obj</file>
         <name>Adafruit_GFX.obj</name>
      </input_file>
      <input_file id="fl-2">
         <path>./</path>
         <kind>object</kind>
         <file>Adafruit_OLED.obj</file>
         <name>Adafruit_OLED.obj</name>
      </input_file>
      <input_file id="fl-3">
         <path>./</path>
         <kind>object</kind>
         <file>gpio_if.obj</file>
         <name>gpio_if.obj</name>
      </input_file>
      <input_file id="fl-4">
         <path>./</path>
         <kind>object</kind>
         <file>main.obj</file>
         <name>main.obj</name>
      </input_file>
      <input_file id="fl-5">
         <path>./</path>
         <kind>object</kind>
         <file>map_bitmap.obj</file>
         <name>map_bitmap.obj</name>
      </input_file>
      <input_file id="fl-6">
         <path>./</path>
         <kind>object</kind>
         <file>oled_test.obj</file>
         <name>oled_test.obj</name>
      </input_file>
      <input_file id="fl-7">
         <path>./</path>
         <kind>object</kind>
         <file>pin_mux_config.obj</file>
         <name>pin_mux_config.obj</name>
      </input_file>
      <input_file id="fl-8">
         <path>./</path>
         <kind>object</kind>
         <file>startup_ccs.obj</file>
         <name>startup_ccs.obj</name>
      </input_file>
      <input_file id="fl-9">
         <path>./</path>
         <kind>object</kind>
         <file>tiles.obj</file>
         <name>tiles.obj</name>
      </input_file>
      <input_file id="fl-a">
         <path>./</path>
         <kind>object</kind>
         <file>timer_if.obj</file>
         <name>timer_if.obj</name>
      </input_file>
      <input_file id="fl-b">
         <path>./</path>
         <kind>object</kind>
         <file>uart_if.obj</file>
         <name>uart_if.obj</name>
      </input_file>
      <input_file id="fl-10">
         <kind>object</kind>
         <file>&lt;internal&gt;</file>
         <name>&lt;internal&gt;</name>
      </input_file>
      <input_file id="fl-11">
         <path>/Applications/TI/lib/cc3200sdk_1.5.0/cc3200-sdk/driverlib/ccs/Release/</path>
         <kind>archive</kind>
         <file>driverlib.a</file>
         <name>gpio.obj</name>
      </input_file>
      <input_file id="fl-12">
         <path>/Applications/TI/lib/cc3200sdk_1.5.0/cc3200-sdk/driverlib/ccs/Release/</path>
         <kind>archive</kind>
         <file>driverlib.a</file>
         <name>interrupt.obj</name>
      </input_file>
      <input_file id="fl-13">
         <path>/Applications/TI/lib/cc3200sdk_1.5.0/cc3200-sdk/driverlib/ccs/Release/</path>
         <kind>archive</kind>
         <file>driverlib.a</file>
         <name>pin.obj</name>
      </input_file>
      <input_file id="fl-14">
         <path>/Applications/TI/lib/cc3200sdk_1.5.0/cc3200-sdk/driverlib/ccs/Release/</path>
         <kind>archive</kind>
         <file>driverlib.a</file>
         <name>prcm.obj</name>
      </input_file>
      <input_file id="fl-15">
         <path>/Applications/TI/lib/cc3200sdk_1.5.0/cc3200-sdk/driverlib/ccs/Release/</path>
         <kind>archive</kind>
         <file>driverlib.a</file>
         <name>spi.obj</name>
      </input_file>
      <input_file id="fl-16">
         <path>/Applications/TI/lib/cc3200sdk_1.5.0/cc3200-sdk/driverlib/ccs/Release/</path>
         <kind>archive</kind>
         <file>driverlib.a</file>
         <name>timer.obj</name>
      </input_file>
      <input_file id="fl-17">
         <path>/Applications/TI/lib/cc3200sdk_1.5.0/cc3200-sdk/driverlib/ccs/Release/</path>
         <kind>archive</kind>
         <file>driverlib.a</file>
         <name>uart.obj</name>
      </input_file>
      <input_file id="fl-18">
         <path>/Applications/TI/lib/cc3200sdk_1.5.0/cc3200-sdk/driverlib/ccs/Release/</path>
         <kind>archive</kind>
         <file>driverlib.a</file>
         <name>utils.obj</name>
      </input_file>
      <input_file id="fl-19">
         <path>/Applications/TI/lib/cc3200sdk_1.5.0/cc3200-sdk/driverlib/ccs/Release/</path>
         <kind>archive</kind>
         <file>driverlib.a</file>
         <name>cpu.obj</name>
      </input_file>
      <input_file id="fl-1a">
         <path>/Applications/TI/lib/cc3200sdk_1.5.0/cc3200-sdk/driverlib/ccs/Release/</path>
         <kind>archive</kind>
         <file>driverlib.a</file>
         <name>flash.obj</name>
      </input_file>
      <input_file id="fl-d0">
         <path>/Applications/TI/ccs/tools/compiler/ti-cgt-arm_20.2.7.LTS/lib/</path>
         <kind>archive</kind>
         <file>rtsv7M4_T_le_eabi.lib</file>
         <name>vsnprintf.c.obj</name>
      </input_file>
      <input_file id="fl-d1">
         <path>/Applications/TI/ccs/tools/compiler/ti-cgt-arm_20.2.7.LTS/lib/</path>
         <kind>archive</kind>
         <file>rtsv7M4_T_le_eabi.lib</file>
         <name>memcpy_t2.asm.obj</name>
      </input_file>
      <input_file id="fl-d2">
         <path>/Applications/TI/ccs/tools/compiler/ti-cgt-arm_20.2.7.LTS/lib/</path>
         <kind>archive</kind>
         <file>rtsv7M4_T_le_eabi.lib</file>
         <name>ull_div_t2.asm.obj</name>
      </input_file>
      <input_file id="fl-d3">
         <path>/Applications/TI/ccs/tools/compiler/ti-cgt-arm_20.2.7.LTS/lib/</path>
         <kind>archive</kind>
         <file>rtsv7M4_T_le_eabi.lib</file>
         <name>copy_zero_init.c.obj</name>
      </input_file>
      <input_file id="fl-d4">
         <path>/Applications/TI/ccs/tools/compiler/ti-cgt-arm_20.2.7.LTS/lib/</path>
         <kind>archive</kind>
         <file>rtsv7M4_T_le_eabi.lib</file>
         <name>copy_decompress_none.c.obj</name>
      </input_file>
      <input_file id="fl-d5">
         <path>/Applications/TI/ccs/tools/compiler/ti-cgt-arm_20.2.7.LTS/lib/</path>
         <kind>archive</kind>
         <file>rtsv7M4_T_le_eabi.lib</file>
         <name>copy_decompress_lzss.c.obj</name>
      </input_file>
      <input_file id="fl-d6">
         <path>/Applications/TI/ccs/tools/compiler/ti-cgt-arm_20.2.7.LTS/lib/</path>
         <kind>archive</kind>
         <file>rtsv7M4_T_le_eabi.lib</file>
         <name>memmov.c.obj</name>
      </input_file>
      <input_file id="fl-d7">
         <path>/Applications/TI/ccs/tools/compiler/ti-cgt-arm_20.2.7.LTS/lib/</path>
         <kind>archive</kind>
         <file>rtsv7M4_T_le_eabi.lib</file>
         <name>memory.c.obj</name>
      </input_file>
      <input_file id="fl-d8">
         <path>/Applications/TI/ccs/tools/compiler/ti-cgt-arm_20.2.7.LTS/lib/</path>
         <kind>archive</kind>
         <file>rtsv7M4_T_le_eabi.lib</file>
         <name>strlen.c.obj</name>
      </input_file>
      <input_file id="fl-d9">
         <path>/Applications/TI/ccs/tools/compiler/ti-cgt-arm_20.2.7.LTS/lib/</path>
         <kind>archive</kind>
         <file>rtsv7M4_T_le_eabi.lib</file>
         <name>boot_cortex_m.c.obj</name>
      </input_file>
      <input_file id="fl-da">
         <path>/Applications/TI/ccs/tools/compiler/ti-cgt-arm_20.2.7.LTS/lib/</path>
         <kind>archive</kind>
         <file>rtsv7M4_T_le_eabi.lib</file>
         <name>_printfi.c.obj</name>
      </input_file>
      <input_file id="fl-db">
         <path>/Applications/TI/ccs/tools/compiler/ti-cgt-arm_20.2.7.LTS/lib/</path>
         <kind>archive</kind>
         <file>rtsv7M4_T_le_eabi.lib</file>
         <name>div0.asm.obj</name>
      </input_file>
      <input_file id="fl-dc">
         <path>/Applications/TI/ccs/tools/compiler/ti-cgt-arm_20.2.7.LTS/lib/</path>
         <kind>archive</kind>
         <file>rtsv7M4_T_le_eabi.lib</file>
         <name>fd_add_t2.asm.obj</name>
      </input_file>
      <input_file id="fl-dd">
         <path>/Applications/TI/ccs/tools/compiler/ti-cgt-arm_20.2.7.LTS/lib/</path>
         <kind>archive</kind>
         <file>rtsv7M4_T_le_eabi.lib</file>
         <name>fd_cmp_t2.asm.obj</name>
      </input_file>
      <input_file id="fl-de">
         <path>/Applications/TI/ccs/tools/compiler/ti-cgt-arm_20.2.7.LTS/lib/</path>
         <kind>archive</kind>
         <file>rtsv7M4_T_le_eabi.lib</file>
         <name>fd_div_t2.asm.obj</name>
      </input_file>
      <input_file id="fl-df">
         <path>/Applications/TI/ccs/tools/compiler/ti-cgt-arm_20.2.7.LTS/lib/</path>
         <kind>archive</kind>
         <file>rtsv7M4_T_le_eabi.lib</file>
         <name>fd_mul_t2.asm.obj</name>
      </input_file>
      <input_file id="fl-e0">
         <path>/Applications/TI/ccs/tools/compiler/ti-cgt-arm_20.2.7.LTS/lib/</path>
         <kind>archive</kind>
         <file>rtsv7M4_T_le_eabi.lib</file>
         <name>fd_toi_t2.asm.obj</name>
      </input_file>
      <input_file id="fl-e1">
         <path>/Applications/TI/ccs/tools/compiler/ti-cgt-arm_20.2.7.LTS/lib/</path>
         <kind>archive</kind>
         <file>rtsv7M4_T_le_eabi.lib</file>
         <name>i_tofd_t2.asm.obj</name>
      </input_file>
      <input_file id="fl-e2">
         <path>/Applications/TI/ccs/tools/compiler/ti-cgt-arm_20.2.7.LTS/lib/</path>
         <kind>archive</kind>
         <file>rtsv7M4_T_le_eabi.lib</file>
         <name>memset_t2.asm.obj</name>
      </input_file>
      <input_file id="fl-e3">
         <path>/Applications/TI/ccs/tools/compiler/ti-cgt-arm_20.2.7.LTS/lib/</path>
         <kind>archive</kind>
         <file>rtsv7M4_T_le_eabi.lib</file>
         <name>autoinit.c.obj</name>
      </input_file>
      <input_file id="fl-e4">
         <path>/Applications/TI/ccs/tools/compiler/ti-cgt-arm_20.2.7.LTS/lib/</path>
         <kind>archive</kind>
         <file>rtsv7M4_T_le_eabi.lib</file>
         <name>pre_init.c.obj</name>
      </input_file>
      <input_file id="fl-e5">
         <path>/Applications/TI/ccs/tools/compiler/ti-cgt-arm_20.2.7.LTS/lib/</path>
         <kind>archive</kind>
         <file>rtsv7M4_T_le_eabi.lib</file>
         <name>cpy_tbl.c.obj</name>
      </input_file>
      <input_file id="fl-e6">
         <path>/Applications/TI/ccs/tools/compiler/ti-cgt-arm_20.2.7.LTS/lib/</path>
         <kind>archive</kind>
         <file>rtsv7M4_T_le_eabi.lib</file>
         <name>exit.c.obj</name>
      </input_file>
      <input_file id="fl-e7">
         <path>/Applications/TI/ccs/tools/compiler/ti-cgt-arm_20.2.7.LTS/lib/</path>
         <kind>archive</kind>
         <file>rtsv7M4_T_le_eabi.lib</file>
         <name>_lock.c.obj</name>
      </input_file>
      <input_file id="fl-e8">
         <path>/Applications/TI/ccs/tools/compiler/ti-cgt-arm_20.2.7.LTS/lib/</path>
         <kind>archive</kind>
         <file>rtsv7M4_T_le_eabi.lib</file>
         <name>_ltoa.c.obj</name>
      </input_file>
      <input_file id="fl-e9">
         <path>/Applications/TI/ccs/tools/compiler/ti-cgt-arm_20.2.7.LTS/lib/</path>
         <kind>archive</kind>
         <file>rtsv7M4_T_le_eabi.lib</file>
         <name>args_main.c.obj</name>
      </input_file>
      <input_file id="fl-ea">
         <path>/Applications/TI/ccs/tools/compiler/ti-cgt-arm_20.2.7.LTS/lib/</path>
         <kind>archive</kind>
         <file>rtsv7M4_T_le_eabi.lib</file>
         <name>atoi.c.obj</name>
      </input_file>
      <input_file id="fl-eb">
         <path>/Applications/TI/ccs/tools/compiler/ti-cgt-arm_20.2.7.LTS/lib/</path>
         <kind>archive</kind>
         <file>rtsv7M4_T_le_eabi.lib</file>
         <name>ctype.c.obj</name>
      </input_file>
      <input_file id="fl-ec">
         <path>/Applications/TI/ccs/tools/compiler/ti-cgt-arm_20.2.7.LTS/lib/</path>
         <kind>archive</kind>
         <file>rtsv7M4_T_le_eabi.lib</file>
         <name>memccpy.c.obj</name>
      </input_file>
      <input_file id="fl-ed">
         <path>/Applications/TI/ccs/tools/compiler/ti-cgt-arm_20.2.7.LTS/lib/</path>
         <kind>archive</kind>
         <file>rtsv7M4_T_le_eabi.lib</file>
         <name>strchr.c.obj</name>
      </input_file>
      <input_file id="fl-ee">
         <path>/Applications/TI/ccs/tools/compiler/ti-cgt-arm_20.2.7.LTS/lib/</path>
         <kind>archive</kind>
         <file>rtsv7M4_T_le_eabi.lib</file>
         <name>errno.c.obj</name>
      </input_file>
      <input_file id="fl-ef">
         <path>/Applications/TI/ccs/tools/compiler/ti-cgt-arm_20.2.7.LTS/lib/</path>
         <kind>archive</kind>
         <file>rtsv7M4_T_le_eabi.lib</file>
         <name>wcslen.c.obj</name>
      </input_file>
      <input_file id="fl-f0">
         <path>/Applications/TI/ccs/tools/compiler/ti-cgt-arm_20.2.7.LTS/lib/</path>
         <kind>archive</kind>
         <file>rtsv7M4_T_le_eabi.lib</file>
         <name>s_frexp.c.obj</name>
      </input_file>
      <input_file id="fl-f1">
         <path>/Applications/TI/ccs/tools/compiler/ti-cgt-arm_20.2.7.LTS/lib/</path>
         <kind>archive</kind>
         <file>rtsv7M4_T_le_eabi.lib</file>
         <name>s_scalbn.c.obj</name>
      </input_file>
      <input_file id="fl-f2">
         <path>/Applications/TI/ccs/tools/compiler/ti-cgt-arm_20.2.7.LTS/lib/</path>
         <kind>archive</kind>
         <file>rtsv7M4_T_le_eabi.lib</file>
         <name>s_copysign.c.obj</name>
      </input_file>
   </input_file_list>
   <object_component_list>
      <object_component id="oc-12">
         <name>.intvecs</name>
         <load_address>0x20004000</load_address>
         <run_address>0x20004000</run_address>
         <size>0x400</size>
         <input_file_ref idref="fl-8"/>
      </object_component>
      <object_component id="oc-113">
         <name>.text</name>
         <load_address>0x20004400</load_address>
         <run_address>0x20004400</run_address>
         <size>0xa80</size>
         <input_file_ref idref="fl-1"/>
      </object_component>
      <object_component id="oc-399">
         <name>.text:__TI_printfi</name>
         <load_address>0x20004e80</load_address>
         <run_address>0x20004e80</run_address>
         <size>0xa4e</size>
         <input_file_ref idref="fl-da"/>
      </object_component>
      <object_component id="oc-4e3">
         <name>.text:IntDefaultHandler</name>
         <load_address>0x200058ce</load_address>
         <run_address>0x200058ce</run_address>
         <size>0x2</size>
         <input_file_ref idref="fl-12"/>
      </object_component>
      <object_component id="oc-97">
         <name>.text</name>
         <load_address>0x200058d0</load_address>
         <run_address>0x200058d0</run_address>
         <size>0xa3c</size>
         <input_file_ref idref="fl-4"/>
      </object_component>
      <object_component id="oc-10d">
         <name>.text</name>
         <load_address>0x2000630c</load_address>
         <run_address>0x2000630c</run_address>
         <size>0x4a6</size>
         <input_file_ref idref="fl-2"/>
      </object_component>
      <object_component id="oc-460">
         <name>.text:_nop</name>
         <load_address>0x200067b2</load_address>
         <run_address>0x200067b2</run_address>
         <size>0x2</size>
         <input_file_ref idref="fl-e7"/>
      </object_component>
      <object_component id="oc-1a0">
         <name>.text</name>
         <load_address>0x200067b4</load_address>
         <run_address>0x200067b4</run_address>
         <size>0x398</size>
         <input_file_ref idref="fl-3"/>
      </object_component>
      <object_component id="oc-dd">
         <name>.text</name>
         <load_address>0x20006b4c</load_address>
         <run_address>0x20006b4c</run_address>
         <size>0x27c</size>
         <input_file_ref idref="fl-b"/>
      </object_component>
      <object_component id="oc-4a4">
         <name>.text:_pconv_a</name>
         <load_address>0x20006dc8</load_address>
         <run_address>0x20006dc8</run_address>
         <size>0x268</size>
         <input_file_ref idref="fl-da"/>
      </object_component>
      <object_component id="oc-492">
         <name>.text:_pconv_g</name>
         <load_address>0x20007030</load_address>
         <run_address>0x20007030</run_address>
         <size>0x1cc</size>
         <input_file_ref idref="fl-da"/>
      </object_component>
      <object_component id="oc-52d">
         <name>.text</name>
         <load_address>0x200071fc</load_address>
         <run_address>0x200071fc</run_address>
         <size>0x1b6</size>
         <input_file_ref idref="fl-dc"/>
      </object_component>
      <object_component id="oc-586">
         <name>.text</name>
         <load_address>0x200073b2</load_address>
         <run_address>0x200073b2</run_address>
         <size>0x2</size>
         <input_file_ref idref="fl-db"/>
      </object_component>
      <object_component id="oc-119">
         <name>.text</name>
         <load_address>0x200073b4</load_address>
         <run_address>0x200073b4</run_address>
         <size>0x198</size>
         <input_file_ref idref="fl-a"/>
      </object_component>
      <object_component id="oc-161">
         <name>.text:PRCMCC3200MCUInit</name>
         <load_address>0x2000754c</load_address>
         <run_address>0x2000754c</run_address>
         <size>0x178</size>
         <input_file_ref idref="fl-14"/>
      </object_component>
      <object_component id="oc-194">
         <name>.text</name>
         <load_address>0x200076c4</load_address>
         <run_address>0x200076c4</run_address>
         <size>0x140</size>
         <input_file_ref idref="fl-7"/>
      </object_component>
      <object_component id="oc-49e">
         <name>.text:_pconv_e</name>
         <load_address>0x20007804</load_address>
         <run_address>0x20007804</run_address>
         <size>0x13c</size>
         <input_file_ref idref="fl-da"/>
      </object_component>
      <object_component id="oc-513">
         <name>.text</name>
         <load_address>0x20007940</load_address>
         <run_address>0x20007940</run_address>
         <size>0x136</size>
         <input_file_ref idref="fl-de"/>
      </object_component>
      <object_component id="oc-53f">
         <name>.text:fcvt</name>
         <load_address>0x20007a78</load_address>
         <run_address>0x20007a78</run_address>
         <size>0x120</size>
         <input_file_ref idref="fl-da"/>
      </object_component>
      <object_component id="oc-3bb">
         <name>.text:aligned_alloc</name>
         <load_address>0x20007b98</load_address>
         <run_address>0x20007b98</run_address>
         <size>0x100</size>
         <input_file_ref idref="fl-d7"/>
      </object_component>
      <object_component id="oc-50e">
         <name>.text</name>
         <load_address>0x20007c98</load_address>
         <run_address>0x20007c98</run_address>
         <size>0xfc</size>
         <input_file_ref idref="fl-df"/>
      </object_component>
      <object_component id="oc-219">
         <name>.text:free</name>
         <load_address>0x20007d94</load_address>
         <run_address>0x20007d94</run_address>
         <size>0xe4</size>
         <input_file_ref idref="fl-d7"/>
      </object_component>
      <object_component id="oc-213">
         <name>.text:realloc</name>
         <load_address>0x20007e78</load_address>
         <run_address>0x20007e78</run_address>
         <size>0xe4</size>
         <input_file_ref idref="fl-d7"/>
      </object_component>
      <object_component id="oc-23e">
         <name>.text:SPITransfer32</name>
         <load_address>0x20007f5c</load_address>
         <run_address>0x20007f5c</run_address>
         <size>0xd0</size>
         <input_file_ref idref="fl-15"/>
      </object_component>
      <object_component id="oc-553">
         <name>.text:scalbn</name>
         <load_address>0x2000802c</load_address>
         <run_address>0x2000802c</run_address>
         <size>0xd0</size>
         <input_file_ref idref="fl-f1"/>
      </object_component>
      <object_component id="oc-238">
         <name>.text:SPITransfer16</name>
         <load_address>0x200080fc</load_address>
         <run_address>0x200080fc</run_address>
         <size>0xce</size>
         <input_file_ref idref="fl-15"/>
      </object_component>
      <object_component id="oc-232">
         <name>.text:SPITransfer8</name>
         <load_address>0x200081ca</load_address>
         <run_address>0x200081ca</run_address>
         <size>0xb8</size>
         <input_file_ref idref="fl-15"/>
      </object_component>
      <object_component id="oc-487">
         <name>.text:_ltostr</name>
         <load_address>0x20008284</load_address>
         <run_address>0x20008284</run_address>
         <size>0xb1</size>
         <input_file_ref idref="fl-da"/>
      </object_component>
      <object_component id="oc-408">
         <name>.text:IntDisable</name>
         <load_address>0x20008338</load_address>
         <run_address>0x20008338</run_address>
         <size>0xa8</size>
         <input_file_ref idref="fl-12"/>
      </object_component>
      <object_component id="oc-15b">
         <name>.text:IntEnable</name>
         <load_address>0x200083e0</load_address>
         <run_address>0x200083e0</run_address>
         <size>0xa8</size>
         <input_file_ref idref="fl-12"/>
      </object_component>
      <object_component id="oc-ef">
         <name>.text:SPIConfigSetExpClk</name>
         <load_address>0x20008488</load_address>
         <run_address>0x20008488</run_address>
         <size>0xa0</size>
         <input_file_ref idref="fl-15"/>
      </object_component>
      <object_component id="oc-3d">
         <name>.text</name>
         <load_address>0x20008528</load_address>
         <run_address>0x20008528</run_address>
         <size>0x9c</size>
         <input_file_ref idref="fl-d1"/>
      </object_component>
      <object_component id="oc-507">
         <name>.text</name>
         <load_address>0x200085c4</load_address>
         <run_address>0x200085c4</run_address>
         <size>0x96</size>
         <input_file_ref idref="fl-d2"/>
      </object_component>
      <object_component id="oc-e9">
         <name>.text:PRCMPeripheralClockGet</name>
         <load_address>0x2000865c</load_address>
         <run_address>0x2000865c</run_address>
         <size>0x94</size>
         <input_file_ref idref="fl-14"/>
      </object_component>
      <object_component id="oc-444">
         <name>.text:PinConfigSet</name>
         <load_address>0x200086f0</load_address>
         <run_address>0x200086f0</run_address>
         <size>0x88</size>
         <input_file_ref idref="fl-13"/>
      </object_component>
      <object_component id="oc-fb">
         <name>.text:SPITransfer</name>
         <load_address>0x20008778</load_address>
         <run_address>0x20008778</run_address>
         <size>0x88</size>
         <input_file_ref idref="fl-15"/>
      </object_component>
      <object_component id="oc-48d">
         <name>.text:__aeabi_cdcmple</name>
         <load_address>0x20008800</load_address>
         <run_address>0x20008800</run_address>
         <size>0x86</size>
         <input_file_ref idref="fl-dd"/>
      </object_component>
      <object_component id="oc-518">
         <name>.text:__aeabi_cdrcmple</name>
         <load_address>0x20008886</load_address>
         <run_address>0x20008886</run_address>
         <size>0x86</size>
         <input_file_ref idref="fl-dd"/>
      </object_component>
      <object_component id="oc-354">
         <name>.text:GPIOIntTypeSet</name>
         <load_address>0x2000890c</load_address>
         <run_address>0x2000890c</run_address>
         <size>0x82</size>
         <input_file_ref idref="fl-11"/>
      </object_component>
      <object_component id="oc-c5">
         <name>.text:SPIIntStatus</name>
         <load_address>0x20008990</load_address>
         <run_address>0x20008990</run_address>
         <size>0x7c</size>
         <input_file_ref idref="fl-15"/>
      </object_component>
      <object_component id="oc-8b">
         <name>.text</name>
         <load_address>0x20008a0c</load_address>
         <run_address>0x20008a0c</run_address>
         <size>0x7a</size>
         <input_file_ref idref="fl-e2"/>
      </object_component>
      <object_component id="oc-16d">
         <name>.text:UARTConfigSetExpClk</name>
         <load_address>0x20008a86</load_address>
         <run_address>0x20008a86</run_address>
         <size>0x76</size>
         <input_file_ref idref="fl-17"/>
      </object_component>
      <object_component id="oc-287">
         <name>.text:TimerIntRegister</name>
         <load_address>0x20008afc</load_address>
         <run_address>0x20008afc</run_address>
         <size>0x70</size>
         <input_file_ref idref="fl-16"/>
      </object_component>
      <object_component id="oc-3c8">
         <name>.text:split</name>
         <load_address>0x20008b6c</load_address>
         <run_address>0x20008b6c</run_address>
         <size>0x70</size>
         <input_file_ref idref="fl-d7"/>
      </object_component>
      <object_component id="oc-538">
         <name>.text:_mcpy</name>
         <load_address>0x20008bdc</load_address>
         <run_address>0x20008bdc</run_address>
         <size>0x6e</size>
         <input_file_ref idref="fl-da"/>
      </object_component>
      <object_component id="oc-2b7">
         <name>.text:TimerIntUnregister</name>
         <load_address>0x20008c4c</load_address>
         <run_address>0x20008c4c</run_address>
         <size>0x68</size>
         <input_file_ref idref="fl-16"/>
      </object_component>
      <object_component id="oc-15">
         <name>.text:decompress:lzss:__TI_decompress_lzss</name>
         <load_address>0x20008cb4</load_address>
         <run_address>0x20008cb4</run_address>
         <size>0x68</size>
         <input_file_ref idref="fl-d5"/>
      </object_component>
      <object_component id="oc-54d">
         <name>.text:frexp</name>
         <load_address>0x20008d1c</load_address>
         <run_address>0x20008d1c</run_address>
         <size>0x5c</size>
         <input_file_ref idref="fl-f0"/>
      </object_component>
      <object_component id="oc-167">
         <name>.text:PRCMPeripheralReset</name>
         <load_address>0x20008d78</load_address>
         <run_address>0x20008d78</run_address>
         <size>0x58</size>
         <input_file_ref idref="fl-14"/>
      </object_component>
      <object_component id="oc-498">
         <name>.text:_pconv_f</name>
         <load_address>0x20008dd0</load_address>
         <run_address>0x20008dd0</run_address>
         <size>0x56</size>
         <input_file_ref idref="fl-da"/>
      </object_component>
      <object_component id="oc-281">
         <name>.text:IntPrioritySet</name>
         <load_address>0x20008e28</load_address>
         <run_address>0x20008e28</run_address>
         <size>0x54</size>
         <input_file_ref idref="fl-12"/>
      </object_component>
      <object_component id="oc-522">
         <name>.text:__TI_ltoa</name>
         <load_address>0x20008e7c</load_address>
         <run_address>0x20008e7c</run_address>
         <size>0x54</size>
         <input_file_ref idref="fl-e8"/>
      </object_component>
      <object_component id="oc-532">
         <name>.text:_ecpy</name>
         <load_address>0x20008ed0</load_address>
         <run_address>0x20008ed0</run_address>
         <size>0x52</size>
         <input_file_ref idref="fl-da"/>
      </object_component>
      <object_component id="oc-107">
         <name>.text:SPIIntEnable</name>
         <load_address>0x20008f24</load_address>
         <run_address>0x20008f24</run_address>
         <size>0x4c</size>
         <input_file_ref idref="fl-15"/>
      </object_component>
      <object_component id="oc-245">
         <name>.text:SPIIntNumberGet</name>
         <load_address>0x20008f70</load_address>
         <run_address>0x20008f70</run_address>
         <size>0x4c</size>
         <input_file_ref idref="fl-15"/>
      </object_component>
      <object_component id="oc-481">
         <name>.text:atoi</name>
         <load_address>0x20008fbc</load_address>
         <run_address>0x20008fbc</run_address>
         <size>0x4c</size>
         <input_file_ref idref="fl-ea"/>
      </object_component>
      <object_component id="oc-44f">
         <name>.text:GPIOGetIntNumber</name>
         <load_address>0x20009008</load_address>
         <run_address>0x20009008</run_address>
         <size>0x48</size>
         <input_file_ref idref="fl-11"/>
      </object_component>
      <object_component id="oc-cb">
         <name>.text:SPIIntClear</name>
         <load_address>0x20009050</load_address>
         <run_address>0x20009050</run_address>
         <size>0x48</size>
         <input_file_ref idref="fl-15"/>
      </object_component>
      <object_component id="oc-51d">
         <name>.text</name>
         <load_address>0x20009098</load_address>
         <run_address>0x20009098</run_address>
         <size>0x48</size>
         <input_file_ref idref="fl-e0"/>
      </object_component>
      <object_component id="oc-1e5">
         <name>.text:SPIDmaMaskGet</name>
         <load_address>0x200090e0</load_address>
         <run_address>0x200090e0</run_address>
         <size>0x44</size>
         <input_file_ref idref="fl-15"/>
      </object_component>
      <object_component id="oc-275">
         <name>.text:TimerConfigure</name>
         <load_address>0x20009124</load_address>
         <run_address>0x20009124</run_address>
         <size>0x44</size>
         <input_file_ref idref="fl-16"/>
      </object_component>
      <object_component id="oc-30a">
         <name>.text:UARTIntNumberGet</name>
         <load_address>0x20009168</load_address>
         <run_address>0x20009168</run_address>
         <size>0x44</size>
         <input_file_ref idref="fl-17"/>
      </object_component>
      <object_component id="oc-1b3">
         <name>.text:__TI_auto_init_nobinit_nopinit:__TI_auto_init_nobinit_nopinit</name>
         <load_address>0x200091ac</load_address>
         <run_address>0x200091ac</run_address>
         <size>0x44</size>
         <input_file_ref idref="fl-e3"/>
      </object_component>
      <object_component id="oc-334">
         <name>.text:PinModeSet</name>
         <load_address>0x200091f0</load_address>
         <run_address>0x200091f0</run_address>
         <size>0x40</size>
         <input_file_ref idref="fl-13"/>
      </object_component>
      <object_component id="oc-1fb">
         <name>.text:vsnprintf</name>
         <load_address>0x20009230</load_address>
         <run_address>0x20009230</run_address>
         <size>0x40</size>
         <input_file_ref idref="fl-d0"/>
      </object_component>
      <object_component id="oc-545">
         <name>.text:_fcpy</name>
         <load_address>0x20009270</load_address>
         <run_address>0x20009270</run_address>
         <size>0x3e</size>
         <input_file_ref idref="fl-da"/>
      </object_component>
      <object_component id="oc-19a">
         <name>.text:PRCMPeripheralClkEnable</name>
         <load_address>0x200092b0</load_address>
         <run_address>0x200092b0</run_address>
         <size>0x3c</size>
         <input_file_ref idref="fl-14"/>
      </object_component>
      <object_component id="oc-340">
         <name>.text:GPIODirModeSet</name>
         <load_address>0x200092ec</load_address>
         <run_address>0x200092ec</run_address>
         <size>0x36</size>
         <input_file_ref idref="fl-11"/>
      </object_component>
      <object_component id="oc-33a">
         <name>.text:PinTypeGPIO</name>
         <load_address>0x20009322</load_address>
         <run_address>0x20009322</run_address>
         <size>0x30</size>
         <input_file_ref idref="fl-13"/>
      </object_component>
      <object_component id="oc-303">
         <name>.text:UARTDisable</name>
         <load_address>0x20009354</load_address>
         <run_address>0x20009354</run_address>
         <size>0x30</size>
         <input_file_ref idref="fl-17"/>
      </object_component>
      <object_component id="oc-39f">
         <name>.text:_outs</name>
         <load_address>0x20009384</load_address>
         <run_address>0x20009384</run_address>
         <size>0x30</size>
         <input_file_ref idref="fl-d0"/>
      </object_component>
      <object_component id="oc-528">
         <name>.text</name>
         <load_address>0x200093b4</load_address>
         <run_address>0x200093b4</run_address>
         <size>0x2e</size>
         <input_file_ref idref="fl-e1"/>
      </object_component>
      <object_component id="oc-2e5">
         <name>.text:PRCMSysResetCauseGet</name>
         <load_address>0x200093e4</load_address>
         <run_address>0x200093e4</run_address>
         <size>0x2c</size>
         <input_file_ref idref="fl-14"/>
      </object_component>
      <object_component id="oc-d7">
         <name>.text:SPIDataGetNonBlocking</name>
         <load_address>0x20009410</load_address>
         <run_address>0x20009410</run_address>
         <size>0x2a</size>
         <input_file_ref idref="fl-15"/>
      </object_component>
      <object_component id="oc-29f">
         <name>.text:TimerLoadSet</name>
         <load_address>0x2000943a</load_address>
         <run_address>0x2000943a</run_address>
         <size>0x2a</size>
         <input_file_ref idref="fl-16"/>
      </object_component>
      <object_component id="oc-27b">
         <name>.text:TimerPrescaleSet</name>
         <load_address>0x20009464</load_address>
         <run_address>0x20009464</run_address>
         <size>0x2a</size>
         <input_file_ref idref="fl-16"/>
      </object_component>
      <object_component id="oc-2f7">
         <name>.text:PRCMPeripheralClkDisable</name>
         <load_address>0x20009490</load_address>
         <run_address>0x20009490</run_address>
         <size>0x28</size>
         <input_file_ref idref="fl-14"/>
      </object_component>
      <object_component id="oc-3cf">
         <name>.text:free_list_insert</name>
         <load_address>0x200094b8</load_address>
         <run_address>0x200094b8</run_address>
         <size>0x28</size>
         <input_file_ref idref="fl-d7"/>
      </object_component>
      <object_component id="oc-207">
         <name>.text:memmove</name>
         <load_address>0x200094e0</load_address>
         <run_address>0x200094e0</run_address>
         <size>0x28</size>
         <input_file_ref idref="fl-d6"/>
      </object_component>
      <object_component id="oc-40e">
         <name>.text:IntUnregister</name>
         <load_address>0x20009508</load_address>
         <run_address>0x20009508</run_address>
         <size>0x24</size>
         <input_file_ref idref="fl-12"/>
      </object_component>
      <object_component id="oc-185">
         <name>.text:UARTEnable</name>
         <load_address>0x2000952c</load_address>
         <run_address>0x2000952c</run_address>
         <size>0x24</size>
         <input_file_ref idref="fl-17"/>
      </object_component>
      <object_component id="oc-5b">
         <name>.text:_c_int00_noargs:_c_int00_noargs</name>
         <load_address>0x20009550</load_address>
         <run_address>0x20009550</run_address>
         <size>0x24</size>
         <input_file_ref idref="fl-d9"/>
      </object_component>
      <object_component id="oc-e3">
         <name>.text:SPIReset</name>
         <load_address>0x20009574</load_address>
         <run_address>0x20009574</run_address>
         <size>0x22</size>
         <input_file_ref idref="fl-15"/>
      </object_component>
      <object_component id="oc-253">
         <name>.text:GPIOPinWrite</name>
         <load_address>0x20009596</load_address>
         <run_address>0x20009596</run_address>
         <size>0x20</size>
         <input_file_ref idref="fl-11"/>
      </object_component>
      <object_component id="oc-24b">
         <name>.text:IntRegister</name>
         <load_address>0x200095b8</load_address>
         <run_address>0x200095b8</run_address>
         <size>0x20</size>
         <input_file_ref idref="fl-12"/>
      </object_component>
      <object_component id="oc-25f">
         <name>.text:SPIDataGet</name>
         <load_address>0x200095d8</load_address>
         <run_address>0x200095d8</run_address>
         <size>0x20</size>
         <input_file_ref idref="fl-15"/>
      </object_component>
      <object_component id="oc-35a">
         <name>.text:GPIOIntRegister</name>
         <load_address>0x200095f8</load_address>
         <run_address>0x200095f8</run_address>
         <size>0x1e</size>
         <input_file_ref idref="fl-11"/>
      </object_component>
      <object_component id="oc-d1">
         <name>.text:SPIDataPut</name>
         <load_address>0x20009616</load_address>
         <run_address>0x20009616</run_address>
         <size>0x1e</size>
         <input_file_ref idref="fl-15"/>
      </object_component>
      <object_component id="oc-101">
         <name>.text:SPIIntRegister</name>
         <load_address>0x20009634</load_address>
         <run_address>0x20009634</run_address>
         <size>0x1e</size>
         <input_file_ref idref="fl-15"/>
      </object_component>
      <object_component id="oc-2ab">
         <name>.text:TimerDisable</name>
         <load_address>0x20009652</load_address>
         <run_address>0x20009652</run_address>
         <size>0x1e</size>
         <input_file_ref idref="fl-16"/>
      </object_component>
      <object_component id="oc-2a5">
         <name>.text:TimerEnable</name>
         <load_address>0x20009670</load_address>
         <run_address>0x20009670</run_address>
         <size>0x1e</size>
         <input_file_ref idref="fl-16"/>
      </object_component>
      <object_component id="oc-293">
         <name>.text:TimerIntStatus</name>
         <load_address>0x2000968e</load_address>
         <run_address>0x2000968e</run_address>
         <size>0x1e</size>
         <input_file_ref idref="fl-16"/>
      </object_component>
      <object_component id="oc-1f5">
         <name>.text:UARTCharPut</name>
         <load_address>0x200096ac</load_address>
         <run_address>0x200096ac</run_address>
         <size>0x1e</size>
         <input_file_ref idref="fl-17"/>
      </object_component>
      <object_component id="oc-173">
         <name>.text:UARTIntRegister</name>
         <load_address>0x200096ca</load_address>
         <run_address>0x200096ca</run_address>
         <size>0x1e</size>
         <input_file_ref idref="fl-17"/>
      </object_component>
      <object_component id="oc-137">
         <name>.text:UARTIntStatus</name>
         <load_address>0x200096e8</load_address>
         <run_address>0x200096e8</run_address>
         <size>0x1e</size>
         <input_file_ref idref="fl-17"/>
      </object_component>
      <object_component id="oc-2bd">
         <name>.text:TimerValueGet</name>
         <load_address>0x20009706</load_address>
         <run_address>0x20009706</run_address>
         <size>0x1c</size>
         <input_file_ref idref="fl-16"/>
      </object_component>
      <object_component id="oc-143">
         <name>.text:UARTCharGetNonBlocking</name>
         <load_address>0x20009722</load_address>
         <run_address>0x20009722</run_address>
         <size>0x1c</size>
         <input_file_ref idref="fl-17"/>
      </object_component>
      <object_component id="oc-49">
         <name>.text:decompress:ZI:__TI_zero_init_nomemset:__TI_zero_init_nomemset</name>
         <load_address>0x2000973e</load_address>
         <run_address>0x2000973e</run_address>
         <size>0x1c</size>
         <input_file_ref idref="fl-d3"/>
      </object_component>
      <object_component id="oc-3c2">
         <name>.text:free_list_remove</name>
         <load_address>0x2000975c</load_address>
         <run_address>0x2000975c</run_address>
         <size>0x1c</size>
         <input_file_ref idref="fl-d7"/>
      </object_component>
      <object_component id="oc-4aa">
         <name>.text:memccpy</name>
         <load_address>0x20009778</load_address>
         <run_address>0x20009778</run_address>
         <size>0x1c</size>
         <input_file_ref idref="fl-ec"/>
      </object_component>
      <object_component id="oc-360">
         <name>.text:GPIOIntEnable</name>
         <load_address>0x20009794</load_address>
         <run_address>0x20009794</run_address>
         <size>0x1a</size>
         <input_file_ref idref="fl-11"/>
      </object_component>
      <object_component id="oc-346">
         <name>.text:PinTypeSPI</name>
         <load_address>0x200097ae</load_address>
         <run_address>0x200097ae</run_address>
         <size>0x1a</size>
         <input_file_ref idref="fl-13"/>
      </object_component>
      <object_component id="oc-34c">
         <name>.text:PinTypeUART</name>
         <load_address>0x200097c8</load_address>
         <run_address>0x200097c8</run_address>
         <size>0x1a</size>
         <input_file_ref idref="fl-13"/>
      </object_component>
      <object_component id="oc-128">
         <name>.text:GPIOPinRead</name>
         <load_address>0x200097e2</load_address>
         <run_address>0x200097e2</run_address>
         <size>0x18</size>
         <input_file_ref idref="fl-11"/>
      </object_component>
      <object_component id="oc-265">
         <name>.text:SPICSDisable</name>
         <load_address>0x200097fa</load_address>
         <run_address>0x200097fa</run_address>
         <size>0x18</size>
         <input_file_ref idref="fl-15"/>
      </object_component>
      <object_component id="oc-259">
         <name>.text:SPICSEnable</name>
         <load_address>0x20009812</load_address>
         <run_address>0x20009812</run_address>
         <size>0x18</size>
         <input_file_ref idref="fl-15"/>
      </object_component>
      <object_component id="oc-f5">
         <name>.text:SPIEnable</name>
         <load_address>0x2000982a</load_address>
         <run_address>0x2000982a</run_address>
         <size>0x18</size>
         <input_file_ref idref="fl-15"/>
      </object_component>
      <object_component id="oc-2b1">
         <name>.text:TimerIntDisable</name>
         <load_address>0x20009842</load_address>
         <run_address>0x20009842</run_address>
         <size>0x18</size>
         <input_file_ref idref="fl-16"/>
      </object_component>
      <object_component id="oc-28d">
         <name>.text:TimerIntEnable</name>
         <load_address>0x2000985a</load_address>
         <run_address>0x2000985a</run_address>
         <size>0x18</size>
         <input_file_ref idref="fl-16"/>
      </object_component>
      <object_component id="oc-149">
         <name>.text:UARTCharsAvail</name>
         <load_address>0x20009872</load_address>
         <run_address>0x20009872</run_address>
         <size>0x18</size>
         <input_file_ref idref="fl-17"/>
      </object_component>
      <object_component id="oc-17f">
         <name>.text:UARTFIFOLevelSet</name>
         <load_address>0x2000988a</load_address>
         <run_address>0x2000988a</run_address>
         <size>0x18</size>
         <input_file_ref idref="fl-17"/>
      </object_component>
      <object_component id="oc-179">
         <name>.text:UARTIntEnable</name>
         <load_address>0x200098a2</load_address>
         <run_address>0x200098a2</run_address>
         <size>0x18</size>
         <input_file_ref idref="fl-17"/>
      </object_component>
      <object_component id="oc-3a5">
         <name>.text:_outc</name>
         <load_address>0x200098ba</load_address>
         <run_address>0x200098ba</run_address>
         <size>0x18</size>
         <input_file_ref idref="fl-d0"/>
      </object_component>
      <object_component id="oc-2eb">
         <name>.text:PRCMHIBRegRead</name>
         <load_address>0x200098d2</load_address>
         <run_address>0x200098d2</run_address>
         <size>0x16</size>
         <input_file_ref idref="fl-14"/>
      </object_component>
      <object_component id="oc-2f1">
         <name>.text:PRCMHIBRegWrite</name>
         <load_address>0x200098e8</load_address>
         <run_address>0x200098e8</run_address>
         <size>0x16</size>
         <input_file_ref idref="fl-14"/>
      </object_component>
      <object_component id="oc-559">
         <name>.text:strchr</name>
         <load_address>0x200098fe</load_address>
         <run_address>0x200098fe</run_address>
         <size>0x16</size>
         <input_file_ref idref="fl-ed"/>
      </object_component>
      <object_component id="oc-2da">
         <name>.text:CPUcpsie</name>
         <load_address>0x20009914</load_address>
         <run_address>0x20009914</run_address>
         <size>0x14</size>
         <input_file_ref idref="fl-19"/>
      </object_component>
      <object_component id="oc-12e">
         <name>.text:GPIOIntClear</name>
         <load_address>0x20009928</load_address>
         <run_address>0x20009928</run_address>
         <size>0x14</size>
         <input_file_ref idref="fl-11"/>
      </object_component>
      <object_component id="oc-14f">
         <name>.text:IntVTableBaseSet</name>
         <load_address>0x2000993c</load_address>
         <run_address>0x2000993c</run_address>
         <size>0x14</size>
         <input_file_ref idref="fl-12"/>
      </object_component>
      <object_component id="oc-201">
         <name>.text:strlen</name>
         <load_address>0x20009950</load_address>
         <run_address>0x20009950</run_address>
         <size>0x14</size>
         <input_file_ref idref="fl-d8"/>
      </object_component>
      <object_component id="oc-299">
         <name>.text:TimerIntClear</name>
         <load_address>0x20009964</load_address>
         <run_address>0x20009964</run_address>
         <size>0x12</size>
         <input_file_ref idref="fl-16"/>
      </object_component>
      <object_component id="oc-13d">
         <name>.text:UARTIntClear</name>
         <load_address>0x20009976</load_address>
         <run_address>0x20009976</run_address>
         <size>0x12</size>
         <input_file_ref idref="fl-17"/>
      </object_component>
      <object_component id="oc-4b0">
         <name>.text:wcslen</name>
         <load_address>0x20009988</load_address>
         <run_address>0x20009988</run_address>
         <size>0x12</size>
         <input_file_ref idref="fl-ef"/>
      </object_component>
      <object_component id="oc-1b">
         <name>.text:decompress:none:__TI_decompress_none</name>
         <load_address>0x2000999a</load_address>
         <run_address>0x2000999a</run_address>
         <size>0xe</size>
         <input_file_ref idref="fl-d4"/>
      </object_component>
      <object_component id="oc-29">
         <name>.text</name>
         <load_address>0x200099a8</load_address>
         <run_address>0x200099a8</run_address>
         <size>0xe</size>
         <input_file_ref idref="fl-8"/>
      </object_component>
      <object_component id="oc-59f">
         <name>.text:copysign</name>
         <load_address>0x200099b6</load_address>
         <run_address>0x200099b6</run_address>
         <size>0xc</size>
         <input_file_ref idref="fl-f2"/>
      </object_component>
      <object_component id="oc-155">
         <name>.text:IntMasterEnable</name>
         <load_address>0x200099c2</load_address>
         <run_address>0x200099c2</run_address>
         <size>0xa</size>
         <input_file_ref idref="fl-12"/>
      </object_component>
      <object_component id="oc-4b6">
         <name>.text:__aeabi_errno_addr</name>
         <load_address>0x200099cc</load_address>
         <run_address>0x200099cc</run_address>
         <size>0x8</size>
         <input_file_ref idref="fl-ee"/>
      </object_component>
      <object_component id="oc-20d">
         <name>.text:malloc</name>
         <load_address>0x200099d4</load_address>
         <run_address>0x200099d4</run_address>
         <size>0x8</size>
         <input_file_ref idref="fl-d7"/>
      </object_component>
      <object_component id="oc-41c">
         <name>.text:UtilsDelay</name>
         <load_address>0x200099dc</load_address>
         <run_address>0x200099dc</run_address>
         <size>0x6</size>
         <input_file_ref idref="fl-18"/>
      </object_component>
      <object_component id="oc-91">
         <name>.text:_system_pre_init</name>
         <load_address>0x200099e2</load_address>
         <run_address>0x200099e2</run_address>
         <size>0x4</size>
         <input_file_ref idref="fl-e4"/>
      </object_component>
      <object_component id="oc-1a7">
         <name>.text:abort:abort</name>
         <load_address>0x200099e6</load_address>
         <run_address>0x200099e6</run_address>
         <size>0x4</size>
         <input_file_ref idref="fl-e6"/>
      </object_component>
      <object_component id="oc-26d">
         <name>.const:.string:font</name>
         <load_address>0x200099ec</load_address>
         <run_address>0x200099ec</run_address>
         <size>0x4fb</size>
         <input_file_ref idref="fl-1"/>
      </object_component>
      <object_component id="oc-18e">
         <name>.const:map_bitmap</name>
         <load_address>0x20009ee7</load_address>
         <run_address>0x20009ee7</run_address>
         <size>0x400</size>
         <input_file_ref idref="fl-5"/>
      </object_component>
      <object_component id="oc-322">
         <name>.const:tile_bush</name>
         <load_address>0x2000a2e8</load_address>
         <run_address>0x2000a2e8</run_address>
         <size>0x200</size>
         <input_file_ref idref="fl-9"/>
      </object_component>
      <object_component id="oc-31f">
         <name>.const:tile_grass</name>
         <load_address>0x2000a4e8</load_address>
         <run_address>0x2000a4e8</run_address>
         <size>0x200</size>
         <input_file_ref idref="fl-9"/>
      </object_component>
      <object_component id="oc-32e">
         <name>.const:tile_player</name>
         <load_address>0x2000a6e8</load_address>
         <run_address>0x2000a6e8</run_address>
         <size>0x200</size>
         <input_file_ref idref="fl-9"/>
      </object_component>
      <object_component id="oc-32b">
         <name>.const:tile_rock</name>
         <load_address>0x2000a8e8</load_address>
         <run_address>0x2000a8e8</run_address>
         <size>0x200</size>
         <input_file_ref idref="fl-9"/>
      </object_component>
      <object_component id="oc-328">
         <name>.const:tile_tree</name>
         <load_address>0x2000aae8</load_address>
         <run_address>0x2000aae8</run_address>
         <size>0x200</size>
         <input_file_ref idref="fl-9"/>
      </object_component>
      <object_component id="oc-325">
         <name>.const:tile_water</name>
         <load_address>0x2000ace8</load_address>
         <run_address>0x2000ace8</run_address>
         <size>0x200</size>
         <input_file_ref idref="fl-9"/>
      </object_component>
      <object_component id="oc-502">
         <name>.const:.string:_ctypes_</name>
         <load_address>0x2000aee8</load_address>
         <run_address>0x2000aee8</run_address>
         <size>0x101</size>
         <input_file_ref idref="fl-eb"/>
      </object_component>
      <object_component id="oc-440">
         <name>.const:g_ulPinToPadMap</name>
         <load_address>0x2000afec</load_address>
         <run_address>0x2000afec</run_address>
         <size>0x100</size>
         <input_file_ref idref="fl-13"/>
      </object_component>
      <object_component id="oc-3fb">
         <name>.const:g_pulRegs</name>
         <load_address>0x2000b0ec</load_address>
         <run_address>0x2000b0ec</run_address>
         <size>0xd4</size>
         <input_file_ref idref="fl-12"/>
      </object_component>
      <object_component id="oc-2fe">
         <name>.const:PRCM_PeriphRegsList</name>
         <load_address>0x2000b1c0</load_address>
         <run_address>0x2000b1c0</run_address>
         <size>0xa8</size>
         <input_file_ref idref="fl-14"/>
      </object_component>
      <object_component id="oc-3e7">
         <name>.const:g_ppulSPIIntMap</name>
         <load_address>0x2000b268</load_address>
         <run_address>0x2000b268</run_address>
         <size>0x24</size>
         <input_file_ref idref="fl-15"/>
      </object_component>
      <object_component id="oc-4df">
         <name>.const:g_pulDisRegs</name>
         <load_address>0x2000b28c</load_address>
         <run_address>0x2000b28c</run_address>
         <size>0x18</size>
         <input_file_ref idref="fl-12"/>
      </object_component>
      <object_component id="oc-2e1">
         <name>.const:g_pulEnRegs</name>
         <load_address>0x2000b2a4</load_address>
         <run_address>0x2000b2a4</run_address>
         <size>0x18</size>
         <input_file_ref idref="fl-12"/>
      </object_component>
      <object_component id="oc-392">
         <name>.const:g_ulSPIDmaMaskMap</name>
         <load_address>0x2000b2bc</load_address>
         <run_address>0x2000b2bc</run_address>
         <size>0x18</size>
         <input_file_ref idref="fl-15"/>
      </object_component>
      <object_component id="oc-42a">
         <name>.const:g_ppulUARTIntMap</name>
         <load_address>0x2000b2d4</load_address>
         <run_address>0x2000b2d4</run_address>
         <size>0x10</size>
         <input_file_ref idref="fl-17"/>
      </object_component>
      <object_component id="oc-2cd">
         <name>.const:.string</name>
         <load_address>0x2000b2e4</load_address>
         <run_address>0x2000b2e4</run_address>
         <size>0xa</size>
         <input_file_ref idref="fl-4"/>
      </object_component>
      <object_component id="oc-5f7">
         <name>.cinit..data.load</name>
         <load_address>0x2000b2f0</load_address>
         <run_address>0x2000b2f0</run_address>
         <size>0x94</size>
      </object_component>
      <object_component id="oc-5f5">
         <name>__TI_handler_table</name>
         <load_address>0x2000b384</load_address>
         <run_address>0x2000b384</run_address>
         <size>0xc</size>
      </object_component>
      <object_component id="oc-5f8">
         <name>.cinit..bss.load</name>
         <load_address>0x2000b390</load_address>
         <run_address>0x2000b390</run_address>
         <size>0x8</size>
      </object_component>
      <object_component id="oc-5f6">
         <name>__TI_cinit_table</name>
         <load_address>0x2000b398</load_address>
         <run_address>0x2000b398</run_address>
         <size>0x10</size>
      </object_component>
      <object_component id="oc-270">
         <name>.data</name>
         <load_address>0x200179dc</load_address>
         <run_address>0x200179dc</run_address>
         <size>0x15</size>
         <input_file_ref idref="fl-1"/>
      </object_component>
      <object_component id="oc-36e">
         <name>.data:ulReg</name>
         <load_address>0x200179f4</load_address>
         <run_address>0x200179f4</run_address>
         <size>0x14</size>
         <input_file_ref idref="fl-3"/>
      </object_component>
      <object_component id="oc-366">
         <name>.data</name>
         <load_address>0x20017a08</load_address>
         <run_address>0x20017a08</run_address>
         <size>0xc</size>
         <input_file_ref idref="fl-3"/>
      </object_component>
      <object_component id="oc-134">
         <name>.data</name>
         <load_address>0x20017920</load_address>
         <run_address>0x20017920</run_address>
         <size>0xa4</size>
         <input_file_ref idref="fl-4"/>
      </object_component>
      <object_component id="oc-191">
         <name>.data:tile_set</name>
         <load_address>0x200179c4</load_address>
         <run_address>0x200179c4</run_address>
         <size>0x18</size>
         <input_file_ref idref="fl-9"/>
      </object_component>
      <object_component id="oc-4d0">
         <name>.data:$O1$$</name>
         <load_address>0x20017a1c</load_address>
         <run_address>0x20017a1c</run_address>
         <size>0x8</size>
         <input_file_ref idref="fl-d7"/>
      </object_component>
      <object_component id="oc-376">
         <name>.data:$O1$$</name>
         <load_address>0x20017a14</load_address>
         <run_address>0x20017a14</run_address>
         <size>0x8</size>
         <input_file_ref idref="fl-e7"/>
      </object_component>
      <object_component id="oc-569">
         <name>.data</name>
         <load_address>0x20017a24</load_address>
         <run_address>0x20017a24</run_address>
         <size>0x4</size>
         <input_file_ref idref="fl-ee"/>
      </object_component>
      <object_component id="oc-11f">
         <name>.bss:g_ucTxBuff</name>
         <uninitialized>true</uninitialized>
         <run_address>0x20017864</run_address>
         <size>0x64</size>
         <input_file_ref idref="fl-4"/>
      </object_component>
      <object_component id="oc-125">
         <name>.bss:g_ucRxBuff</name>
         <uninitialized>true</uninitialized>
         <run_address>0x20017800</run_address>
         <size>0x64</size>
         <input_file_ref idref="fl-4"/>
      </object_component>
      <object_component id="oc-122">
         <name>.bss</name>
         <uninitialized>true</uninitialized>
         <run_address>0x20017908</run_address>
         <size>0xc</size>
         <input_file_ref idref="fl-4"/>
      </object_component>
      <object_component id="oc-21f">
         <name>.bss</name>
         <uninitialized>true</uninitialized>
         <run_address>0x20017914</run_address>
         <size>0x4</size>
         <input_file_ref idref="fl-b"/>
      </object_component>
      <object_component id="oc-369">
         <name>.common:g_ucLED1Pin</name>
         <uninitialized>true</uninitialized>
         <run_address>0x20017918</run_address>
         <size>0x1</size>
      </object_component>
      <object_component id="oc-36c">
         <name>.common:g_ucLED2Pin</name>
         <uninitialized>true</uninitialized>
         <run_address>0x20017919</run_address>
         <size>0x1</size>
      </object_component>
      <object_component id="oc-36d">
         <name>.common:g_ucLED3Pin</name>
         <uninitialized>true</uninitialized>
         <run_address>0x2001791a</run_address>
         <size>0x1</size>
      </object_component>
      <object_component id="oc-18b">
         <name>.common:receiverBuffer</name>
         <uninitialized>true</uninitialized>
         <run_address>0x200178c8</run_address>
         <size>0x40</size>
      </object_component>
      <object_component id="oc-23">
         <name>.sysmem</name>
         <uninitialized>true</uninitialized>
         <run_address>0x20017000</run_address>
         <size>0x10</size>
         <input_file_ref idref="fl-d7"/>
      </object_component>
      <object_component id="oc-5fb">
         <name>.sysmem</name>
         <uninitialized>true</uninitialized>
         <run_address>0x20017000</run_address>
         <size>0x0</size>
      </object_component>
      <object_component id="oc-26">
         <name>.stack</name>
         <uninitialized>true</uninitialized>
         <run_address>0x2002f800</run_address>
         <size>0x4</size>
         <input_file_ref idref="fl-d9"/>
      </object_component>
      <object_component id="oc-5fa">
         <name>.stack</name>
         <uninitialized>true</uninitialized>
         <run_address>0x2002f800</run_address>
         <size>0x0</size>
      </object_component>
      <object_component id="oc-274">
         <name>.debug_info</name>
         <load_address>0x0</load_address>
         <run_address>0x0</run_address>
         <size>0x22d</size>
         <input_file_ref idref="fl-1"/>
      </object_component>
      <object_component id="oc-26e">
         <name>.debug_info</name>
         <load_address>0x22d</load_address>
         <run_address>0x22d</run_address>
         <size>0xdf</size>
         <input_file_ref idref="fl-1"/>
      </object_component>
      <object_component id="oc-271">
         <name>.debug_info</name>
         <load_address>0x30c</load_address>
         <run_address>0x30c</run_address>
         <size>0x18d</size>
         <input_file_ref idref="fl-1"/>
      </object_component>
      <object_component id="oc-114">
         <name>.debug_info</name>
         <load_address>0x499</load_address>
         <run_address>0x499</run_address>
         <size>0x154b</size>
         <input_file_ref idref="fl-1"/>
      </object_component>
      <object_component id="oc-38">
         <name>.debug_info</name>
         <load_address>0x19e4</load_address>
         <run_address>0x19e4</run_address>
         <size>0x84</size>
         <input_file_ref idref="fl-1"/>
      </object_component>
      <object_component id="oc-26c">
         <name>.debug_info</name>
         <load_address>0x1a68</load_address>
         <run_address>0x1a68</run_address>
         <size>0x22e</size>
         <input_file_ref idref="fl-2"/>
      </object_component>
      <object_component id="oc-10e">
         <name>.debug_info</name>
         <load_address>0x1c96</load_address>
         <run_address>0x1c96</run_address>
         <size>0xe65</size>
         <input_file_ref idref="fl-2"/>
      </object_component>
      <object_component id="oc-424">
         <name>.debug_info</name>
         <load_address>0x2afb</load_address>
         <run_address>0x2afb</run_address>
         <size>0x62</size>
         <input_file_ref idref="fl-2"/>
      </object_component>
      <object_component id="oc-1ec">
         <name>.debug_info</name>
         <load_address>0x2b5d</load_address>
         <run_address>0x2b5d</run_address>
         <size>0x2c</size>
         <input_file_ref idref="fl-2"/>
      </object_component>
      <object_component id="oc-bc">
         <name>.debug_info</name>
         <load_address>0x2b89</load_address>
         <run_address>0x2b89</run_address>
         <size>0x2c</size>
         <input_file_ref idref="fl-2"/>
      </object_component>
      <object_component id="oc-3da">
         <name>.debug_info</name>
         <load_address>0x2bb5</load_address>
         <run_address>0x2bb5</run_address>
         <size>0x35</size>
         <input_file_ref idref="fl-2"/>
      </object_component>
      <object_component id="oc-36a">
         <name>.debug_info</name>
         <load_address>0x2bea</load_address>
         <run_address>0x2bea</run_address>
         <size>0x33c</size>
         <input_file_ref idref="fl-3"/>
      </object_component>
      <object_component id="oc-36f">
         <name>.debug_info</name>
         <load_address>0x2f26</load_address>
         <run_address>0x2f26</run_address>
         <size>0xdc</size>
         <input_file_ref idref="fl-3"/>
      </object_component>
      <object_component id="oc-367">
         <name>.debug_info</name>
         <load_address>0x3002</load_address>
         <run_address>0x3002</run_address>
         <size>0x13d</size>
         <input_file_ref idref="fl-3"/>
      </object_component>
      <object_component id="oc-1a1">
         <name>.debug_info</name>
         <load_address>0x313f</load_address>
         <run_address>0x313f</run_address>
         <size>0xb5d</size>
         <input_file_ref idref="fl-3"/>
      </object_component>
      <object_component id="oc-317">
         <name>.debug_info</name>
         <load_address>0x3c9c</load_address>
         <run_address>0x3c9c</run_address>
         <size>0x26b</size>
         <input_file_ref idref="fl-3"/>
      </object_component>
      <object_component id="oc-3df">
         <name>.debug_info</name>
         <load_address>0x3f07</load_address>
         <run_address>0x3f07</run_address>
         <size>0x2a4</size>
         <input_file_ref idref="fl-3"/>
      </object_component>
      <object_component id="oc-224">
         <name>.debug_info</name>
         <load_address>0x41ab</load_address>
         <run_address>0x41ab</run_address>
         <size>0x2c</size>
         <input_file_ref idref="fl-3"/>
      </object_component>
      <object_component id="oc-18c">
         <name>.debug_info</name>
         <load_address>0x41d7</load_address>
         <run_address>0x41d7</run_address>
         <size>0xb3a</size>
         <input_file_ref idref="fl-4"/>
      </object_component>
      <object_component id="oc-120">
         <name>.debug_info</name>
         <load_address>0x4d11</load_address>
         <run_address>0x4d11</run_address>
         <size>0xe3</size>
         <input_file_ref idref="fl-4"/>
      </object_component>
      <object_component id="oc-126">
         <name>.debug_info</name>
         <load_address>0x4df4</load_address>
         <run_address>0x4df4</run_address>
         <size>0xe3</size>
         <input_file_ref idref="fl-4"/>
      </object_component>
      <object_component id="oc-123">
         <name>.debug_info</name>
         <load_address>0x4ed7</load_address>
         <run_address>0x4ed7</run_address>
         <size>0x153</size>
         <input_file_ref idref="fl-4"/>
      </object_component>
      <object_component id="oc-135">
         <name>.debug_info</name>
         <load_address>0x502a</load_address>
         <run_address>0x502a</run_address>
         <size>0x4eb</size>
         <input_file_ref idref="fl-4"/>
      </object_component>
      <object_component id="oc-98">
         <name>.debug_info</name>
         <load_address>0x5515</load_address>
         <run_address>0x5515</run_address>
         <size>0xf71</size>
         <input_file_ref idref="fl-4"/>
      </object_component>
      <object_component id="oc-2d0">
         <name>.debug_info</name>
         <load_address>0x6486</load_address>
         <run_address>0x6486</run_address>
         <size>0xbb</size>
         <input_file_ref idref="fl-4"/>
      </object_component>
      <object_component id="oc-31e">
         <name>.debug_info</name>
         <load_address>0x6541</load_address>
         <run_address>0x6541</run_address>
         <size>0xfb</size>
         <input_file_ref idref="fl-5"/>
      </object_component>
      <object_component id="oc-18f">
         <name>.debug_info</name>
         <load_address>0x663c</load_address>
         <run_address>0x663c</run_address>
         <size>0xea</size>
         <input_file_ref idref="fl-5"/>
      </object_component>
      <object_component id="oc-195">
         <name>.debug_info</name>
         <load_address>0x6726</load_address>
         <run_address>0x6726</run_address>
         <size>0x3e6</size>
         <input_file_ref idref="fl-7"/>
      </object_component>
      <object_component id="oc-31">
         <name>.debug_info</name>
         <load_address>0x6b0c</load_address>
         <run_address>0x6b0c</run_address>
         <size>0x1ac</size>
         <input_file_ref idref="fl-8"/>
      </object_component>
      <object_component id="oc-13">
         <name>.debug_info</name>
         <load_address>0x6cb8</load_address>
         <run_address>0x6cb8</run_address>
         <size>0x12b</size>
         <input_file_ref idref="fl-8"/>
      </object_component>
      <object_component id="oc-2a">
         <name>.debug_info</name>
         <load_address>0x6de3</load_address>
         <run_address>0x6de3</run_address>
         <size>0x4e2</size>
         <input_file_ref idref="fl-8"/>
      </object_component>
      <object_component id="oc-333">
         <name>.debug_info</name>
         <load_address>0x72c5</load_address>
         <run_address>0x72c5</run_address>
         <size>0xfa</size>
         <input_file_ref idref="fl-9"/>
      </object_component>
      <object_component id="oc-320">
         <name>.debug_info</name>
         <load_address>0x73bf</load_address>
         <run_address>0x73bf</run_address>
         <size>0xe5</size>
         <input_file_ref idref="fl-9"/>
      </object_component>
      <object_component id="oc-329">
         <name>.debug_info</name>
         <load_address>0x74a4</load_address>
         <run_address>0x74a4</run_address>
         <size>0xe3</size>
         <input_file_ref idref="fl-9"/>
      </object_component>
      <object_component id="oc-323">
         <name>.debug_info</name>
         <load_address>0x7587</load_address>
         <run_address>0x7587</run_address>
         <size>0xe3</size>
         <input_file_ref idref="fl-9"/>
      </object_component>
      <object_component id="oc-326">
         <name>.debug_info</name>
         <load_address>0x766a</load_address>
         <run_address>0x766a</run_address>
         <size>0xe5</size>
         <input_file_ref idref="fl-9"/>
      </object_component>
      <object_component id="oc-32c">
         <name>.debug_info</name>
         <load_address>0x774f</load_address>
         <run_address>0x774f</run_address>
         <size>0xe3</size>
         <input_file_ref idref="fl-9"/>
      </object_component>
      <object_component id="oc-32f">
         <name>.debug_info</name>
         <load_address>0x7832</load_address>
         <run_address>0x7832</run_address>
         <size>0xe7</size>
         <input_file_ref idref="fl-9"/>
      </object_component>
      <object_component id="oc-192">
         <name>.debug_info</name>
         <load_address>0x7919</load_address>
         <run_address>0x7919</run_address>
         <size>0xe1</size>
         <input_file_ref idref="fl-9"/>
      </object_component>
      <object_component id="oc-2c4">
         <name>.debug_info</name>
         <load_address>0x79fa</load_address>
         <run_address>0x79fa</run_address>
         <size>0x462</size>
         <input_file_ref idref="fl-a"/>
      </object_component>
      <object_component id="oc-11a">
         <name>.debug_info</name>
         <load_address>0x7e5c</load_address>
         <run_address>0x7e5c</run_address>
         <size>0xa12</size>
         <input_file_ref idref="fl-a"/>
      </object_component>
      <object_component id="oc-223">
         <name>.debug_info</name>
         <load_address>0x886e</load_address>
         <run_address>0x886e</run_address>
         <size>0x3bb</size>
         <input_file_ref idref="fl-b"/>
      </object_component>
      <object_component id="oc-220">
         <name>.debug_info</name>
         <load_address>0x8c29</load_address>
         <run_address>0x8c29</run_address>
         <size>0xe6</size>
         <input_file_ref idref="fl-b"/>
      </object_component>
      <object_component id="oc-de">
         <name>.debug_info</name>
         <load_address>0x8d0f</load_address>
         <run_address>0x8d0f</run_address>
         <size>0x64c</size>
         <input_file_ref idref="fl-b"/>
      </object_component>
      <object_component id="oc-229">
         <name>.debug_info</name>
         <load_address>0x935b</load_address>
         <run_address>0x935b</run_address>
         <size>0x110</size>
         <input_file_ref idref="fl-b"/>
      </object_component>
      <object_component id="oc-456">
         <name>.debug_info</name>
         <load_address>0x946b</load_address>
         <run_address>0x946b</run_address>
         <size>0x1e0</size>
         <input_file_ref idref="fl-11"/>
      </object_component>
      <object_component id="oc-453">
         <name>.debug_info</name>
         <load_address>0x964b</load_address>
         <run_address>0x964b</run_address>
         <size>0x19e</size>
         <input_file_ref idref="fl-11"/>
      </object_component>
      <object_component id="oc-344">
         <name>.debug_info</name>
         <load_address>0x97e9</load_address>
         <run_address>0x97e9</run_address>
         <size>0x1dd</size>
         <input_file_ref idref="fl-11"/>
      </object_component>
      <object_component id="oc-358">
         <name>.debug_info</name>
         <load_address>0x99c6</load_address>
         <run_address>0x99c6</run_address>
         <size>0x1e8</size>
         <input_file_ref idref="fl-11"/>
      </object_component>
      <object_component id="oc-364">
         <name>.debug_info</name>
         <load_address>0x9bae</load_address>
         <run_address>0x9bae</run_address>
         <size>0x1bf</size>
         <input_file_ref idref="fl-11"/>
      </object_component>
      <object_component id="oc-132">
         <name>.debug_info</name>
         <load_address>0x9d6d</load_address>
         <run_address>0x9d6d</run_address>
         <size>0x1bd</size>
         <input_file_ref idref="fl-11"/>
      </object_component>
      <object_component id="oc-35e">
         <name>.debug_info</name>
         <load_address>0x9f2a</load_address>
         <run_address>0x9f2a</run_address>
         <size>0x208</size>
         <input_file_ref idref="fl-11"/>
      </object_component>
      <object_component id="oc-12c">
         <name>.debug_info</name>
         <load_address>0xa132</load_address>
         <run_address>0xa132</run_address>
         <size>0x1af</size>
         <input_file_ref idref="fl-11"/>
      </object_component>
      <object_component id="oc-257">
         <name>.debug_info</name>
         <load_address>0xa2e1</load_address>
         <run_address>0xa2e1</run_address>
         <size>0x1d4</size>
         <input_file_ref idref="fl-11"/>
      </object_component>
      <object_component id="oc-3ec">
         <name>.debug_info</name>
         <load_address>0xa4b5</load_address>
         <run_address>0xa4b5</run_address>
         <size>0x201</size>
         <input_file_ref idref="fl-12"/>
      </object_component>
      <object_component id="oc-3fc">
         <name>.debug_info</name>
         <load_address>0xa6b6</load_address>
         <run_address>0xa6b6</run_address>
         <size>0xf0</size>
         <input_file_ref idref="fl-12"/>
      </object_component>
      <object_component id="oc-2e2">
         <name>.debug_info</name>
         <load_address>0xa7a6</load_address>
         <run_address>0xa7a6</run_address>
         <size>0xf4</size>
         <input_file_ref idref="fl-12"/>
      </object_component>
      <object_component id="oc-4e0">
         <name>.debug_info</name>
         <load_address>0xa89a</load_address>
         <run_address>0xa89a</run_address>
         <size>0xf6</size>
         <input_file_ref idref="fl-12"/>
      </object_component>
      <object_component id="oc-4e4">
         <name>.debug_info</name>
         <load_address>0xa990</load_address>
         <run_address>0xa990</run_address>
         <size>0x161</size>
         <input_file_ref idref="fl-12"/>
      </object_component>
      <object_component id="oc-156">
         <name>.debug_info</name>
         <load_address>0xaaf1</load_address>
         <run_address>0xaaf1</run_address>
         <size>0x17c</size>
         <input_file_ref idref="fl-12"/>
      </object_component>
      <object_component id="oc-150">
         <name>.debug_info</name>
         <load_address>0xac6d</load_address>
         <run_address>0xac6d</run_address>
         <size>0x1ae</size>
         <input_file_ref idref="fl-12"/>
      </object_component>
      <object_component id="oc-24c">
         <name>.debug_info</name>
         <load_address>0xae1b</load_address>
         <run_address>0xae1b</run_address>
         <size>0x1f8</size>
         <input_file_ref idref="fl-12"/>
      </object_component>
      <object_component id="oc-40f">
         <name>.debug_info</name>
         <load_address>0xb013</load_address>
         <run_address>0xb013</run_address>
         <size>0x1c3</size>
         <input_file_ref idref="fl-12"/>
      </object_component>
      <object_component id="oc-282">
         <name>.debug_info</name>
         <load_address>0xb1d6</load_address>
         <run_address>0xb1d6</run_address>
         <size>0x1fa</size>
         <input_file_ref idref="fl-12"/>
      </object_component>
      <object_component id="oc-15c">
         <name>.debug_info</name>
         <load_address>0xb3d0</load_address>
         <run_address>0xb3d0</run_address>
         <size>0x19f</size>
         <input_file_ref idref="fl-12"/>
      </object_component>
      <object_component id="oc-409">
         <name>.debug_info</name>
         <load_address>0xb56f</load_address>
         <run_address>0xb56f</run_address>
         <size>0x1a1</size>
         <input_file_ref idref="fl-12"/>
      </object_component>
      <object_component id="oc-4ee">
         <name>.debug_info</name>
         <load_address>0xb710</load_address>
         <run_address>0xb710</run_address>
         <size>0x14e</size>
         <input_file_ref idref="fl-13"/>
      </object_component>
      <object_component id="oc-441">
         <name>.debug_info</name>
         <load_address>0xb85e</load_address>
         <run_address>0xb85e</run_address>
         <size>0xf6</size>
         <input_file_ref idref="fl-13"/>
      </object_component>
      <object_component id="oc-337">
         <name>.debug_info</name>
         <load_address>0xb954</load_address>
         <run_address>0xb954</run_address>
         <size>0x1bf</size>
         <input_file_ref idref="fl-13"/>
      </object_component>
      <object_component id="oc-447">
         <name>.debug_info</name>
         <load_address>0xbb13</load_address>
         <run_address>0xbb13</run_address>
         <size>0x20d</size>
         <input_file_ref idref="fl-13"/>
      </object_component>
      <object_component id="oc-34f">
         <name>.debug_info</name>
         <load_address>0xbd20</load_address>
         <run_address>0xbd20</run_address>
         <size>0x1d4</size>
         <input_file_ref idref="fl-13"/>
      </object_component>
      <object_component id="oc-349">
         <name>.debug_info</name>
         <load_address>0xbef4</load_address>
         <run_address>0xbef4</run_address>
         <size>0x1d2</size>
         <input_file_ref idref="fl-13"/>
      </object_component>
      <object_component id="oc-33d">
         <name>.debug_info</name>
         <load_address>0xc0c6</load_address>
         <run_address>0xc0c6</run_address>
         <size>0x222</size>
         <input_file_ref idref="fl-13"/>
      </object_component>
      <object_component id="oc-302">
         <name>.debug_info</name>
         <load_address>0xc2e8</load_address>
         <run_address>0xc2e8</run_address>
         <size>0x25e</size>
         <input_file_ref idref="fl-14"/>
      </object_component>
      <object_component id="oc-2ff">
         <name>.debug_info</name>
         <load_address>0xc546</load_address>
         <run_address>0xc546</run_address>
         <size>0xff</size>
         <input_file_ref idref="fl-14"/>
      </object_component>
      <object_component id="oc-2e6">
         <name>.debug_info</name>
         <load_address>0xc645</load_address>
         <run_address>0xc645</run_address>
         <size>0x1a6</size>
         <input_file_ref idref="fl-14"/>
      </object_component>
      <object_component id="oc-19b">
         <name>.debug_info</name>
         <load_address>0xc7eb</load_address>
         <run_address>0xc7eb</run_address>
         <size>0x1eb</size>
         <input_file_ref idref="fl-14"/>
      </object_component>
      <object_component id="oc-2f8">
         <name>.debug_info</name>
         <load_address>0xc9d6</load_address>
         <run_address>0xc9d6</run_address>
         <size>0x1ed</size>
         <input_file_ref idref="fl-14"/>
      </object_component>
      <object_component id="oc-ea">
         <name>.debug_info</name>
         <load_address>0xcbc3</load_address>
         <run_address>0xcbc3</run_address>
         <size>0x216</size>
         <input_file_ref idref="fl-14"/>
      </object_component>
      <object_component id="oc-168">
         <name>.debug_info</name>
         <load_address>0xcdd9</load_address>
         <run_address>0xcdd9</run_address>
         <size>0x1c0</size>
         <input_file_ref idref="fl-14"/>
      </object_component>
      <object_component id="oc-162">
         <name>.debug_info</name>
         <load_address>0xcf99</load_address>
         <run_address>0xcf99</run_address>
         <size>0x283</size>
         <input_file_ref idref="fl-14"/>
      </object_component>
[...]
         <value>0x200097e3</value>
         <object_component_ref idref="oc-128"/>
      </symbol>
      <symbol id="sm-3dd">
         <name>GPIODirModeSet</name>
         <value>0x200092ed</value>
         <object_component_ref idref="oc-340"/>
      </symbol>
      <symbol id="sm-3de">
         <name>GPIOPinWrite</name>
         <value>0x20009597</value>
         <object_component_ref idref="oc-253"/>
      </symbol>
      <symbol id="sm-455">
         <name>IntPrioritySet</name>
         <value>0x20008e29</value>
         <object_component_ref idref="oc-281"/>
      </symbol>
      <symbol id="sm-456">
         <name>IntVTableBaseSet</name>
         <value>0x2000993d</value>
         <object_component_ref idref="oc-14f"/>
      </symbol>
      <symbol id="sm-457">
         <name>IntEnable</name>
         <value>0x200083e1</value>
         <object_component_ref idref="oc-15b"/>
      </symbol>
      <symbol id="sm-458">
         <name>IntDisable</name>
         <value>0x20008339</value>
         <object_component_ref idref="oc-408"/>
      </symbol>
      <symbol id="sm-459">
         <name>IntRegister</name>
         <value>0x200095b9</value>
         <object_component_ref idref="oc-24b"/>
      </symbol>
      <symbol id="sm-45a">
         <name>IntUnregister</name>
         <value>0x20009509</value>
         <object_component_ref idref="oc-40e"/>
      </symbol>
      <symbol id="sm-45b">
         <name>IntMasterEnable</name>
         <value>0x200099c3</value>
         <object_component_ref idref="oc-155"/>
      </symbol>
      <symbol id="sm-49a">
         <name>PinTypeUART</name>
         <value>0x200097c9</value>
         <object_component_ref idref="oc-34c"/>
      </symbol>
      <symbol id="sm-49b">
         <name>PinTypeGPIO</name>
         <value>0x20009323</value>
         <object_component_ref idref="oc-33a"/>
      </symbol>
      <symbol id="sm-49c">
         <name>PinConfigSet</name>
         <value>0x200086f1</value>
         <object_component_ref idref="oc-444"/>
      </symbol>
      <symbol id="sm-49d">
         <name>PinTypeSPI</name>
         <value>0x200097af</value>
         <object_component_ref idref="oc-346"/>
      </symbol>
      <symbol id="sm-49e">
         <name>PinModeSet</name>
         <value>0x200091f1</value>
         <object_component_ref idref="oc-334"/>
      </symbol>
      <symbol id="sm-524">
         <name>PRCMPeripheralReset</name>
         <value>0x20008d79</value>
         <object_component_ref idref="oc-167"/>
      </symbol>
      <symbol id="sm-525">
         <name>PRCMPeripheralClkEnable</name>
         <value>0x200092b1</value>
         <object_component_ref idref="oc-19a"/>
      </symbol>
      <symbol id="sm-526">
         <name>PRCMPeripheralClockGet</name>
         <value>0x2000865d</value>
         <object_component_ref idref="oc-e9"/>
      </symbol>
      <symbol id="sm-527">
         <name>PRCMCC3200MCUInit</name>
         <value>0x2000754d</value>
         <object_component_ref idref="oc-161"/>
      </symbol>
      <symbol id="sm-528">
         <name>PRCMHIBRegWrite</name>
         <value>0x200098e9</value>
         <object_component_ref idref="oc-2f1"/>
      </symbol>
      <symbol id="sm-529">
         <name>PRCMSysResetCauseGet</name>
         <value>0x200093e5</value>
         <object_component_ref idref="oc-2e5"/>
      </symbol>
      <symbol id="sm-52a">
         <name>PRCMPeripheralClkDisable</name>
         <value>0x20009491</value>
         <object_component_ref idref="oc-2f7"/>
      </symbol>
      <symbol id="sm-52b">
         <name>PRCMHIBRegRead</name>
         <value>0x200098d3</value>
         <object_component_ref idref="oc-2eb"/>
      </symbol>
      <symbol id="sm-61c">
         <name>SPITransfer</name>
         <value>0x20008779</value>
         <object_component_ref idref="oc-fb"/>
      </symbol>
      <symbol id="sm-61d">
         <name>SPICSEnable</name>
         <value>0x20009813</value>
         <object_component_ref idref="oc-259"/>
      </symbol>
      <symbol id="sm-61e">
         <name>SPIDataGetNonBlocking</name>
         <value>0x20009411</value>
         <object_component_ref idref="oc-d7"/>
      </symbol>
      <symbol id="sm-61f">
         <name>SPIDataPut</name>
         <value>0x20009617</value>
         <object_component_ref idref="oc-d1"/>
      </symbol>
      <symbol id="sm-620">
         <name>SPIEnable</name>
         <value>0x2000982b</value>
         <object_component_ref idref="oc-f5"/>
      </symbol>
      <symbol id="sm-621">
         <name>SPIDataGet</name>
         <value>0x200095d9</value>
         <object_component_ref idref="oc-25f"/>
      </symbol>
      <symbol id="sm-622">
         <name>SPIConfigSetExpClk</name>
         <value>0x20008489</value>
         <object_component_ref idref="oc-ef"/>
      </symbol>
      <symbol id="sm-623">
         <name>SPIIntRegister</name>
         <value>0x20009635</value>
         <object_component_ref idref="oc-101"/>
      </symbol>
      <symbol id="sm-624">
         <name>SPIReset</name>
         <value>0x20009575</value>
         <object_component_ref idref="oc-e3"/>
      </symbol>
      <symbol id="sm-625">
         <name>SPIIntStatus</name>
         <value>0x20008991</value>
         <object_component_ref idref="oc-c5"/>
      </symbol>
      <symbol id="sm-626">
         <name>SPIIntEnable</name>
         <value>0x20008f25</value>
         <object_component_ref idref="oc-107"/>
      </symbol>
      <symbol id="sm-627">
         <name>SPIIntClear</name>
         <value>0x20009051</value>
         <object_component_ref idref="oc-cb"/>
      </symbol>
      <symbol id="sm-628">
         <name>SPICSDisable</name>
         <value>0x200097fb</value>
         <object_component_ref idref="oc-265"/>
      </symbol>
      <symbol id="sm-6ac">
         <name>TimerLoadSet</name>
         <value>0x2000943b</value>
         <object_component_ref idref="oc-29f"/>
      </symbol>
      <symbol id="sm-6ad">
         <name>TimerDisable</name>
         <value>0x20009653</value>
         <object_component_ref idref="oc-2ab"/>
      </symbol>
      <symbol id="sm-6ae">
         <name>TimerIntRegister</name>
         <value>0x20008afd</value>
         <object_component_ref idref="oc-287"/>
      </symbol>
      <symbol id="sm-6af">
         <name>TimerEnable</name>
         <value>0x20009671</value>
         <object_component_ref idref="oc-2a5"/>
      </symbol>
      <symbol id="sm-6b0">
         <name>TimerIntUnregister</name>
         <value>0x20008c4d</value>
         <object_component_ref idref="oc-2b7"/>
      </symbol>
      <symbol id="sm-6b1">
         <name>TimerIntStatus</name>
         <value>0x2000968f</value>
         <object_component_ref idref="oc-293"/>
      </symbol>
      <symbol id="sm-6b2">
         <name>TimerIntDisable</name>
         <value>0x20009843</value>
         <object_component_ref idref="oc-2b1"/>
      </symbol>
      <symbol id="sm-6b3">
         <name>TimerValueGet</name>
         <value>0x20009707</value>
         <object_component_ref idref="oc-2bd"/>
      </symbol>
      <symbol id="sm-6b4">
         <name>TimerPrescaleSet</name>
         <value>0x20009465</value>
         <object_component_ref idref="oc-27b"/>
      </symbol>
      <symbol id="sm-6b5">
         <name>TimerIntEnable</name>
         <value>0x2000985b</value>
         <object_component_ref idref="oc-28d"/>
      </symbol>
      <symbol id="sm-6b6">
         <name>TimerConfigure</name>
         <value>0x20009125</value>
         <object_component_ref idref="oc-275"/>
      </symbol>
      <symbol id="sm-6b7">
         <name>TimerIntClear</name>
         <value>0x20009965</value>
         <object_component_ref idref="oc-299"/>
      </symbol>
      <symbol id="sm-737">
         <name>UARTConfigSetExpClk</name>
         <value>0x20008a87</value>
         <object_component_ref idref="oc-16d"/>
      </symbol>
      <symbol id="sm-738">
         <name>UARTDisable</name>
         <value>0x20009355</value>
         <object_component_ref idref="oc-303"/>
      </symbol>
      <symbol id="sm-739">
         <name>UARTIntEnable</name>
         <value>0x200098a3</value>
         <object_component_ref idref="oc-179"/>
      </symbol>
      <symbol id="sm-73a">
         <name>UARTCharsAvail</name>
         <value>0x20009873</value>
         <object_component_ref idref="oc-149"/>
      </symbol>
      <symbol id="sm-73b">
         <name>UARTCharGetNonBlocking</name>
         <value>0x20009723</value>
         <object_component_ref idref="oc-143"/>
      </symbol>
      <symbol id="sm-73c">
         <name>UARTCharPut</name>
         <value>0x200096ad</value>
         <object_component_ref idref="oc-1f5"/>
      </symbol>
      <symbol id="sm-73d">
         <name>UARTEnable</name>
         <value>0x2000952d</value>
         <object_component_ref idref="oc-185"/>
      </symbol>
      <symbol id="sm-73e">
         <name>UARTIntClear</name>
         <value>0x20009977</value>
         <object_component_ref idref="oc-13d"/>
      </symbol>
      <symbol id="sm-73f">
         <name>UARTIntStatus</name>
         <value>0x200096e9</value>
         <object_component_ref idref="oc-137"/>
      </symbol>
      <symbol id="sm-740">
         <name>UARTFIFOLevelSet</name>
         <value>0x2000988b</value>
         <object_component_ref idref="oc-17f"/>
      </symbol>
      <symbol id="sm-741">
         <name>UARTIntRegister</name>
         <value>0x200096cb</value>
         <object_component_ref idref="oc-173"/>
      </symbol>
      <symbol id="sm-745">
         <name>UtilsDelay</name>
         <value>0x200099dd</value>
         <object_component_ref idref="oc-41c"/>
      </symbol>
      <symbol id="sm-74f">
         <name>CPUcpsie</name>
         <value>0x20009915</value>
         <object_component_ref idref="oc-2da"/>
      </symbol>
      <symbol id="sm-77f">
         <name>vsnprintf</name>
         <value>0x20009231</value>
         <object_component_ref idref="oc-1fb"/>
      </symbol>
      <symbol id="sm-79a">
         <name>memcpy</name>
         <value>0x20008529</value>
         <object_component_ref idref="oc-3d"/>
      </symbol>
      <symbol id="sm-79b">
         <name>__aeabi_memcpy</name>
         <value>0x20008529</value>
         <object_component_ref idref="oc-3d"/>
      </symbol>
      <symbol id="sm-79c">
         <name>__aeabi_memcpy8</name>
         <value>0x20008529</value>
         <object_component_ref idref="oc-3d"/>
      </symbol>
      <symbol id="sm-79d">
         <name>__aeabi_memcpy4</name>
         <value>0x20008529</value>
         <object_component_ref idref="oc-3d"/>
      </symbol>
      <symbol id="sm-7aa">
         <name>__aeabi_uldivmod</name>
         <value>0x200085c5</value>
         <object_component_ref idref="oc-507"/>
      </symbol>
      <symbol id="sm-7be">
         <name>__TI_zero_init_nomemset</name>
         <value>0x2000973f</value>
         <object_component_ref idref="oc-49"/>
      </symbol>
      <symbol id="sm-7d5">
         <name>__TI_decompress_none</name>
         <value>0x2000999b</value>
         <object_component_ref idref="oc-1b"/>
      </symbol>
      <symbol id="sm-7f8">
         <name>__TI_decompress_lzss</name>
         <value>0x20008cb5</value>
         <object_component_ref idref="oc-15"/>
      </symbol>
      <symbol id="sm-809">
         <name>memmove</name>
         <value>0x200094e1</value>
         <object_component_ref idref="oc-207"/>
      </symbol>
      <symbol id="sm-8a7">
         <name>_sys_memory</name>
         <value>0x20017000</value>
         <object_component_ref idref="oc-23"/>
      </symbol>
      <symbol id="sm-8a8">
         <name>free</name>
         <value>0x20007d95</value>
         <object_component_ref idref="oc-219"/>
      </symbol>
      <symbol id="sm-8a9">
         <name>realloc</name>
         <value>0x20007e79</value>
         <object_component_ref idref="oc-213"/>
      </symbol>
      <symbol id="sm-8aa">
         <name>memalign</name>
         <value>0x20007b99</value>
         <object_component_ref idref="oc-3bb"/>
      </symbol>
      <symbol id="sm-8ab">
         <name>malloc</name>
         <value>0x200099d5</value>
         <object_component_ref idref="oc-20d"/>
      </symbol>
      <symbol id="sm-8ac">
         <name>aligned_alloc</name>
         <value>0x20007b99</value>
         <object_component_ref idref="oc-3bb"/>
      </symbol>
      <symbol id="sm-8ba">
         <name>strlen</name>
         <value>0x20009951</value>
         <object_component_ref idref="oc-201"/>
      </symbol>
      <symbol id="sm-8cc">
         <name>__stack</name>
         <value>0x2002f800</value>
         <object_component_ref idref="oc-26"/>
      </symbol>
      <symbol id="sm-8cd">
         <name>_c_int00_noargs</name>
         <value>0x20009551</value>
         <object_component_ref idref="oc-5b"/>
      </symbol>
      <symbol id="sm-a32">
         <name>__TI_printfi</name>
         <value>0x20004e81</value>
         <object_component_ref idref="oc-399"/>
      </symbol>
      <symbol id="sm-a3c">
         <name>__aeabi_idiv0</name>
         <value>0x200073b3</value>
         <object_component_ref idref="oc-586"/>
      </symbol>
      <symbol id="sm-a3d">
         <name>__aeabi_ldiv0</name>
         <value>0x200073b3</value>
         <object_component_ref idref="oc-586"/>
      </symbol>
      <symbol id="sm-a54">
         <name>__aeabi_dsub</name>
         <value>0x200071fd</value>
         <object_component_ref idref="oc-52d"/>
      </symbol>
      <symbol id="sm-a55">
         <name>__aeabi_dadd</name>
         <value>0x20007207</value>
         <object_component_ref idref="oc-52d"/>
      </symbol>
      <symbol id="sm-a77">
         <name>__aeabi_cdcmpeq</name>
         <value>0x20008801</value>
         <object_component_ref idref="oc-48d"/>
      </symbol>
      <symbol id="sm-a78">
         <name>__aeabi_cdcmple</name>
         <value>0x20008801</value>
         <object_component_ref idref="oc-48d"/>
      </symbol>
      <symbol id="sm-a79">
         <name>__aeabi_cdrcmple</name>
         <value>0x20008887</value>
         <object_component_ref idref="oc-518"/>
      </symbol>
      <symbol id="sm-a8d">
         <name>__aeabi_ddiv</name>
         <value>0x20007941</value>
         <object_component_ref idref="oc-513"/>
      </symbol>
      <symbol id="sm-a98">
         <name>__aeabi_dmul</name>
         <value>0x20007c99</value>
         <object_component_ref idref="oc-50e"/>
      </symbol>
      <symbol id="sm-aa2">
         <name>__aeabi_d2iz</name>
         <value>0x20009099</value>
         <object_component_ref idref="oc-51d"/>
      </symbol>
      <symbol id="sm-aac">
         <name>__aeabi_i2d</name>
         <value>0x200093b5</value>
         <object_component_ref idref="oc-528"/>
      </symbol>
      <symbol id="sm-abb">
         <name>__aeabi_memset</name>
         <value>0x20008a0f</value>
         <object_component_ref idref="oc-8b"/>
      </symbol>
      <symbol id="sm-abc">
         <name>memset</name>
         <value>0x20008a15</value>
         <object_component_ref idref="oc-8b"/>
      </symbol>
      <symbol id="sm-abd">
         <name>__aeabi_memset8</name>
         <value>0x20008a0f</value>
         <object_component_ref idref="oc-8b"/>
      </symbol>
      <symbol id="sm-abe">
         <name>__aeabi_memset4</name>
         <value>0x20008a0f</value>
         <object_component_ref idref="oc-8b"/>
      </symbol>
      <symbol id="sm-abf">
         <name>__aeabi_memclr8</name>
         <value>0x20008a0d</value>
         <object_component_ref idref="oc-8b"/>
      </symbol>
      <symbol id="sm-ac0">
         <name>__aeabi_memclr4</name>
         <value>0x20008a0d</value>
         <object_component_ref idref="oc-8b"/>
      </symbol>
      <symbol id="sm-ac1">
         <name>__aeabi_memclr</name>
         <value>0x20008a0d</value>
         <object_component_ref idref="oc-8b"/>
      </symbol>
      <symbol id="sm-ae9">
         <name>__TI_auto_init_nobinit_nopinit</name>
         <value>0x200091ad</value>
         <object_component_ref idref="oc-1b3"/>
      </symbol>
      <symbol id="sm-af3">
         <name>_system_pre_init</name>
         <value>0x200099e3</value>
         <object_component_ref idref="oc-91"/>
      </symbol>
      <symbol id="sm-aff">
         <name>C$$EXIT</name>
         <value>0x200099e7</value>
         <object_component_ref idref="oc-1a7"/>
      </symbol>
      <symbol id="sm-b00">
         <name>abort</name>
         <value>0x200099e7</value>
         <object_component_ref idref="oc-1a7"/>
      </symbol>
      <symbol id="sm-b15">
         <name>_nop</name>
         <value>0x200067b3</value>
         <object_component_ref idref="oc-460"/>
      </symbol>
      <symbol id="sm-b16">
         <name>_lock</name>
         <value>0x20017a14</value>
         <object_component_ref idref="oc-376"/>
      </symbol>
      <symbol id="sm-b17">
         <name>_unlock</name>
         <value>0x20017a18</value>
         <object_component_ref idref="oc-376"/>
      </symbol>
      <symbol id="sm-b26">
         <name>__TI_ltoa</name>
         <value>0x20008e7d</value>
         <object_component_ref idref="oc-522"/>
      </symbol>
      <symbol id="sm-b3d">
         <name>atoi</name>
         <value>0x20008fbd</value>
         <object_component_ref idref="oc-481"/>
      </symbol>
      <symbol id="sm-b48">
         <name>_ctypes_</name>
         <value>0x2000aee8</value>
         <object_component_ref idref="oc-502"/>
      </symbol>
      <symbol id="sm-b58">
         <name>memccpy</name>
         <value>0x20009779</value>
         <object_component_ref idref="oc-4aa"/>
      </symbol>
      <symbol id="sm-b68">
         <name>strchr</name>
         <value>0x200098ff</value>
         <object_component_ref idref="oc-559"/>
      </symbol>
      <symbol id="sm-b7e">
         <name>__aeabi_errno_addr</name>
         <value>0x200099cd</value>
         <object_component_ref idref="oc-4b6"/>
      </symbol>
      <symbol id="sm-b7f">
         <name>errno</name>
         <value>0x20017a24</value>
         <object_component_ref idref="oc-569"/>
      </symbol>
      <symbol id="sm-b98">
         <name>wcslen</name>
         <value>0x20009989</value>
         <object_component_ref idref="oc-4b0"/>
      </symbol>
      <symbol id="sm-bb8">
         <name>frexpl</name>
         <value>0x20008d1d</value>
         <object_component_ref idref="oc-54d"/>
      </symbol>
      <symbol id="sm-bb9">
         <name>frexp</name>
         <value>0x20008d1d</value>
         <object_component_ref idref="oc-54d"/>
      </symbol>
      <symbol id="sm-bd7">
         <name>scalbn</name>
         <value>0x2000802d</value>
         <object_component_ref idref="oc-553"/>
      </symbol>
      <symbol id="sm-bd8">
         <name>scalbnl</name>
         <value>0x2000802d</value>
         <object_component_ref idref="oc-553"/>
      </symbol>
      <symbol id="sm-bd9">
         <name>ldexpl</name>
         <value>0x2000802d</value>
         <object_component_ref idref="oc-553"/>
      </symbol>
      <symbol id="sm-bda">
         <name>ldexp</name>
         <value>0x2000802d</value>
         <object_component_ref idref="oc-553"/>
      </symbol>
      <symbol id="sm-be4">
         <name>copysign</name>
         <value>0x200099b7</value>
         <object_component_ref idref="oc-59f"/>
      </symbol>
      <symbol id="sm-be5">
         <name>copysignl</name>
         <value>0x200099b7</value>
         <object_component_ref idref="oc-59f"/>
      </symbol>
      <symbol id="sm-be6">
         <name>__TI_static_base__</name>
         <value>0x2000b2f0</value>
      </symbol>
      <symbol id="sm-be9">
         <name>__mpu_init</name>
         <value>0x0</value>
      </symbol>
      <symbol id="sm-bea">
         <name>_system_post_cinit</name>
         <value>0x0</value>
      </symbol>
   </symbol_table>
   <title>Link successful</title>
</link_info>
